108.162.219.249 - - [31/Jul/2013:17:23:44 +0100] "GET / HTTP/1.1" 200 6505 "-" "Pingdom.com_bot_version_1.4_(http://www.pingdom.com)"
173.245.53.230 - - [31/Jul/2013:17:24:44 +0100] "GET / HTTP/1.1" 200 6505 "-" "Pingdom.com_bot_version_1.4_(http://www.pingdom.com)"
173.245.53.29 - - [31/Jul/2013:17:25:44 +0100] "GET / HTTP/1.1" 200 6505 "-" "Pingdom.com_bot_version_1.4_(http://www.pingdom.com)"
141.101.80.201 - - [31/Jul/2013:17:26:16 +0100] "GET /atom.xml HTTP/1.1" 304 0 "-" "Feedfetcher-Google; (+http://www.google.com/feedfetcher.html; 2 subscribers; feed-id=2726769886677593079)"
173.245.53.64 - - [31/Jul/2013:17:26:44 +0100] "GET / HTTP/1.1" 200 6505 "-" "Pingdom.com_bot_version_1.4_(http://www.pingdom.com)"
108.162.229.8 - - [31/Jul/2013:17:27:45 +0100] "GET / HTTP/1.1" 200 6505 "-" "Pingdom.com_bot_version_1.4_(http://www.pingdom.com)"
108.162.237.214 - - [31/Jul/2013:17:28:44 +0100] "GET / HTTP/1.1" 200 6505 "-" "Pingdom.com_bot_version_1.4_(http://www.pingdom.com)"
108.162.215.127 - - [31/Jul/2013:17:29:45 +0100] "GET / HTTP/1.1" 200 6505 "-" "Pingdom.com_bot_version_1.4_(http://www.pingdom.com)"
108.162.219.128 - - [31/Jul/2013:17:30:44 +0100] "GET / HTTP/1.1" 200 6505 "-" "Pingdom.com_bot_version_1.4_(http://www.pingdom.com)"
108.162.219.130 - - [31/Jul/2013:17:31:44 +0100] "GET / HTTP/1.1" 200 6505 "-" "Pingdom.com_bot_version_1.4_(http://www.pingdom.com)"
141.101.93.233 - - [31/Jul/2013:17:32:27 +0100] "GET / HTTP/1.1" 200 6505 "-" "Mozilla/5.0 (Macintosh; Intel Mac OS X 10_8_4) AppleWebKit/537.36 (KHTML, like Gecko) Chrome/28.0.1500.71 Safari/537.36"
141.101.93.196 - - [31/Jul/2013:17:32:27 +0100] "GET /fancybox/jquery.fancybox.css HTTP/1.1" 404 198 "http://carmo.org.uk/" "Mozilla/5.0 (Macintosh; Intel Mac OS X 10_8_4) AppleWebKit/537.36 (KHTML, like Gecko) Chrome/28.0.1500.71 Safari/537.36"
141.101.93.230 - - [31/Jul/2013:17:32:27 +0100] "GET /stylesheets/screen.css HTTP/1.1" 200 29268 "http://carmo.org.uk/" "Mozilla/5.0 (Macintosh; Intel Mac OS X 10_8_4) AppleWebKit/537.36 (KHTML, like Gecko) Chrome/28.0.1500.71 Safari/537.36"
141.101.93.233 - - [31/Jul/2013:17:32:29 +0100] "GET /font/fontawesome-webfont.woff HTTP/1.1" 200 23416 "http://carmo.org.uk/" "Mozilla/5.0 (Macintosh; Intel Mac OS X 10_8_4) AppleWebKit/537.36 (KHTML, like Gecko) Chrome/28.0.1500.71 Safari/537.36"
141.101.93.232 - - [31/Jul/2013:17:32:33 +0100] "GET /favicon.png HTTP/1.1" 200 957 "-" "Mozilla/5.0 (Macintosh; Intel Mac OS X 10_8_4) AppleWebKit/537.36 (KHTML, like Gecko) Chrome/28.0.1500.71 Safari/537.36"
141.101.93.232 - - [31/Jul/2013:17:32:40 +0100] "GET /javascripts/slash.js HTTP/1.1" 200 1786 "http://carmo.org.uk/" "Mozilla/5.0 (Macintosh; Intel Mac OS X 10_8_4) AppleWebKit/537.36 (KHTML, like Gecko) Chrome/28.0.1500.71 Safari/537.36"
173.245.49.239 - - [31/Jul/2013:17:32:46 +0100] "GET / HTTP/1.1" 200 6505 "-" "Pingdom.com_bot_version_1.4_(http://www.pingdom.com)"
108.162.219.249 - - [31/Jul/2013:17:33:44 +0100] "GET / HTTP/1.1" 200 6505 "-" "Pingdom.com_bot_version_1.4_(http://www.pingdom.com)"
173.245.53.230 - - [31/Jul/2013:17:34:44 +0100] "GET / HTTP/1.1" 200 6505 "-" "Pingdom.com_bot_version_1.4_(http://www.pingdom.com)"
173.245.53.29 - - [31/Jul/2013:17:35:44 +0100] "GET / HTTP/1.1" 200 6505 "-" "Pingdom.com_bot_version_1.4_(http://www.pingdom.com)"
173.245.53.64 - - [31/Jul/2013:17:36:44 +0100] "GET / HTTP/1.1" 200 6505 "-" "Pingdom.com_bot_version_1.4_(http://www.pingdom.com)"
108.162.229.8 - - [31/Jul/2013:17:37:44 +0100] "GET / HTTP/1.1" 200 6505 "-" "Pingdom.com_bot_version_1.4_(http://www.pingdom.com)"
108.162.237.214 - - [31/Jul/2013:17:38:44 +0100] "GET / HTTP/1.1" 200 6505 "-" "Pingdom.com_bot_version_1.4_(http://www.pingdom.com)"
108.162.215.127 - - [31/Jul/2013:17:39:44 +0100] "GET / HTTP/1.1" 200 6505 "-" "Pingdom.com_bot_version_1.4_(http://www.pingdom.com)"
108.162.219.128 - - [31/Jul/2013:17:40:44 +0100] "GET / HTTP/1.1" 200 6505 "-" "Pingdom.com_bot_version_1.4_(http://www.pingdom.com)"
108.162.219.130 - - [31/Jul/2013:17:41:44 +0100] "GET / HTTP/1.1" 200 6505 "-" "Pingdom.com_bot_version_1.4_(http://www.pingdom.com)"
173.245.49.239 - - [31/Jul/2013:17:42:46 +0100] "GET / HTTP/1.1" 200 6505 "-" "Pingdom.com_bot_version_1.4_(http://www.pingdom.com)"
108.162.219.249 - - [31/Jul/2013:17:43:44 +0100] "GET / HTTP/1.1" 200 6505 "-" "Pingdom.com_bot_version_1.4_(http://www.pingdom.com)"
173.245.53.230 - - [31/Jul/2013:17:44:44 +0100] "GET / HTTP/1.1" 200 6505 "-" "Pingdom.com_bot_version_1.4_(http://www.pingdom.com)"
173.245.53.29 - - [31/Jul/2013:17:45:44 +0100] "GET / HTTP/1.1" 200 6505 "-" "Pingdom.com_bot_version_1.4_(http://www.pingdom.com)"
173.245.53.64 - - [31/Jul/2013:17:46:44 +0100] "GET / HTTP/1.1" 200 6505 "-" "Pingdom.com_bot_version_1.4_(http://www.pingdom.com)"
108.162.229.8 - - [31/Jul/2013:17:47:44 +0100] "GET / HTTP/1.1" 200 6505 "-" "Pingdom.com_bot_version_1.4_(http://www.pingdom.com)"
108.162.237.214 - - [31/Jul/2013:17:48:44 +0100] "GET / HTTP/1.1" 200 6505 "-" "Pingdom.com_bot_version_1.4_(http://www.pingdom.com)"
108.162.215.127 - - [31/Jul/2013:17:49:44 +0100] "GET / HTTP/1.1" 200 6505 "-" "Pingdom.com_bot_version_1.4_(http://www.pingdom.com)"
108.162.219.128 - - [31/Jul/2013:17:50:44 +0100] "GET / HTTP/1.1" 200 6505 "-" "Pingdom.com_bot_version_1.4_(http://www.pingdom.com)"
108.162.219.130 - - [31/Jul/2013:17:51:44 +0100] "GET / HTTP/1.1" 200 6505 "-" "Pingdom.com_bot_version_1.4_(http://www.pingdom.com)"
173.245.49.239 - - [31/Jul/2013:17:52:44 +0100] "GET / HTTP/1.1" 200 6505 "-" "Pingdom.com_bot_version_1.4_(http://www.pingdom.com)"
108.162.219.249 - - [31/Jul/2013:17:53:44 +0100] "GET / HTTP/1.1" 200 6505 "-" "Pingdom.com_bot_version_1.4_(http://www.pingdom.com)"
173.245.53.230 - - [31/Jul/2013:17:54:44 +0100] "GET / HTTP/1.1" 200 6505 "-" "Pingdom.com_bot_version_1.4_(http://www.pingdom.com)"
173.245.53.29 - - [31/Jul/2013:17:55:46 +0100] "GET / HTTP/1.1" 200 6505 "-" "Pingdom.com_bot_version_1.4_(http://www.pingdom.com)"
173.245.53.64 - - [31/Jul/2013:17:56:44 +0100] "GET / HTTP/1.1" 200 6505 "-" "Pingdom.com_bot_version_1.4_(http://www.pingdom.com)"
141.101.98.35 - - [31/Jul/2013:17:57:36 +0100] "GET /robots.txt HTTP/1.1" 200 67 "-" "Mozilla/5.0 (compatible; YandexBot/3.0; +http://yandex.com/bots)"
108.162.229.8 - - [31/Jul/2013:17:57:44 +0100] "GET / HTTP/1.1" 200 6505 "-" "Pingdom.com_bot_version_1.4_(http://www.pingdom.com)"
108.162.237.214 - - [31/Jul/2013:17:58:44 +0100] "GET / HTTP/1.1" 200 6505 "-" "Pingdom.com_bot_version_1.4_(http://www.pingdom.com)"
108.162.215.127 - - [31/Jul/2013:17:59:44 +0100] "GET / HTTP/1.1" 200 6505 "-" "Pingdom.com_bot_version_1.4_(http://www.pingdom.com)"
108.162.219.128 - - [31/Jul/2013:18:00:44 +0100] "GET / HTTP/1.1" 200 6505 "-" "Pingdom.com_bot_version_1.4_(http://www.pingdom.com)"
108.162.219.130 - - [31/Jul/2013:18:01:44 +0100] "GET / HTTP/1.1" 200 6505 "-" "Pingdom.com_bot_version_1.4_(http://www.pingdom.com)"
173.245.49.239 - - [31/Jul/2013:18:02:44 +0100] "GET / HTTP/1.1" 200 6505 "-" "Pingdom.com_bot_version_1.4_(http://www.pingdom.com)"
108.162.219.249 - - [31/Jul/2013:18:03:44 +0100] "GET / HTTP/1.1" 200 6505 "-" "Pingdom.com_bot_version_1.4_(http://www.pingdom.com)"
173.245.53.230 - - [31/Jul/2013:18:04:44 +0100] "GET / HTTP/1.1" 200 6505 "-" "Pingdom.com_bot_version_1.4_(http://www.pingdom.com)"
173.245.53.29 - - [31/Jul/2013:18:05:44 +0100] "GET / HTTP/1.1" 200 6505 "-" "Pingdom.com_bot_version_1.4_(http://www.pingdom.com)"
173.245.53.64 - - [31/Jul/2013:18:06:44 +0100] "GET / HTTP/1.1" 200 6505 "-" "Pingdom.com_bot_version_1.4_(http://www.pingdom.com)"
108.162.229.8 - - [31/Jul/2013:18:07:44 +0100] "GET / HTTP/1.1" 200 6505 "-" "Pingdom.com_bot_version_1.4_(http://www.pingdom.com)"
108.162.237.214 - - [31/Jul/2013:18:08:44 +0100] "GET / HTTP/1.1" 200 6505 "-" "Pingdom.com_bot_version_1.4_(http://www.pingdom.com)"
108.162.215.127 - - [31/Jul/2013:18:09:44 +0100] "GET / HTTP/1.1" 200 6505 "-" "Pingdom.com_bot_version_1.4_(http://www.pingdom.com)"
108.162.219.128 - - [31/Jul/2013:18:10:44 +0100] "GET / HTTP/1.1" 200 6505 "-" "Pingdom.com_bot_version_1.4_(http://www.pingdom.com)"
108.162.219.130 - - [31/Jul/2013:18:11:44 +0100] "GET / HTTP/1.1" 200 6505 "-" "Pingdom.com_bot_version_1.4_(http://www.pingdom.com)"
173.245.49.239 - - [31/Jul/2013:18:12:44 +0100] "GET / HTTP/1.1" 200 6505 "-" "Pingdom.com_bot_version_1.4_(http://www.pingdom.com)"
108.162.219.249 - - [31/Jul/2013:18:13:44 +0100] "GET / HTTP/1.1" 200 6505 "-" "Pingdom.com_bot_version_1.4_(http://www.pingdom.com)"
173.245.53.230 - - [31/Jul/2013:18:14:44 +0100] "GET / HTTP/1.1" 200 6505 "-" "Pingdom.com_bot_version_1.4_(http://www.pingdom.com)"
173.245.53.29 - - [31/Jul/2013:18:15:44 +0100] "GET / HTTP/1.1" 200 6505 "-" "Pingdom.com_bot_version_1.4_(http://www.pingdom.com)"
173.245.53.64 - - [31/Jul/2013:18:16:44 +0100] "GET / HTTP/1.1" 200 6505 "-" "Pingdom.com_bot_version_1.4_(http://www.pingdom.com)"
108.162.229.8 - - [31/Jul/2013:18:17:49 +0100] "GET / HTTP/1.1" 200 6505 "-" "Pingdom.com_bot_version_1.4_(http://www.pingdom.com)"
108.162.237.214 - - [31/Jul/2013:18:18:44 +0100] "GET / HTTP/1.1" 200 6505 "-" "Pingdom.com_bot_version_1.4_(http://www.pingdom.com)"
108.162.215.127 - - [31/Jul/2013:18:19:44 +0100] "GET / HTTP/1.1" 200 6505 "-" "Pingdom.com_bot_version_1.4_(http://www.pingdom.com)"
108.162.219.128 - - [31/Jul/2013:18:20:44 +0100] "GET / HTTP/1.1" 200 6505 "-" "Pingdom.com_bot_version_1.4_(http://www.pingdom.com)"
108.162.219.130 - - [31/Jul/2013:18:21:44 +0100] "GET / HTTP/1.1" 200 6505 "-" "Pingdom.com_bot_version_1.4_(http://www.pingdom.com)"
173.245.49.239 - - [31/Jul/2013:18:22:44 +0100] "GET / HTTP/1.1" 200 6505 "-" "Pingdom.com_bot_version_1.4_(http://www.pingdom.com)"
108.162.219.125 - - [31/Jul/2013:18:22:51 +0100] "GET /blog/categories/development/ HTTP/1.1" 200 2298 "-" "Mozilla/5.0 (compatible; AhrefsBot/4.0; +http://ahrefs.com/robot/)"
108.162.219.249 - - [31/Jul/2013:18:23:44 +0100] "GET / HTTP/1.1" 200 6505 "-" "Pingdom.com_bot_version_1.4_(http://www.pingdom.com)"
173.245.53.230 - - [31/Jul/2013:18:24:44 +0100] "GET / HTTP/1.1" 200 6505 "-" "Pingdom.com_bot_version_1.4_(http://www.pingdom.com)"
173.245.53.29 - - [31/Jul/2013:18:25:44 +0100] "GET / HTTP/1.1" 200 6505 "-" "Pingdom.com_bot_version_1.4_(http://www.pingdom.com)"
173.245.53.64 - - [31/Jul/2013:18:26:44 +0100] "GET / HTTP/1.1" 200 6505 "-" "Pingdom.com_bot_version_1.4_(http://www.pingdom.com)"
108.162.229.8 - - [31/Jul/2013:18:27:45 +0100] "GET / HTTP/1.1" 200 6505 "-" "Pingdom.com_bot_version_1.4_(http://www.pingdom.com)"
141.101.80.201 - - [31/Jul/2013:18:28:36 +0100] "GET /atom.xml HTTP/1.1" 304 0 "-" "Feedfetcher-Google; (+http://www.google.com/feedfetcher.html; 2 subscribers; feed-id=2726769886677593079)"
108.162.237.214 - - [31/Jul/2013:18:28:44 +0100] "GET / HTTP/1.1" 200 6505 "-" "Pingdom.com_bot_version_1.4_(http://www.pingdom.com)"
108.162.215.127 - - [31/Jul/2013:18:29:44 +0100] "GET / HTTP/1.1" 200 6505 "-" "Pingdom.com_bot_version_1.4_(http://www.pingdom.com)"
108.162.219.128 - - [31/Jul/2013:18:30:44 +0100] "GET / HTTP/1.1" 200 6505 "-" "Pingdom.com_bot_version_1.4_(http://www.pingdom.com)"
108.162.219.130 - - [31/Jul/2013:18:31:44 +0100] "GET / HTTP/1.1" 200 6505 "-" "Pingdom.com_bot_version_1.4_(http://www.pingdom.com)"
173.245.49.239 - - [31/Jul/2013:18:32:44 +0100] "GET / HTTP/1.1" 200 6505 "-" "Pingdom.com_bot_version_1.4_(http://www.pingdom.com)"
108.162.219.249 - - [31/Jul/2013:18:33:44 +0100] "GET / HTTP/1.1" 200 6505 "-" "Pingdom.com_bot_version_1.4_(http://www.pingdom.com)"
173.245.53.230 - - [31/Jul/2013:18:34:44 +0100] "GET / HTTP/1.1" 200 6505 "-" "Pingdom.com_bot_version_1.4_(http://www.pingdom.com)"
108.162.226.245 - - [31/Jul/2013:18:35:04 +0100] "GET / HTTP/1.1" 200 6505 "-" "Mozilla/4.0 (compatible; MSIE 8.0; Windows NT 6.1)"
173.245.53.29 - - [31/Jul/2013:18:35:44 +0100] "GET / HTTP/1.1" 200 6505 "-" "Pingdom.com_bot_version_1.4_(http://www.pingdom.com)"
173.245.53.64 - - [31/Jul/2013:18:36:45 +0100] "GET / HTTP/1.1" 200 6505 "-" "Pingdom.com_bot_version_1.4_(http://www.pingdom.com)"
108.162.229.8 - - [31/Jul/2013:18:37:44 +0100] "GET / HTTP/1.1" 200 6505 "-" "Pingdom.com_bot_version_1.4_(http://www.pingdom.com)"
108.162.237.214 - - [31/Jul/2013:18:38:44 +0100] "GET / HTTP/1.1" 200 6505 "-" "Pingdom.com_bot_version_1.4_(http://www.pingdom.com)"
108.162.215.127 - - [31/Jul/2013:18:39:44 +0100] "GET / HTTP/1.1" 200 6505 "-" "Pingdom.com_bot_version_1.4_(http://www.pingdom.com)"
108.162.219.128 - - [31/Jul/2013:18:40:45 +0100] "GET / HTTP/1.1" 200 6505 "-" "Pingdom.com_bot_version_1.4_(http://www.pingdom.com)"
108.162.219.130 - - [31/Jul/2013:18:41:45 +0100] "GET / HTTP/1.1" 200 6505 "-" "Pingdom.com_bot_version_1.4_(http://www.pingdom.com)"
173.245.49.239 - - [31/Jul/2013:18:42:44 +0100] "GET / HTTP/1.1" 200 6505 "-" "Pingdom.com_bot_version_1.4_(http://www.pingdom.com)"
108.162.219.249 - - [31/Jul/2013:18:43:44 +0100] "GET / HTTP/1.1" 200 6505 "-" "Pingdom.com_bot_version_1.4_(http://www.pingdom.com)"
173.245.53.230 - - [31/Jul/2013:18:44:44 +0100] "GET / HTTP/1.1" 200 6505 "-" "Pingdom.com_bot_version_1.4_(http://www.pingdom.com)"
173.245.53.29 - - [31/Jul/2013:18:45:44 +0100] "GET / HTTP/1.1" 200 6505 "-" "Pingdom.com_bot_version_1.4_(http://www.pingdom.com)"
173.245.53.64 - - [31/Jul/2013:18:46:44 +0100] "GET / HTTP/1.1" 200 6505 "-" "Pingdom.com_bot_version_1.4_(http://www.pingdom.com)"
108.162.229.8 - - [31/Jul/2013:18:47:48 +0100] "GET / HTTP/1.1" 200 6505 "-" "Pingdom.com_bot_version_1.4_(http://www.pingdom.com)"
108.162.237.214 - - [31/Jul/2013:18:48:44 +0100] "GET / HTTP/1.1" 200 6505 "-" "Pingdom.com_bot_version_1.4_(http://www.pingdom.com)"
108.162.215.127 - - [31/Jul/2013:18:49:44 +0100] "GET / HTTP/1.1" 200 6505 "-" "Pingdom.com_bot_version_1.4_(http://www.pingdom.com)"
108.162.219.128 - - [31/Jul/2013:18:50:44 +0100] "GET / HTTP/1.1" 200 6505 "-" "Pingdom.com_bot_version_1.4_(http://www.pingdom.com)"
108.162.219.130 - - [31/Jul/2013:18:51:44 +0100] "GET / HTTP/1.1" 200 6505 "-" "Pingdom.com_bot_version_1.4_(http://www.pingdom.com)"
173.245.49.239 - - [31/Jul/2013:18:52:45 +0100] "GET / HTTP/1.1" 200 6505 "-" "Pingdom.com_bot_version_1.4_(http://www.pingdom.com)"
108.162.219.249 - - [31/Jul/2013:18:53:44 +0100] "GET / HTTP/1.1" 200 6505 "-" "Pingdom.com_bot_version_1.4_(http://www.pingdom.com)"
173.245.53.230 - - [31/Jul/2013:18:54:44 +0100] "GET / HTTP/1.1" 200 6505 "-" "Pingdom.com_bot_version_1.4_(http://www.pingdom.com)"
173.245.53.29 - - [31/Jul/2013:18:55:44 +0100] "GET / HTTP/1.1" 200 6505 "-" "Pingdom.com_bot_version_1.4_(http://www.pingdom.com)"
173.245.53.64 - - [31/Jul/2013:18:56:44 +0100] "GET / HTTP/1.1" 200 6505 "-" "Pingdom.com_bot_version_1.4_(http://www.pingdom.com)"
108.162.229.8 - - [31/Jul/2013:18:57:44 +0100] "GET / HTTP/1.1" 200 6505 "-" "Pingdom.com_bot_version_1.4_(http://www.pingdom.com)"
108.162.237.214 - - [31/Jul/2013:18:58:44 +0100] "GET / HTTP/1.1" 200 6505 "-" "Pingdom.com_bot_version_1.4_(http://www.pingdom.com)"
108.162.215.127 - - [31/Jul/2013:18:59:44 +0100] "GET / HTTP/1.1" 200 6505 "-" "Pingdom.com_bot_version_1.4_(http://www.pingdom.com)"
108.162.219.128 - - [31/Jul/2013:19:00:44 +0100] "GET / HTTP/1.1" 200 6505 "-" "Pingdom.com_bot_version_1.4_(http://www.pingdom.com)"
108.162.219.130 - - [31/Jul/2013:19:01:44 +0100] "GET / HTTP/1.1" 200 6505 "-" "Pingdom.com_bot_version_1.4_(http://www.pingdom.com)"
173.245.49.239 - - [31/Jul/2013:19:02:45 +0100] "GET / HTTP/1.1" 200 6505 "-" "Pingdom.com_bot_version_1.4_(http://www.pingdom.com)"
108.162.219.249 - - [31/Jul/2013:19:03:44 +0100] "GET / HTTP/1.1" 200 6505 "-" "Pingdom.com_bot_version_1.4_(http://www.pingdom.com)"
173.245.53.230 - - [31/Jul/2013:19:04:44 +0100] "GET / HTTP/1.1" 200 6505 "-" "Pingdom.com_bot_version_1.4_(http://www.pingdom.com)"
173.245.53.29 - - [31/Jul/2013:19:05:44 +0100] "GET / HTTP/1.1" 200 6505 "-" "Pingdom.com_bot_version_1.4_(http://www.pingdom.com)"
173.245.53.64 - - [31/Jul/2013:19:06:44 +0100] "GET / HTTP/1.1" 200 6505 "-" "Pingdom.com_bot_version_1.4_(http://www.pingdom.com)"
108.162.229.8 - - [31/Jul/2013:19:07:44 +0100] "GET / HTTP/1.1" 200 6505 "-" "Pingdom.com_bot_version_1.4_(http://www.pingdom.com)"
108.162.237.214 - - [31/Jul/2013:19:08:44 +0100] "GET / HTTP/1.1" 200 6505 "-" "Pingdom.com_bot_version_1.4_(http://www.pingdom.com)"
108.162.215.127 - - [31/Jul/2013:19:09:44 +0100] "GET / HTTP/1.1" 200 6505 "-" "Pingdom.com_bot_version_1.4_(http://www.pingdom.com)"
108.162.219.128 - - [31/Jul/2013:19:10:44 +0100] "GET / HTTP/1.1" 200 6505 "-" "Pingdom.com_bot_version_1.4_(http://www.pingdom.com)"
108.162.219.130 - - [31/Jul/2013:19:11:44 +0100] "GET / HTTP/1.1" 200 6505 "-" "Pingdom.com_bot_version_1.4_(http://www.pingdom.com)"
173.245.49.239 - - [31/Jul/2013:19:12:44 +0100] "GET / HTTP/1.1" 200 6505 "-" "Pingdom.com_bot_version_1.4_(http://www.pingdom.com)"
108.162.219.249 - - [31/Jul/2013:19:13:44 +0100] "GET / HTTP/1.1" 200 6505 "-" "Pingdom.com_bot_version_1.4_(http://www.pingdom.com)"
173.245.53.230 - - [31/Jul/2013:19:14:44 +0100] "GET / HTTP/1.1" 200 6505 "-" "Pingdom.com_bot_version_1.4_(http://www.pingdom.com)"
173.245.53.29 - - [31/Jul/2013:19:15:44 +0100] "GET / HTTP/1.1" 200 6505 "-" "Pingdom.com_bot_version_1.4_(http://www.pingdom.com)"
173.245.53.64 - - [31/Jul/2013:19:16:44 +0100] "GET / HTTP/1.1" 200 6505 "-" "Pingdom.com_bot_version_1.4_(http://www.pingdom.com)"
108.162.229.8 - - [31/Jul/2013:19:17:46 +0100] "GET / HTTP/1.1" 200 6505 "-" "Pingdom.com_bot_version_1.4_(http://www.pingdom.com)"
108.162.237.214 - - [31/Jul/2013:19:18:44 +0100] "GET / HTTP/1.1" 200 6505 "-" "Pingdom.com_bot_version_1.4_(http://www.pingdom.com)"
108.162.215.127 - - [31/Jul/2013:19:19:44 +0100] "GET / HTTP/1.1" 200 6505 "-" "Pingdom.com_bot_version_1.4_(http://www.pingdom.com)"
108.162.219.128 - - [31/Jul/2013:19:20:44 +0100] "GET / HTTP/1.1" 200 6505 "-" "Pingdom.com_bot_version_1.4_(http://www.pingdom.com)"
108.162.219.130 - - [31/Jul/2013:19:21:44 +0100] "GET / HTTP/1.1" 200 6505 "-" "Pingdom.com_bot_version_1.4_(http://www.pingdom.com)"
173.245.49.239 - - [31/Jul/2013:19:22:44 +0100] "GET / HTTP/1.1" 200 6505 "-" "Pingdom.com_bot_version_1.4_(http://www.pingdom.com)"
108.162.219.249 - - [31/Jul/2013:19:23:44 +0100] "GET / HTTP/1.1" 200 6505 "-" "Pingdom.com_bot_version_1.4_(http://www.pingdom.com)"
173.245.53.230 - - [31/Jul/2013:19:24:44 +0100] "GET / HTTP/1.1" 200 6505 "-" "Pingdom.com_bot_version_1.4_(http://www.pingdom.com)"
173.245.53.29 - - [31/Jul/2013:19:25:44 +0100] "GET / HTTP/1.1" 200 6505 "-" "Pingdom.com_bot_version_1.4_(http://www.pingdom.com)"
173.245.53.64 - - [31/Jul/2013:19:26:44 +0100] "GET / HTTP/1.1" 200 6505 "-" "Pingdom.com_bot_version_1.4_(http://www.pingdom.com)"
108.162.229.8 - - [31/Jul/2013:19:27:44 +0100] "GET / HTTP/1.1" 200 6505 "-" "Pingdom.com_bot_version_1.4_(http://www.pingdom.com)"
108.162.237.214 - - [31/Jul/2013:19:28:44 +0100] "GET / HTTP/1.1" 200 6505 "-" "Pingdom.com_bot_version_1.4_(http://www.pingdom.com)"
108.162.215.127 - - [31/Jul/2013:19:29:44 +0100] "GET / HTTP/1.1" 200 6505 "-" "Pingdom.com_bot_version_1.4_(http://www.pingdom.com)"
108.162.219.128 - - [31/Jul/2013:19:30:44 +0100] "GET / HTTP/1.1" 200 6505 "-" "Pingdom.com_bot_version_1.4_(http://www.pingdom.com)"
108.162.219.130 - - [31/Jul/2013:19:31:44 +0100] "GET / HTTP/1.1" 200 6505 "-" "Pingdom.com_bot_version_1.4_(http://www.pingdom.com)"
173.245.49.239 - - [31/Jul/2013:19:32:44 +0100] "GET / HTTP/1.1" 200 6505 "-" "Pingdom.com_bot_version_1.4_(http://www.pingdom.com)"
108.162.219.249 - - [31/Jul/2013:19:33:44 +0100] "GET / HTTP/1.1" 200 6505 "-" "Pingdom.com_bot_version_1.4_(http://www.pingdom.com)"
173.245.53.230 - - [31/Jul/2013:19:34:44 +0100] "GET / HTTP/1.1" 200 6505 "-" "Pingdom.com_bot_version_1.4_(http://www.pingdom.com)"
141.101.80.201 - - [31/Jul/2013:19:34:56 +0100] "GET /atom.xml HTTP/1.1" 304 0 "-" "Feedfetcher-Google; (+http://www.google.com/feedfetcher.html; 2 subscribers; feed-id=2726769886677593079)"
173.245.53.29 - - [31/Jul/2013:19:35:44 +0100] "GET / HTTP/1.1" 200 6505 "-" "Pingdom.com_bot_version_1.4_(http://www.pingdom.com)"
108.162.231.11 - - [31/Jul/2013:19:35:56 +0100] "GET / HTTP/1.1" 200 6505 "-" "Mozilla/5.0 (X11; Ubuntu; Linux x86_64; rv:22.0) Gecko/20100101 Firefox/22.0"
108.162.231.15 - - [31/Jul/2013:19:35:57 +0100] "GET /favicon.ico HTTP/1.1" 404 142 "-" "Mozilla/5.0 (X11; Ubuntu; Linux x86_64; rv:22.0) Gecko/20100101 Firefox/22.0"
108.162.231.12 - - [31/Jul/2013:19:35:58 +0100] "GET /fancybox/jquery.fancybox.css HTTP/1.1" 404 142 "http://carmo.org.uk/" "Mozilla/5.0 (X11; Ubuntu; Linux x86_64; rv:22.0) Gecko/20100101 Firefox/22.0"
108.162.231.12 - - [31/Jul/2013:19:35:58 +0100] "GET /stylesheets/screen.css HTTP/1.1" 200 29268 "http://carmo.org.uk/" "Mozilla/5.0 (X11; Ubuntu; Linux x86_64; rv:22.0) Gecko/20100101 Firefox/22.0"
108.162.231.13 - - [31/Jul/2013:19:35:58 +0100] "GET /favicon.png HTTP/1.1" 200 957 "-" "Mozilla/5.0 (X11; Ubuntu; Linux x86_64; rv:22.0) Gecko/20100101 Firefox/22.0"
108.162.231.30 - - [31/Jul/2013:19:35:58 +0100] "GET /fancybox/jquery.fancybox.pack.js HTTP/1.1" 404 142 "http://carmo.org.uk/" "Mozilla/5.0 (X11; Ubuntu; Linux x86_64; rv:22.0) Gecko/20100101 Firefox/22.0"
108.162.231.11 - - [31/Jul/2013:19:35:59 +0100] "GET /font/fontawesome-webfont.woff HTTP/1.1" 200 23416 "http://carmo.org.uk/stylesheets/screen.css" "Mozilla/5.0 (X11; Ubuntu; Linux x86_64; rv:22.0) Gecko/20100101 Firefox/22.0"
108.162.231.31 - - [31/Jul/2013:19:36:00 +0100] "GET /javascripts/slash.js HTTP/1.1" 200 1786 "http://carmo.org.uk/" "Mozilla/5.0 (X11; Ubuntu; Linux x86_64; rv:22.0) Gecko/20100101 Firefox/22.0"
108.162.231.33 - - [31/Jul/2013:19:36:00 +0100] "GET /javascripts/jquery.fancybox.pack.js HTTP/1.1" 200 17638 "http://carmo.org.uk/" "Mozilla/5.0 (X11; Ubuntu; Linux x86_64; rv:22.0) Gecko/20100101 Firefox/22.0"
108.162.231.11 - - [31/Jul/2013:19:36:00 +0100] "GET /font/fontawesome-webfont.woff HTTP/1.1" 200 23416 "http://carmo.org.uk/stylesheets/screen.css" "Mozilla/5.0 (X11; Ubuntu; Linux x86_64; rv:22.0) Gecko/20100101 Firefox/22.0"
173.245.53.64 - - [31/Jul/2013:19:36:44 +0100] "GET / HTTP/1.1" 200 6505 "-" "Pingdom.com_bot_version_1.4_(http://www.pingdom.com)"
108.162.229.8 - - [31/Jul/2013:19:37:44 +0100] "GET / HTTP/1.1" 200 6505 "-" "Pingdom.com_bot_version_1.4_(http://www.pingdom.com)"
108.162.237.214 - - [31/Jul/2013:19:38:44 +0100] "GET / HTTP/1.1" 200 6505 "-" "Pingdom.com_bot_version_1.4_(http://www.pingdom.com)"
108.162.215.127 - - [31/Jul/2013:19:39:44 +0100] "GET / HTTP/1.1" 200 6505 "-" "Pingdom.com_bot_version_1.4_(http://www.pingdom.com)"
108.162.219.128 - - [31/Jul/2013:19:40:44 +0100] "GET / HTTP/1.1" 200 6505 "-" "Pingdom.com_bot_version_1.4_(http://www.pingdom.com)"
108.162.219.130 - - [31/Jul/2013:19:41:44 +0100] "GET / HTTP/1.1" 200 6505 "-" "Pingdom.com_bot_version_1.4_(http://www.pingdom.com)"
173.245.49.239 - - [31/Jul/2013:19:42:44 +0100] "GET / HTTP/1.1" 200 6505 "-" "Pingdom.com_bot_version_1.4_(http://www.pingdom.com)"
108.162.219.249 - - [31/Jul/2013:19:43:44 +0100] "GET / HTTP/1.1" 200 6505 "-" "Pingdom.com_bot_version_1.4_(http://www.pingdom.com)"
173.245.53.230 - - [31/Jul/2013:19:44:44 +0100] "GET / HTTP/1.1" 200 6505 "-" "Pingdom.com_bot_version_1.4_(http://www.pingdom.com)"
173.245.53.29 - - [31/Jul/2013:19:45:44 +0100] "GET / HTTP/1.1" 200 6505 "-" "Pingdom.com_bot_version_1.4_(http://www.pingdom.com)"
173.245.53.64 - - [31/Jul/2013:19:46:44 +0100] "GET / HTTP/1.1" 200 6505 "-" "Pingdom.com_bot_version_1.4_(http://www.pingdom.com)"
108.162.229.8 - - [31/Jul/2013:19:47:44 +0100] "GET / HTTP/1.1" 200 6505 "-" "Pingdom.com_bot_version_1.4_(http://www.pingdom.com)"
108.162.237.214 - - [31/Jul/2013:19:48:44 +0100] "GET / HTTP/1.1" 200 6505 "-" "Pingdom.com_bot_version_1.4_(http://www.pingdom.com)"
108.162.215.127 - - [31/Jul/2013:19:49:44 +0100] "GET / HTTP/1.1" 200 6505 "-" "Pingdom.com_bot_version_1.4_(http://www.pingdom.com)"
108.162.219.128 - - [31/Jul/2013:19:50:44 +0100] "GET / HTTP/1.1" 200 6505 "-" "Pingdom.com_bot_version_1.4_(http://www.pingdom.com)"
108.162.219.130 - - [31/Jul/2013:19:51:44 +0100] "GET / HTTP/1.1" 200 6505 "-" "Pingdom.com_bot_version_1.4_(http://www.pingdom.com)"
173.245.49.239 - - [31/Jul/2013:19:52:44 +0100] "GET / HTTP/1.1" 200 6505 "-" "Pingdom.com_bot_version_1.4_(http://www.pingdom.com)"
108.162.219.249 - - [31/Jul/2013:19:53:44 +0100] "GET / HTTP/1.1" 200 6505 "-" "Pingdom.com_bot_version_1.4_(http://www.pingdom.com)"
173.245.53.230 - - [31/Jul/2013:19:54:44 +0100] "GET / HTTP/1.1" 200 6505 "-" "Pingdom.com_bot_version_1.4_(http://www.pingdom.com)"
173.245.53.29 - - [31/Jul/2013:19:55:44 +0100] "GET / HTTP/1.1" 200 6505 "-" "Pingdom.com_bot_version_1.4_(http://www.pingdom.com)"
173.245.53.64 - - [31/Jul/2013:19:56:44 +0100] "GET / HTTP/1.1" 200 6505 "-" "Pingdom.com_bot_version_1.4_(http://www.pingdom.com)"
108.162.229.8 - - [31/Jul/2013:19:57:44 +0100] "GET / HTTP/1.1" 200 6505 "-" "Pingdom.com_bot_version_1.4_(http://www.pingdom.com)"
108.162.237.214 - - [31/Jul/2013:19:58:45 +0100] "GET / HTTP/1.1" 200 6505 "-" "Pingdom.com_bot_version_1.4_(http://www.pingdom.com)"
108.162.215.127 - - [31/Jul/2013:19:59:44 +0100] "GET / HTTP/1.1" 200 6505 "-" "Pingdom.com_bot_version_1.4_(http://www.pingdom.com)"
108.162.219.128 - - [31/Jul/2013:20:00:44 +0100] "GET / HTTP/1.1" 200 6505 "-" "Pingdom.com_bot_version_1.4_(http://www.pingdom.com)"
108.162.219.130 - - [31/Jul/2013:20:01:44 +0100] "GET / HTTP/1.1" 200 6505 "-" "Pingdom.com_bot_version_1.4_(http://www.pingdom.com)"
173.245.49.239 - - [31/Jul/2013:20:02:44 +0100] "GET / HTTP/1.1" 200 6505 "-" "Pingdom.com_bot_version_1.4_(http://www.pingdom.com)"
108.162.215.223 - - [31/Jul/2013:20:03:13 +0100] "GET / HTTP/1.1" 200 6505 "-" "Mozilla/5.0 (Macintosh; Intel Mac OS X 10_8_4) AppleWebKit/537.36 (KHTML, like Gecko) Chrome/30.0.1573.2 Safari/537.36"
173.245.48.129 - - [31/Jul/2013:20:03:14 +0100] "GET /fancybox/jquery.fancybox.css HTTP/1.1" 404 198 "http://carmo.org.uk/" "Mozilla/5.0 (Macintosh; Intel Mac OS X 10_8_4) AppleWebKit/537.36 (KHTML, like Gecko) Chrome/30.0.1573.2 Safari/537.36"
108.162.215.127 - - [31/Jul/2013:20:03:14 +0100] "GET /stylesheets/screen.css HTTP/1.1" 200 29268 "http://carmo.org.uk/" "Mozilla/5.0 (Macintosh; Intel Mac OS X 10_8_4) AppleWebKit/537.36 (KHTML, like Gecko) Chrome/30.0.1573.2 Safari/537.36"
173.245.48.125 - - [31/Jul/2013:20:03:15 +0100] "GET /fancybox/jquery.fancybox.pack.js HTTP/1.1" 404 198 "http://carmo.org.uk/" "Mozilla/5.0 (Macintosh; Intel Mac OS X 10_8_4) AppleWebKit/537.36 (KHTML, like Gecko) Chrome/30.0.1573.2 Safari/537.36"
173.245.48.126 - - [31/Jul/2013:20:03:15 +0100] "GET /font/fontawesome-webfont.woff HTTP/1.1" 200 23416 "http://carmo.org.uk/" "Mozilla/5.0 (Macintosh; Intel Mac OS X 10_8_4) AppleWebKit/537.36 (KHTML, like Gecko) Chrome/30.0.1573.2 Safari/537.36"
108.162.215.126 - - [31/Jul/2013:20:03:16 +0100] "GET /javascripts/slash.js HTTP/1.1" 200 1786 "http://carmo.org.uk/" "Mozilla/5.0 (Macintosh; Intel Mac OS X 10_8_4) AppleWebKit/537.36 (KHTML, like Gecko) Chrome/30.0.1573.2 Safari/537.36"
108.162.215.125 - - [31/Jul/2013:20:03:16 +0100] "GET /javascripts/jquery.fancybox.pack.js HTTP/1.1" 200 17638 "http://carmo.org.uk/" "Mozilla/5.0 (Macintosh; Intel Mac OS X 10_8_4) AppleWebKit/537.36 (KHTML, like Gecko) Chrome/30.0.1573.2 Safari/537.36"
108.162.219.249 - - [31/Jul/2013:20:03:44 +0100] "GET / HTTP/1.1" 200 6505 "-" "Pingdom.com_bot_version_1.4_(http://www.pingdom.com)"
173.245.53.230 - - [31/Jul/2013:20:04:44 +0100] "GET / HTTP/1.1" 200 6505 "-" "Pingdom.com_bot_version_1.4_(http://www.pingdom.com)"
173.245.53.29 - - [31/Jul/2013:20:05:44 +0100] "GET / HTTP/1.1" 200 6505 "-" "Pingdom.com_bot_version_1.4_(http://www.pingdom.com)"
173.245.53.64 - - [31/Jul/2013:20:06:44 +0100] "GET / HTTP/1.1" 200 6505 "-" "Pingdom.com_bot_version_1.4_(http://www.pingdom.com)"
173.245.49.247 - - [31/Jul/2013:20:07:44 +0100] "GET / HTTP/1.1" 200 6505 "-" "Pingdom.com_bot_version_1.4_(http://www.pingdom.com)"
199.27.128.127 - - [31/Jul/2013:20:08:01 +0100] "GET /atom.xml HTTP/1.1" 304 0 "-" "Feedly/1.0 (+http://www.feedly.com/fetcher.html; like FeedFetcher-Google)"
108.162.237.214 - - [31/Jul/2013:20:08:44 +0100] "GET / HTTP/1.1" 200 6505 "-" "Pingdom.com_bot_version_1.4_(http://www.pingdom.com)"
108.162.215.127 - - [31/Jul/2013:20:09:44 +0100] "GET / HTTP/1.1" 200 6505 "-" "Pingdom.com_bot_version_1.4_(http://www.pingdom.com)"
108.162.219.128 - - [31/Jul/2013:20:10:44 +0100] "GET / HTTP/1.1" 200 6505 "-" "Pingdom.com_bot_version_1.4_(http://www.pingdom.com)"
108.162.219.130 - - [31/Jul/2013:20:11:44 +0100] "GET / HTTP/1.1" 200 6505 "-" "Pingdom.com_bot_version_1.4_(http://www.pingdom.com)"
173.245.49.239 - - [31/Jul/2013:20:12:44 +0100] "GET / HTTP/1.1" 200 6505 "-" "Pingdom.com_bot_version_1.4_(http://www.pingdom.com)"
108.162.219.249 - - [31/Jul/2013:20:13:45 +0100] "GET / HTTP/1.1" 200 6505 "-" "Pingdom.com_bot_version_1.4_(http://www.pingdom.com)"
199.27.128.126 - - [31/Jul/2013:20:14:42 +0100] "GET /atom.xml HTTP/1.1" 304 0 "-" "Digg Feed Fetcher 1.0 (Mozilla/5.0 (Macintosh; Intel Mac OS X 10_7_1) AppleWebKit/534.48.3 (KHTML, like Gecko) Version/5.1 Safari/534.48.3)"
173.245.53.230 - - [31/Jul/2013:20:14:45 +0100] "GET / HTTP/1.1" 200 6505 "-" "Pingdom.com_bot_version_1.4_(http://www.pingdom.com)"
173.245.53.29 - - [31/Jul/2013:20:15:44 +0100] "GET / HTTP/1.1" 200 6505 "-" "Pingdom.com_bot_version_1.4_(http://www.pingdom.com)"
173.245.53.64 - - [31/Jul/2013:20:16:44 +0100] "GET / HTTP/1.1" 200 6505 "-" "Pingdom.com_bot_version_1.4_(http://www.pingdom.com)"
108.162.229.8 - - [31/Jul/2013:20:17:48 +0100] "GET / HTTP/1.1" 200 6505 "-" "Pingdom.com_bot_version_1.4_(http://www.pingdom.com)"
108.162.237.214 - - [31/Jul/2013:20:18:44 +0100] "GET / HTTP/1.1" 200 6505 "-" "Pingdom.com_bot_version_1.4_(http://www.pingdom.com)"
108.162.215.127 - - [31/Jul/2013:20:19:44 +0100] "GET / HTTP/1.1" 200 6505 "-" "Pingdom.com_bot_version_1.4_(http://www.pingdom.com)"
108.162.219.128 - - [31/Jul/2013:20:20:44 +0100] "GET / HTTP/1.1" 200 6505 "-" "Pingdom.com_bot_version_1.4_(http://www.pingdom.com)"
108.162.219.130 - - [31/Jul/2013:20:21:44 +0100] "GET / HTTP/1.1" 200 6505 "-" "Pingdom.com_bot_version_1.4_(http://www.pingdom.com)"
173.245.49.239 - - [31/Jul/2013:20:22:44 +0100] "GET / HTTP/1.1" 200 6505 "-" "Pingdom.com_bot_version_1.4_(http://www.pingdom.com)"
108.162.219.249 - - [31/Jul/2013:20:23:44 +0100] "GET / HTTP/1.1" 200 6505 "-" "Pingdom.com_bot_version_1.4_(http://www.pingdom.com)"
173.245.53.230 - - [31/Jul/2013:20:24:44 +0100] "GET / HTTP/1.1" 200 6505 "-" "Pingdom.com_bot_version_1.4_(http://www.pingdom.com)"
173.245.53.29 - - [31/Jul/2013:20:25:44 +0100] "GET / HTTP/1.1" 200 6505 "-" "Pingdom.com_bot_version_1.4_(http://www.pingdom.com)"
173.245.53.64 - - [31/Jul/2013:20:26:44 +0100] "GET / HTTP/1.1" 200 6505 "-" "Pingdom.com_bot_version_1.4_(http://www.pingdom.com)"
108.162.224.35 - - [31/Jul/2013:20:27:06 +0100] "GET / HTTP/1.1" 200 6505 "-" "Mozilla/5.0 (Macintosh; Intel Mac OS X 10_8_4) AppleWebKit/537.36 (KHTML, like Gecko) Chrome/28.0.1500.71 Safari/537.36"
108.162.225.240 - - [31/Jul/2013:20:27:07 +0100] "GET /fancybox/jquery.fancybox.css HTTP/1.1" 404 198 "http://carmo.org.uk/" "Mozilla/5.0 (Macintosh; Intel Mac OS X 10_8_4) AppleWebKit/537.36 (KHTML, like Gecko) Chrome/28.0.1500.71 Safari/537.36"
103.22.201.25 - - [31/Jul/2013:20:27:07 +0100] "GET /stylesheets/screen.css HTTP/1.1" 200 29268 "http://carmo.org.uk/" "Mozilla/5.0 (Macintosh; Intel Mac OS X 10_8_4) AppleWebKit/537.36 (KHTML, like Gecko) Chrome/28.0.1500.71 Safari/537.36"
108.162.225.241 - - [31/Jul/2013:20:27:08 +0100] "GET /fancybox/jquery.fancybox.pack.js HTTP/1.1" 404 198 "http://carmo.org.uk/" "Mozilla/5.0 (Macintosh; Intel Mac OS X 10_8_4) AppleWebKit/537.36 (KHTML, like Gecko) Chrome/28.0.1500.71 Safari/537.36"
108.162.224.29 - - [31/Jul/2013:20:27:08 +0100] "GET /font/fontawesome-webfont.woff HTTP/1.1" 200 23416 "http://carmo.org.uk/" "Mozilla/5.0 (Macintosh; Intel Mac OS X 10_8_4) AppleWebKit/537.36 (KHTML, like Gecko) Chrome/28.0.1500.71 Safari/537.36"
108.162.224.23 - - [31/Jul/2013:20:27:09 +0100] "GET /javascripts/slash.js HTTP/1.1" 200 1786 "http://carmo.org.uk/" "Mozilla/5.0 (Macintosh; Intel Mac OS X 10_8_4) AppleWebKit/537.36 (KHTML, like Gecko) Chrome/28.0.1500.71 Safari/537.36"
108.162.225.38 - - [31/Jul/2013:20:27:09 +0100] "GET /javascripts/jquery.fancybox.pack.js HTTP/1.1" 200 17638 "http://carmo.org.uk/" "Mozilla/5.0 (Macintosh; Intel Mac OS X 10_8_4) AppleWebKit/537.36 (KHTML, like Gecko) Chrome/28.0.1500.71 Safari/537.36"
108.162.225.241 - - [31/Jul/2013:20:27:15 +0100] "GET /favicon.png HTTP/1.1" 200 957 "-" "Mozilla/5.0 (Macintosh; Intel Mac OS X 10_8_4) AppleWebKit/537.36 (KHTML, like Gecko) Chrome/28.0.1500.71 Safari/537.36"
108.162.229.8 - - [31/Jul/2013:20:27:47 +0100] "GET / HTTP/1.1" 200 6505 "-" "Pingdom.com_bot_version_1.4_(http://www.pingdom.com)"
108.162.237.214 - - [31/Jul/2013:20:28:44 +0100] "GET / HTTP/1.1" 200 6505 "-" "Pingdom.com_bot_version_1.4_(http://www.pingdom.com)"
108.162.215.127 - - [31/Jul/2013:20:29:44 +0100] "GET / HTTP/1.1" 200 6505 "-" "Pingdom.com_bot_version_1.4_(http://www.pingdom.com)"
108.162.219.128 - - [31/Jul/2013:20:30:44 +0100] "GET / HTTP/1.1" 200 6505 "-" "Pingdom.com_bot_version_1.4_(http://www.pingdom.com)"
108.162.219.130 - - [31/Jul/2013:20:31:44 +0100] "GET / HTTP/1.1" 200 6505 "-" "Pingdom.com_bot_version_1.4_(http://www.pingdom.com)"
173.245.49.239 - - [31/Jul/2013:20:32:44 +0100] "GET / HTTP/1.1" 200 6505 "-" "Pingdom.com_bot_version_1.4_(http://www.pingdom.com)"
108.162.219.249 - - [31/Jul/2013:20:33:44 +0100] "GET / HTTP/1.1" 200 6505 "-" "Pingdom.com_bot_version_1.4_(http://www.pingdom.com)"
173.245.53.230 - - [31/Jul/2013:20:34:44 +0100] "GET / HTTP/1.1" 200 6505 "-" "Pingdom.com_bot_version_1.4_(http://www.pingdom.com)"
173.245.53.29 - - [31/Jul/2013:20:35:44 +0100] "GET / HTTP/1.1" 200 6505 "-" "Pingdom.com_bot_version_1.4_(http://www.pingdom.com)"
173.245.53.64 - - [31/Jul/2013:20:36:44 +0100] "GET / HTTP/1.1" 200 6505 "-" "Pingdom.com_bot_version_1.4_(http://www.pingdom.com)"
108.162.229.8 - - [31/Jul/2013:20:37:45 +0100] "GET / HTTP/1.1" 200 6505 "-" "Pingdom.com_bot_version_1.4_(http://www.pingdom.com)"
141.101.80.201 - - [31/Jul/2013:20:38:26 +0100] "GET /atom.xml HTTP/1.1" 304 0 "-" "Feedfetcher-Google; (+http://www.google.com/feedfetcher.html; 2 subscribers; feed-id=2726769886677593079)"
108.162.237.214 - - [31/Jul/2013:20:38:44 +0100] "GET / HTTP/1.1" 200 6505 "-" "Pingdom.com_bot_version_1.4_(http://www.pingdom.com)"
108.162.215.127 - - [31/Jul/2013:20:39:45 +0100] "GET / HTTP/1.1" 200 6505 "-" "Pingdom.com_bot_version_1.4_(http://www.pingdom.com)"
108.162.219.128 - - [31/Jul/2013:20:40:44 +0100] "GET / HTTP/1.1" 200 6505 "-" "Pingdom.com_bot_version_1.4_(http://www.pingdom.com)"
141.101.99.252 - - [31/Jul/2013:20:41:20 +0100] "GET / HTTP/1.1" 200 6505 "-" "Mozilla/5.0 (Macintosh; Intel Mac OS X 10_8_4) AppleWebKit/536.30.1 (KHTML, like Gecko) Version/6.0.5 Safari/536.30.1"
141.101.99.248 - - [31/Jul/2013:20:41:20 +0100] "GET /stylesheets/screen.css HTTP/1.1" 200 29268 "http://carmo.org.uk/" "Mozilla/5.0 (Macintosh; Intel Mac OS X 10_8_4) AppleWebKit/536.30.1 (KHTML, like Gecko) Version/6.0.5 Safari/536.30.1"
141.101.99.234 - - [31/Jul/2013:20:41:20 +0100] "GET /fancybox/jquery.fancybox.css HTTP/1.1" 404 142 "http://carmo.org.uk/" "Mozilla/5.0 (Macintosh; Intel Mac OS X 10_8_4) AppleWebKit/536.30.1 (KHTML, like Gecko) Version/6.0.5 Safari/536.30.1"
141.101.99.252 - - [31/Jul/2013:20:41:21 +0100] "GET /fancybox/jquery.fancybox.pack.js HTTP/1.1" 404 142 "http://carmo.org.uk/" "Mozilla/5.0 (Macintosh; Intel Mac OS X 10_8_4) AppleWebKit/536.30.1 (KHTML, like Gecko) Version/6.0.5 Safari/536.30.1"
141.101.99.236 - - [31/Jul/2013:20:41:21 +0100] "GET /font/fontawesome-webfont.woff HTTP/1.1" 200 23416 "http://carmo.org.uk/" "Mozilla/5.0 (Macintosh; Intel Mac OS X 10_8_4) AppleWebKit/536.30.1 (KHTML, like Gecko) Version/6.0.5 Safari/536.30.1"
108.162.219.130 - - [31/Jul/2013:20:41:44 +0100] "GET / HTTP/1.1" 200 6505 "-" "Pingdom.com_bot_version_1.4_(http://www.pingdom.com)"
173.245.49.239 - - [31/Jul/2013:20:42:44 +0100] "GET / HTTP/1.1" 200 6505 "-" "Pingdom.com_bot_version_1.4_(http://www.pingdom.com)"
108.162.219.249 - - [31/Jul/2013:20:43:44 +0100] "GET / HTTP/1.1" 200 6505 "-" "Pingdom.com_bot_version_1.4_(http://www.pingdom.com)"
173.245.53.230 - - [31/Jul/2013:20:44:44 +0100] "GET / HTTP/1.1" 200 6505 "-" "Pingdom.com_bot_version_1.4_(http://www.pingdom.com)"
173.245.53.29 - - [31/Jul/2013:20:45:44 +0100] "GET / HTTP/1.1" 200 6505 "-" "Pingdom.com_bot_version_1.4_(http://www.pingdom.com)"
173.245.53.64 - - [31/Jul/2013:20:46:44 +0100] "GET / HTTP/1.1" 200 6505 "-" "Pingdom.com_bot_version_1.4_(http://www.pingdom.com)"
108.162.229.8 - - [31/Jul/2013:20:47:49 +0100] "GET / HTTP/1.1" 200 6505 "-" "Pingdom.com_bot_version_1.4_(http://www.pingdom.com)"
108.162.237.214 - - [31/Jul/2013:20:48:44 +0100] "GET / HTTP/1.1" 200 6505 "-" "Pingdom.com_bot_version_1.4_(http://www.pingdom.com)"
108.162.215.127 - - [31/Jul/2013:20:49:44 +0100] "GET / HTTP/1.1" 200 6505 "-" "Pingdom.com_bot_version_1.4_(http://www.pingdom.com)"
108.162.219.128 - - [31/Jul/2013:20:50:44 +0100] "GET / HTTP/1.1" 200 6505 "-" "Pingdom.com_bot_version_1.4_(http://www.pingdom.com)"
108.162.242.214 - - [31/Jul/2013:20:51:44 +0100] "GET / HTTP/1.1" 200 6505 "-" "Pingdom.com_bot_version_1.4_(http://www.pingdom.com)"
173.245.49.239 - - [31/Jul/2013:20:52:45 +0100] "GET / HTTP/1.1" 200 6505 "-" "Pingdom.com_bot_version_1.4_(http://www.pingdom.com)"
141.101.98.5 - - [31/Jul/2013:20:53:29 +0100] "GET /portfolio/ HTTP/1.1" 200 3133 "-" "Mozilla/5.0 (Windows NT 6.2; WOW64) AppleWebKit/537.15 (KHTML, like Gecko) Chrome/24.0.1295.0 Safari/537.15"
141.101.98.5 - - [31/Jul/2013:20:53:29 +0100] "GET /portfolio/about HTTP/1.1" 404 198 "-" "Mozilla/5.0 (Windows NT 6.2; WOW64) AppleWebKit/537.15 (KHTML, like Gecko) Chrome/24.0.1295.0 Safari/537.15"
108.162.219.249 - - [31/Jul/2013:20:53:44 +0100] "GET / HTTP/1.1" 200 6505 "-" "Pingdom.com_bot_version_1.4_(http://www.pingdom.com)"
173.245.52.152 - - [31/Jul/2013:20:53:57 +0100] "GET / HTTP/1.1" 200 6505 "-" "Mozilla/5.0 (Macintosh; Intel Mac OS X 10_8_4) AppleWebKit/536.30.1 (KHTML, like Gecko) Version/6.0.5 Safari/536.30.1"
173.245.52.156 - - [31/Jul/2013:20:53:57 +0100] "GET /fancybox/jquery.fancybox.css HTTP/1.1" 404 142 "http://carmo.org.uk/" "Mozilla/5.0 (Macintosh; Intel Mac OS X 10_8_4) AppleWebKit/536.30.1 (KHTML, like Gecko) Version/6.0.5 Safari/536.30.1"
173.245.52.152 - - [31/Jul/2013:20:53:57 +0100] "GET /fancybox/jquery.fancybox.pack.js HTTP/1.1" 404 142 "http://carmo.org.uk/" "Mozilla/5.0 (Macintosh; Intel Mac OS X 10_8_4) AppleWebKit/536.30.1 (KHTML, like Gecko) Version/6.0.5 Safari/536.30.1"
108.162.219.154 - - [31/Jul/2013:20:53:58 +0100] "GET /stylesheets/screen.css HTTP/1.1" 200 29268 "http://carmo.org.uk/" "Mozilla/5.0 (Macintosh; Intel Mac OS X 10_8_4) AppleWebKit/536.30.1 (KHTML, like Gecko) Version/6.0.5 Safari/536.30.1"
173.245.52.153 - - [31/Jul/2013:20:53:59 +0100] "GET /font/fontawesome-webfont.woff HTTP/1.1" 200 23416 "http://carmo.org.uk/" "Mozilla/5.0 (Macintosh; Intel Mac OS X 10_8_4) AppleWebKit/536.30.1 (KHTML, like Gecko) Version/6.0.5 Safari/536.30.1"
108.162.219.153 - - [31/Jul/2013:20:53:59 +0100] "GET /javascripts/slash.js HTTP/1.1" 200 1786 "http://carmo.org.uk/" "Mozilla/5.0 (Macintosh; Intel Mac OS X 10_8_4) AppleWebKit/536.30.1 (KHTML, like Gecko) Version/6.0.5 Safari/536.30.1"
108.162.219.152 - - [31/Jul/2013:20:53:59 +0100] "GET /javascripts/jquery.fancybox.pack.js HTTP/1.1" 200 17638 "http://carmo.org.uk/" "Mozilla/5.0 (Macintosh; Intel Mac OS X 10_8_4) AppleWebKit/536.30.1 (KHTML, like Gecko) Version/6.0.5 Safari/536.30.1"
173.245.52.157 - - [31/Jul/2013:20:54:01 +0100] "GET /favicon.png HTTP/1.1" 200 957 "http://carmo.org.uk/" "Mozilla/5.0 (Macintosh; Intel Mac OS X 10_8_4) AppleWebKit/536.30.1 (KHTML, like Gecko) Version/6.0.5 Safari/536.30.1"
173.245.53.25 - - [31/Jul/2013:20:54:45 +0100] "GET / HTTP/1.1" 200 6505 "-" "Pingdom.com_bot_version_1.4_(http://www.pingdom.com)"
173.245.53.29 - - [31/Jul/2013:20:55:44 +0100] "GET / HTTP/1.1" 200 6505 "-" "Pingdom.com_bot_version_1.4_(http://www.pingdom.com)"
173.245.53.64 - - [31/Jul/2013:20:56:44 +0100] "GET / HTTP/1.1" 200 6505 "-" "Pingdom.com_bot_version_1.4_(http://www.pingdom.com)"
108.162.229.8 - - [31/Jul/2013:20:57:44 +0100] "GET / HTTP/1.1" 200 6505 "-" "Pingdom.com_bot_version_1.4_(http://www.pingdom.com)"
108.162.237.214 - - [31/Jul/2013:20:58:44 +0100] "GET / HTTP/1.1" 200 6505 "-" "Pingdom.com_bot_version_1.4_(http://www.pingdom.com)"
108.162.215.127 - - [31/Jul/2013:20:59:44 +0100] "GET / HTTP/1.1" 200 6505 "-" "Pingdom.com_bot_version_1.4_(http://www.pingdom.com)"
108.162.219.128 - - [31/Jul/2013:21:00:44 +0100] "GET / HTTP/1.1" 200 6505 "-" "Pingdom.com_bot_version_1.4_(http://www.pingdom.com)"
108.162.242.214 - - [31/Jul/2013:21:01:44 +0100] "GET / HTTP/1.1" 200 6505 "-" "Pingdom.com_bot_version_1.4_(http://www.pingdom.com)"
173.245.49.239 - - [31/Jul/2013:21:02:44 +0100] "GET / HTTP/1.1" 200 6505 "-" "Pingdom.com_bot_version_1.4_(http://www.pingdom.com)"
108.162.219.249 - - [31/Jul/2013:21:03:44 +0100] "GET / HTTP/1.1" 200 6505 "-" "Pingdom.com_bot_version_1.4_(http://www.pingdom.com)"
173.245.53.230 - - [31/Jul/2013:21:04:44 +0100] "GET / HTTP/1.1" 200 6505 "-" "Pingdom.com_bot_version_1.4_(http://www.pingdom.com)"
173.245.53.29 - - [31/Jul/2013:21:05:44 +0100] "GET / HTTP/1.1" 200 6505 "-" "Pingdom.com_bot_version_1.4_(http://www.pingdom.com)"
173.245.53.64 - - [31/Jul/2013:21:06:44 +0100] "GET / HTTP/1.1" 200 6505 "-" "Pingdom.com_bot_version_1.4_(http://www.pingdom.com)"
173.245.49.26 - - [31/Jul/2013:21:07:25 +0100] "GET / HTTP/1.1" 200 6505 "-" "Mozilla/5.0 (Macintosh; Intel Mac OS X 10_8_3) AppleWebKit/537.36 (KHTML, like Gecko) Chrome/27.0.1453.116 Safari/537.36"
173.245.49.240 - - [31/Jul/2013:21:07:26 +0100] "GET /fancybox/jquery.fancybox.css HTTP/1.1" 404 198 "http://carmo.org.uk/" "Mozilla/5.0 (Macintosh; Intel Mac OS X 10_8_3) AppleWebKit/537.36 (KHTML, like Gecko) Chrome/27.0.1453.116 Safari/537.36"
173.245.49.241 - - [31/Jul/2013:21:07:27 +0100] "GET /fancybox/jquery.fancybox.pack.js HTTP/1.1" 404 198 "http://carmo.org.uk/" "Mozilla/5.0 (Macintosh; Intel Mac OS X 10_8_3) AppleWebKit/537.36 (KHTML, like Gecko) Chrome/27.0.1453.116 Safari/537.36"
173.245.49.25 - - [31/Jul/2013:21:07:29 +0100] "GET /stylesheets/screen.css HTTP/1.1" 200 29268 "http://carmo.org.uk/" "Mozilla/5.0 (Macintosh; Intel Mac OS X 10_8_3) AppleWebKit/537.36 (KHTML, like Gecko) Chrome/27.0.1453.116 Safari/537.36"
108.162.228.29 - - [31/Jul/2013:21:07:29 +0100] "GET /font/fontawesome-webfont.woff HTTP/1.1" 200 23416 "http://carmo.org.uk/" "Mozilla/5.0 (Macintosh; Intel Mac OS X 10_8_3) AppleWebKit/537.36 (KHTML, like Gecko) Chrome/27.0.1453.116 Safari/537.36"
108.162.229.241 - - [31/Jul/2013:21:07:29 +0100] "GET /javascripts/slash.js HTTP/1.1" 200 1786 "http://carmo.org.uk/" "Mozilla/5.0 (Macintosh; Intel Mac OS X 10_8_3) AppleWebKit/537.36 (KHTML, like Gecko) Chrome/27.0.1453.116 Safari/537.36"
108.162.229.241 - - [31/Jul/2013:21:07:29 +0100] "GET /javascripts/jquery.fancybox.pack.js HTTP/1.1" 200 17638 "http://carmo.org.uk/" "Mozilla/5.0 (Macintosh; Intel Mac OS X 10_8_3) AppleWebKit/537.36 (KHTML, like Gecko) Chrome/27.0.1453.116 Safari/537.36"
108.162.229.8 - - [31/Jul/2013:21:07:44 +0100] "GET / HTTP/1.1" 200 6505 "-" "Pingdom.com_bot_version_1.4_(http://www.pingdom.com)"
173.245.49.26 - - [31/Jul/2013:21:07:58 +0100] "GET /cleanpress-octopress-theme/ HTTP/1.1" 200 3138 "http://carmo.org.uk/" "Mozilla/5.0 (Macintosh; Intel Mac OS X 10_8_3) AppleWebKit/537.36 (KHTML, like Gecko) Chrome/27.0.1453.116 Safari/537.36"
173.245.49.241 - - [31/Jul/2013:21:07:58 +0100] "GET /favicon.png HTTP/1.1" 200 957 "-" "Mozilla/5.0 (Macintosh; Intel Mac OS X 10_8_3) AppleWebKit/537.36 (KHTML, like Gecko) Chrome/27.0.1453.116 Safari/537.36"
173.245.49.26 - - [31/Jul/2013:21:08:19 +0100] "GET /portfolio HTTP/1.1" 301 184 "http://carmo.org.uk/cleanpress-octopress-theme/" "Mozilla/5.0 (Macintosh; Intel Mac OS X 10_8_3) AppleWebKit/537.36 (KHTML, like Gecko) Chrome/27.0.1453.116 Safari/537.36"
173.245.49.26 - - [31/Jul/2013:21:08:19 +0100] "GET /portfolio/ HTTP/1.1" 200 3133 "http://carmo.org.uk/cleanpress-octopress-theme/" "Mozilla/5.0 (Macintosh; Intel Mac OS X 10_8_3) AppleWebKit/537.36 (KHTML, like Gecko) Chrome/27.0.1453.116 Safari/537.36"
108.162.237.214 - - [31/Jul/2013:21:08:44 +0100] "GET / HTTP/1.1" 200 6505 "-" "Pingdom.com_bot_version_1.4_(http://www.pingdom.com)"
108.162.215.127 - - [31/Jul/2013:21:09:44 +0100] "GET / HTTP/1.1" 200 6505 "-" "Pingdom.com_bot_version_1.4_(http://www.pingdom.com)"
108.162.219.128 - - [31/Jul/2013:21:10:44 +0100] "GET / HTTP/1.1" 200 6505 "-" "Pingdom.com_bot_version_1.4_(http://www.pingdom.com)"
108.162.242.214 - - [31/Jul/2013:21:11:44 +0100] "GET / HTTP/1.1" 200 6505 "-" "Pingdom.com_bot_version_1.4_(http://www.pingdom.com)"
173.245.49.239 - - [31/Jul/2013:21:12:44 +0100] "GET / HTTP/1.1" 200 6505 "-" "Pingdom.com_bot_version_1.4_(http://www.pingdom.com)"
108.162.219.249 - - [31/Jul/2013:21:13:44 +0100] "GET / HTTP/1.1" 200 6505 "-" "Pingdom.com_bot_version_1.4_(http://www.pingdom.com)"
173.245.53.230 - - [31/Jul/2013:21:14:44 +0100] "GET / HTTP/1.1" 200 6505 "-" "Pingdom.com_bot_version_1.4_(http://www.pingdom.com)"
173.245.53.29 - - [31/Jul/2013:21:15:44 +0100] "GET / HTTP/1.1" 200 6505 "-" "Pingdom.com_bot_version_1.4_(http://www.pingdom.com)"
173.245.53.64 - - [31/Jul/2013:21:16:44 +0100] "GET / HTTP/1.1" 200 6505 "-" "Pingdom.com_bot_version_1.4_(http://www.pingdom.com)"
173.245.53.65 - - [31/Jul/2013:21:17:30 +0100] "GET / HTTP/1.1" 200 6505 "http://domains.checkparams.com/index.php?q=carmo.org.uk" "Mozilla/5.0 (compatible; DCPbot/1.5; +http://domains.checkparams.com/)"
108.162.229.8 - - [31/Jul/2013:21:17:44 +0100] "GET / HTTP/1.1" 200 6505 "-" "Pingdom.com_bot_version_1.4_(http://www.pingdom.com)"
173.245.53.65 - - [31/Jul/2013:21:18:01 +0100] "GET /atom.xml HTTP/1.1" 200 13944 "http://domains.checkparams.com/index.php?q=carmo.org.uk" "Mozilla/5.0 (compatible; DCPbot/1.5; +http://domains.checkparams.com/)"
108.162.237.214 - - [31/Jul/2013:21:18:44 +0100] "GET / HTTP/1.1" 200 6505 "-" "Pingdom.com_bot_version_1.4_(http://www.pingdom.com)"
173.245.53.70 - - [31/Jul/2013:21:19:20 +0100] "GET /favicon.png HTTP/1.1" 200 957 "http://domains.checkparams.com/index.php?q=carmo.org.uk" "Mozilla/5.0 (compatible; DCPbot/1.5; +http://domains.checkparams.com/)"
108.162.215.127 - - [31/Jul/2013:21:19:44 +0100] "GET / HTTP/1.1" 200 6505 "-" "Pingdom.com_bot_version_1.4_(http://www.pingdom.com)"
173.245.53.64 - - [31/Jul/2013:21:20:01 +0100] "GET /stylesheets/screen.css HTTP/1.1" 200 29268 "http://domains.checkparams.com/index.php?q=carmo.org.uk" "Mozilla/5.0 (compatible; DCPbot/1.5; +http://domains.checkparams.com/)"
173.245.53.69 - - [31/Jul/2013:21:20:29 +0100] "GET /fancybox/jquery.fancybox.css HTTP/1.1" 404 142 "http://domains.checkparams.com/index.php?q=carmo.org.uk" "Mozilla/5.0 (compatible; DCPbot/1.5; +http://domains.checkparams.com/)"
108.162.219.128 - - [31/Jul/2013:21:20:45 +0100] "GET / HTTP/1.1" 200 6505 "-" "Pingdom.com_bot_version_1.4_(http://www.pingdom.com)"
173.245.53.68 - - [31/Jul/2013:21:20:59 +0100] "GET /fancybox/jquery.fancybox.pack.js HTTP/1.1" 404 142 "http://domains.checkparams.com/index.php?q=carmo.org.uk" "Mozilla/5.0 (compatible; DCPbot/1.5; +http://domains.checkparams.com/)"
173.245.53.65 - - [31/Jul/2013:21:21:27 +0100] "GET /about HTTP/1.1" 301 184 "http://domains.checkparams.com/index.php?q=carmo.org.uk" "Mozilla/5.0 (compatible; DCPbot/1.5; +http://domains.checkparams.com/)"
108.162.242.214 - - [31/Jul/2013:21:21:44 +0100] "GET / HTTP/1.1" 200 6505 "-" "Pingdom.com_bot_version_1.4_(http://www.pingdom.com)"
173.245.53.65 - - [31/Jul/2013:21:21:57 +0100] "GET /portfolio HTTP/1.1" 301 184 "http://domains.checkparams.com/index.php?q=carmo.org.uk" "Mozilla/5.0 (compatible; DCPbot/1.5; +http://domains.checkparams.com/)"
173.245.53.65 - - [31/Jul/2013:21:22:26 +0100] "GET /archives HTTP/1.1" 301 184 "http://domains.checkparams.com/index.php?q=carmo.org.uk" "Mozilla/5.0 (compatible; DCPbot/1.5; +http://domains.checkparams.com/)"
173.245.49.239 - - [31/Jul/2013:21:22:44 +0100] "GET / HTTP/1.1" 200 6505 "-" "Pingdom.com_bot_version_1.4_(http://www.pingdom.com)"
173.245.53.65 - - [31/Jul/2013:21:22:58 +0100] "GET /blog/categories/boat/ HTTP/1.1" 200 2128 "http://domains.checkparams.com/index.php?q=carmo.org.uk" "Mozilla/5.0 (compatible; DCPbot/1.5; +http://domains.checkparams.com/)"
173.245.53.65 - - [31/Jul/2013:21:23:25 +0100] "GET /blog/categories/photography/ HTTP/1.1" 200 2326 "http://domains.checkparams.com/index.php?q=carmo.org.uk" "Mozilla/5.0 (compatible; DCPbot/1.5; +http://domains.checkparams.com/)"
108.162.219.249 - - [31/Jul/2013:21:23:44 +0100] "GET / HTTP/1.1" 200 6505 "-" "Pingdom.com_bot_version_1.4_(http://www.pingdom.com)"
173.245.53.65 - - [31/Jul/2013:21:23:54 +0100] "GET /cleanpress-octopress-theme/ HTTP/1.1" 200 3138 "http://domains.checkparams.com/index.php?q=carmo.org.uk" "Mozilla/5.0 (compatible; DCPbot/1.5; +http://domains.checkparams.com/)"
173.245.53.65 - - [31/Jul/2013:21:24:21 +0100] "GET /boat/ HTTP/1.1" 200 2379 "http://domains.checkparams.com/index.php?q=carmo.org.uk" "Mozilla/5.0 (compatible; DCPbot/1.5; +http://domains.checkparams.com/)"
173.245.53.230 - - [31/Jul/2013:21:24:44 +0100] "GET / HTTP/1.1" 200 6505 "-" "Pingdom.com_bot_version_1.4_(http://www.pingdom.com)"
173.245.53.65 - - [31/Jul/2013:21:24:51 +0100] "GET /blog/categories/places/ HTTP/1.1" 200 2129 "http://domains.checkparams.com/index.php?q=carmo.org.uk" "Mozilla/5.0 (compatible; DCPbot/1.5; +http://domains.checkparams.com/)"
