173.245.53.197 - - [30/Jul/2013:16:04:44 +0100] "GET / HTTP/1.1" 200 6505 "-" "Pingdom.com_bot_version_1.4_(http://www.pingdom.com)"
141.101.98.227 - - [30/Jul/2013:16:04:45 +0100] "GET /blog/categories/star-wars/ HTTP/1.1" 200 2146 "-" "Mozilla/5.0 (compatible; AhrefsBot/5.0; +http://ahrefs.com/robot/)"
108.162.219.186 - - [30/Jul/2013:16:05:44 +0100] "GET / HTTP/1.1" 200 6505 "-" "Pingdom.com_bot_version_1.4_(http://www.pingdom.com)"
173.245.53.197 - - [30/Jul/2013:16:06:44 +0100] "GET / HTTP/1.1" 200 6505 "-" "Pingdom.com_bot_version_1.4_(http://www.pingdom.com)"
173.245.53.221 - - [30/Jul/2013:16:07:44 +0100] "GET / HTTP/1.1" 200 6505 "-" "Pingdom.com_bot_version_1.4_(http://www.pingdom.com)"
173.245.53.229 - - [30/Jul/2013:16:08:44 +0100] "GET / HTTP/1.1" 200 6505 "-" "Pingdom.com_bot_version_1.4_(http://www.pingdom.com)"
108.162.215.50 - - [30/Jul/2013:16:09:44 +0100] "GET / HTTP/1.1" 200 6505 "-" "Pingdom.com_bot_version_1.4_(http://www.pingdom.com)"
141.101.98.227 - - [30/Jul/2013:16:09:59 +0100] "GET /cleanpress-octopress-theme/ HTTP/1.1" 200 3138 "-" "Mozilla/5.0 (compatible; AhrefsBot/5.0; +http://ahrefs.com/robot/)"
108.162.219.52 - - [30/Jul/2013:16:10:44 +0100] "GET / HTTP/1.1" 200 6505 "-" "Pingdom.com_bot_version_1.4_(http://www.pingdom.com)"
108.162.242.250 - - [30/Jul/2013:16:11:44 +0100] "GET / HTTP/1.1" 200 6505 "-" "Pingdom.com_bot_version_1.4_(http://www.pingdom.com)"
173.245.49.239 - - [30/Jul/2013:16:12:51 +0100] "GET / HTTP/1.1" 200 6505 "-" "Pingdom.com_bot_version_1.4_(http://www.pingdom.com)"
141.101.80.30 - - [30/Jul/2013:16:13:16 +0100] "GET /atom.xml HTTP/1.1" 304 0 "-" "Feedfetcher-Google; (+http://www.google.com/feedfetcher.html; 2 subscribers; feed-id=2726769886677593079)"
108.162.219.186 - - [30/Jul/2013:16:13:44 +0100] "GET / HTTP/1.1" 200 6505 "-" "Pingdom.com_bot_version_1.4_(http://www.pingdom.com)"
173.245.53.197 - - [30/Jul/2013:16:14:44 +0100] "GET / HTTP/1.1" 200 6505 "-" "Pingdom.com_bot_version_1.4_(http://www.pingdom.com)"
173.245.53.197 - - [30/Jul/2013:16:15:44 +0100] "GET / HTTP/1.1" 200 6505 "-" "Pingdom.com_bot_version_1.4_(http://www.pingdom.com)"
173.245.53.221 - - [30/Jul/2013:16:16:44 +0100] "GET / HTTP/1.1" 200 6505 "-" "Pingdom.com_bot_version_1.4_(http://www.pingdom.com)"
141.101.80.27 - - [30/Jul/2013:16:17:04 +0100] "GET /robots.txt HTTP/1.1" 200 67 "-" "Mozilla/5.0 (compatible; Googlebot/2.1; +http://www.google.com/bot.html)"
141.101.81.254 - - [30/Jul/2013:16:17:04 +0100] "GET /sitemap.xml HTTP/1.1" 200 1787 "-" "Mozilla/5.0 (compatible; Googlebot/2.1; +http://www.google.com/bot.html)"
173.245.53.229 - - [30/Jul/2013:16:17:44 +0100] "GET / HTTP/1.1" 200 6505 "-" "Pingdom.com_bot_version_1.4_(http://www.pingdom.com)"
108.162.237.250 - - [30/Jul/2013:16:18:44 +0100] "GET / HTTP/1.1" 200 6505 "-" "Pingdom.com_bot_version_1.4_(http://www.pingdom.com)"
108.162.215.50 - - [30/Jul/2013:16:19:45 +0100] "GET / HTTP/1.1" 200 6505 "-" "Pingdom.com_bot_version_1.4_(http://www.pingdom.com)"
108.162.219.52 - - [30/Jul/2013:16:20:44 +0100] "GET / HTTP/1.1" 200 6505 "-" "Pingdom.com_bot_version_1.4_(http://www.pingdom.com)"
108.162.215.50 - - [30/Jul/2013:16:20:44 +0100] "GET / HTTP/1.1" 200 6505 "-" "Pingdom.com_bot_version_1.4_(http://www.pingdom.com)"
141.101.98.227 - - [30/Jul/2013:16:20:47 +0100] "GET /lego-stormtrooper+copy/ HTTP/1.1" 404 142 "-" "Mozilla/5.0 (compatible; AhrefsBot/5.0; +http://ahrefs.com/robot/)"
141.101.98.227 - - [30/Jul/2013:16:21:32 +0100] "GET /blog/categories/photography/ HTTP/1.1" 200 2326 "-" "Mozilla/5.0 (compatible; AhrefsBot/5.0; +http://ahrefs.com/robot/)"
108.162.242.250 - - [30/Jul/2013:16:21:44 +0100] "GET / HTTP/1.1" 200 6505 "-" "Pingdom.com_bot_version_1.4_(http://www.pingdom.com)"
173.245.49.239 - - [30/Jul/2013:16:22:46 +0100] "GET / HTTP/1.1" 200 6505 "-" "Pingdom.com_bot_version_1.4_(http://www.pingdom.com)"
141.101.98.227 - - [30/Jul/2013:16:23:09 +0100] "GET /blog/categories/theme/ HTTP/1.1" 200 2146 "-" "Mozilla/5.0 (compatible; AhrefsBot/5.0; +http://ahrefs.com/robot/)"
108.162.219.186 - - [30/Jul/2013:16:23:44 +0100] "GET / HTTP/1.1" 200 6505 "-" "Pingdom.com_bot_version_1.4_(http://www.pingdom.com)"
173.245.53.197 - - [30/Jul/2013:16:24:44 +0100] "GET / HTTP/1.1" 200 6505 "-" "Pingdom.com_bot_version_1.4_(http://www.pingdom.com)"
173.245.53.221 - - [30/Jul/2013:16:25:44 +0100] "GET / HTTP/1.1" 200 6505 "-" "Pingdom.com_bot_version_1.4_(http://www.pingdom.com)"
173.245.53.229 - - [30/Jul/2013:16:26:44 +0100] "GET / HTTP/1.1" 200 6505 "-" "Pingdom.com_bot_version_1.4_(http://www.pingdom.com)"
141.101.98.227 - - [30/Jul/2013:16:27:35 +0100] "GET /blog/categories/lego/ HTTP/1.1" 200 2144 "-" "Mozilla/5.0 (compatible; AhrefsBot/5.0; +http://ahrefs.com/robot/)"
173.245.49.247 - - [30/Jul/2013:16:27:44 +0100] "GET / HTTP/1.1" 200 6505 "-" "Pingdom.com_bot_version_1.4_(http://www.pingdom.com)"
108.162.237.250 - - [30/Jul/2013:16:28:44 +0100] "GET / HTTP/1.1" 200 6505 "-" "Pingdom.com_bot_version_1.4_(http://www.pingdom.com)"
108.162.215.50 - - [30/Jul/2013:16:29:44 +0100] "GET / HTTP/1.1" 200 6505 "-" "Pingdom.com_bot_version_1.4_(http://www.pingdom.com)"
108.162.242.250 - - [30/Jul/2013:16:30:44 +0100] "GET / HTTP/1.1" 200 6505 "-" "Pingdom.com_bot_version_1.4_(http://www.pingdom.com)"
173.245.49.239 - - [30/Jul/2013:16:31:45 +0100] "GET / HTTP/1.1" 200 6505 "-" "Pingdom.com_bot_version_1.4_(http://www.pingdom.com)"
108.162.219.186 - - [30/Jul/2013:16:32:44 +0100] "GET / HTTP/1.1" 200 6505 "-" "Pingdom.com_bot_version_1.4_(http://www.pingdom.com)"
173.245.53.197 - - [30/Jul/2013:16:33:44 +0100] "GET / HTTP/1.1" 200 6505 "-" "Pingdom.com_bot_version_1.4_(http://www.pingdom.com)"
173.245.53.221 - - [30/Jul/2013:16:34:44 +0100] "GET / HTTP/1.1" 200 6505 "-" "Pingdom.com_bot_version_1.4_(http://www.pingdom.com)"
141.101.98.227 - - [30/Jul/2013:16:35:14 +0100] "GET /portfolio HTTP/1.1" 301 184 "-" "Mozilla/5.0 (compatible; AhrefsBot/5.0; +http://ahrefs.com/robot/)"
173.245.53.229 - - [30/Jul/2013:16:35:44 +0100] "GET / HTTP/1.1" 200 6505 "-" "Pingdom.com_bot_version_1.4_(http://www.pingdom.com)"
173.245.53.229 - - [30/Jul/2013:16:36:44 +0100] "GET / HTTP/1.1" 200 6505 "-" "Pingdom.com_bot_version_1.4_(http://www.pingdom.com)"
108.162.229.112 - - [30/Jul/2013:16:37:44 +0100] "GET / HTTP/1.1" 200 6505 "-" "Pingdom.com_bot_version_1.4_(http://www.pingdom.com)"
108.162.237.250 - - [30/Jul/2013:16:38:44 +0100] "GET / HTTP/1.1" 200 6505 "-" "Pingdom.com_bot_version_1.4_(http://www.pingdom.com)"
108.162.215.50 - - [30/Jul/2013:16:39:44 +0100] "GET / HTTP/1.1" 200 6505 "-" "Pingdom.com_bot_version_1.4_(http://www.pingdom.com)"
108.162.219.52 - - [30/Jul/2013:16:40:44 +0100] "GET / HTTP/1.1" 200 6505 "-" "Pingdom.com_bot_version_1.4_(http://www.pingdom.com)"
108.162.242.250 - - [30/Jul/2013:16:41:44 +0100] "GET / HTTP/1.1" 200 6505 "-" "Pingdom.com_bot_version_1.4_(http://www.pingdom.com)"
108.162.219.52 - - [30/Jul/2013:16:42:44 +0100] "GET / HTTP/1.1" 200 6505 "-" "Pingdom.com_bot_version_1.4_(http://www.pingdom.com)"
141.101.98.227 - - [30/Jul/2013:16:43:40 +0100] "GET /blog/categories/octopress/ HTTP/1.1" 200 2146 "-" "Mozilla/5.0 (compatible; AhrefsBot/5.0; +http://ahrefs.com/robot/)"
108.162.242.250 - - [30/Jul/2013:16:43:44 +0100] "GET / HTTP/1.1" 200 6505 "-" "Pingdom.com_bot_version_1.4_(http://www.pingdom.com)"
173.245.49.239 - - [30/Jul/2013:16:44:45 +0100] "GET / HTTP/1.1" 200 6505 "-" "Pingdom.com_bot_version_1.4_(http://www.pingdom.com)"
108.162.219.186 - - [30/Jul/2013:16:45:44 +0100] "GET / HTTP/1.1" 200 6505 "-" "Pingdom.com_bot_version_1.4_(http://www.pingdom.com)"
173.245.53.197 - - [30/Jul/2013:16:46:45 +0100] "GET / HTTP/1.1" 200 6505 "-" "Pingdom.com_bot_version_1.4_(http://www.pingdom.com)"
141.101.98.227 - - [30/Jul/2013:16:47:00 +0100] "GET /street-steps/ HTTP/1.1" 200 2378 "-" "Mozilla/5.0 (compatible; AhrefsBot/5.0; +http://ahrefs.com/robot/)"
108.162.219.52 - - [30/Jul/2013:16:47:44 +0100] "GET / HTTP/1.1" 200 6505 "-" "Pingdom.com_bot_version_1.4_(http://www.pingdom.com)"
108.162.237.250 - - [30/Jul/2013:16:48:44 +0100] "GET / HTTP/1.1" 200 6505 "-" "Pingdom.com_bot_version_1.4_(http://www.pingdom.com)"
173.245.49.239 - - [30/Jul/2013:16:49:44 +0100] "GET / HTTP/1.1" 200 6505 "-" "Pingdom.com_bot_version_1.4_(http://www.pingdom.com)"
108.162.219.186 - - [30/Jul/2013:16:50:44 +0100] "GET / HTTP/1.1" 200 6505 "-" "Pingdom.com_bot_version_1.4_(http://www.pingdom.com)"
173.245.53.197 - - [30/Jul/2013:16:51:44 +0100] "GET / HTTP/1.1" 200 6505 "-" "Pingdom.com_bot_version_1.4_(http://www.pingdom.com)"
173.245.49.239 - - [30/Jul/2013:16:52:44 +0100] "GET / HTTP/1.1" 200 6505 "-" "Pingdom.com_bot_version_1.4_(http://www.pingdom.com)"
108.162.219.186 - - [30/Jul/2013:16:53:44 +0100] "GET / HTTP/1.1" 200 6505 "-" "Pingdom.com_bot_version_1.4_(http://www.pingdom.com)"
108.162.226.118 - - [30/Jul/2013:16:54:19 +0100] "GET /boat/ HTTP/1.1" 200 2379 "-" "Mozilla/5.0 (Windows NT 5.1; rv:6.0.2) Gecko/20100101 Firefox/6.0.2"
173.245.53.197 - - [30/Jul/2013:16:54:44 +0100] "GET / HTTP/1.1" 200 6505 "-" "Pingdom.com_bot_version_1.4_(http://www.pingdom.com)"
173.245.53.221 - - [30/Jul/2013:16:55:44 +0100] "GET / HTTP/1.1" 200 6505 "-" "Pingdom.com_bot_version_1.4_(http://www.pingdom.com)"
173.245.53.229 - - [30/Jul/2013:16:56:44 +0100] "GET / HTTP/1.1" 200 6505 "-" "Pingdom.com_bot_version_1.4_(http://www.pingdom.com)"
108.162.229.112 - - [30/Jul/2013:16:57:45 +0100] "GET / HTTP/1.1" 200 6505 "-" "Pingdom.com_bot_version_1.4_(http://www.pingdom.com)"
141.101.98.227 - - [30/Jul/2013:16:58:04 +0100] "GET /blog/categories/street/ HTTP/1.1" 200 2135 "-" "Mozilla/5.0 (compatible; AhrefsBot/5.0; +http://ahrefs.com/robot/)"
141.101.98.227 - - [30/Jul/2013:16:58:30 +0100] "GET /archives HTTP/1.1" 301 184 "-" "Mozilla/5.0 (compatible; AhrefsBot/5.0; +http://ahrefs.com/robot/)"
108.162.237.250 - - [30/Jul/2013:16:58:44 +0100] "GET / HTTP/1.1" 200 6505 "-" "Pingdom.com_bot_version_1.4_(http://www.pingdom.com)"
108.162.215.50 - - [30/Jul/2013:16:59:45 +0100] "GET / HTTP/1.1" 200 6505 "-" "Pingdom.com_bot_version_1.4_(http://www.pingdom.com)"
108.162.219.52 - - [30/Jul/2013:17:00:44 +0100] "GET / HTTP/1.1" 200 6505 "-" "Pingdom.com_bot_version_1.4_(http://www.pingdom.com)"
108.162.242.250 - - [30/Jul/2013:17:01:44 +0100] "GET / HTTP/1.1" 200 6505 "-" "Pingdom.com_bot_version_1.4_(http://www.pingdom.com)"
173.245.49.239 - - [30/Jul/2013:17:02:45 +0100] "GET / HTTP/1.1" 200 6505 "-" "Pingdom.com_bot_version_1.4_(http://www.pingdom.com)"
108.162.219.186 - - [30/Jul/2013:17:03:44 +0100] "GET / HTTP/1.1" 200 6505 "-" "Pingdom.com_bot_version_1.4_(http://www.pingdom.com)"
173.245.53.197 - - [30/Jul/2013:17:04:44 +0100] "GET / HTTP/1.1" 200 6505 "-" "Pingdom.com_bot_version_1.4_(http://www.pingdom.com)"
173.245.53.221 - - [30/Jul/2013:17:05:44 +0100] "GET / HTTP/1.1" 200 6505 "-" "Pingdom.com_bot_version_1.4_(http://www.pingdom.com)"
173.245.53.229 - - [30/Jul/2013:17:06:44 +0100] "GET / HTTP/1.1" 200 6505 "-" "Pingdom.com_bot_version_1.4_(http://www.pingdom.com)"
199.27.128.178 - - [30/Jul/2013:17:07:26 +0100] "GET /atom.xml HTTP/1.1" 304 0 "-" "Feedly/1.0 (+http://www.feedly.com/fetcher.html; like FeedFetcher-Google)"
108.162.229.112 - - [30/Jul/2013:17:07:44 +0100] "GET / HTTP/1.1" 200 6505 "-" "Pingdom.com_bot_version_1.4_(http://www.pingdom.com)"
108.162.237.250 - - [30/Jul/2013:17:08:44 +0100] "GET / HTTP/1.1" 200 6505 "-" "Pingdom.com_bot_version_1.4_(http://www.pingdom.com)"
108.162.215.50 - - [30/Jul/2013:17:09:44 +0100] "GET / HTTP/1.1" 200 6505 "-" "Pingdom.com_bot_version_1.4_(http://www.pingdom.com)"
108.162.219.52 - - [30/Jul/2013:17:10:44 +0100] "GET / HTTP/1.1" 200 6505 "-" "Pingdom.com_bot_version_1.4_(http://www.pingdom.com)"
108.162.242.250 - - [30/Jul/2013:17:11:44 +0100] "GET / HTTP/1.1" 200 6505 "-" "Pingdom.com_bot_version_1.4_(http://www.pingdom.com)"
173.245.49.239 - - [30/Jul/2013:17:12:46 +0100] "GET / HTTP/1.1" 200 6505 "-" "Pingdom.com_bot_version_1.4_(http://www.pingdom.com)"
108.162.219.186 - - [30/Jul/2013:17:13:44 +0100] "GET / HTTP/1.1" 200 6505 "-" "Pingdom.com_bot_version_1.4_(http://www.pingdom.com)"
173.245.53.197 - - [30/Jul/2013:17:14:44 +0100] "GET / HTTP/1.1" 200 6505 "-" "Pingdom.com_bot_version_1.4_(http://www.pingdom.com)"
173.245.53.221 - - [30/Jul/2013:17:15:44 +0100] "GET / HTTP/1.1" 200 6505 "-" "Pingdom.com_bot_version_1.4_(http://www.pingdom.com)"
173.245.53.229 - - [30/Jul/2013:17:16:44 +0100] "GET / HTTP/1.1" 200 6505 "-" "Pingdom.com_bot_version_1.4_(http://www.pingdom.com)"
108.162.229.112 - - [30/Jul/2013:17:17:44 +0100] "GET / HTTP/1.1" 200 6505 "-" "Pingdom.com_bot_version_1.4_(http://www.pingdom.com)"
141.101.98.227 - - [30/Jul/2013:17:18:43 +0100] "GET /blog/categories/dyndns/ HTTP/1.1" 200 2170 "-" "Mozilla/5.0 (compatible; AhrefsBot/5.0; +http://ahrefs.com/robot/)"
108.162.237.250 - - [30/Jul/2013:17:18:44 +0100] "GET / HTTP/1.1" 200 6505 "-" "Pingdom.com_bot_version_1.4_(http://www.pingdom.com)"
108.162.215.50 - - [30/Jul/2013:17:19:44 +0100] "GET / HTTP/1.1" 200 6505 "-" "Pingdom.com_bot_version_1.4_(http://www.pingdom.com)"
141.101.80.30 - - [30/Jul/2013:17:20:26 +0100] "GET /atom.xml HTTP/1.1" 304 0 "-" "Feedfetcher-Google; (+http://www.google.com/feedfetcher.html; 2 subscribers; feed-id=2726769886677593079)"
108.162.219.52 - - [30/Jul/2013:17:20:44 +0100] "GET / HTTP/1.1" 200 6505 "-" "Pingdom.com_bot_version_1.4_(http://www.pingdom.com)"
108.162.242.250 - - [30/Jul/2013:17:21:44 +0100] "GET / HTTP/1.1" 200 6505 "-" "Pingdom.com_bot_version_1.4_(http://www.pingdom.com)"
141.101.98.227 - - [30/Jul/2013:17:22:09 +0100] "GET /blog/categories/urban/ HTTP/1.1" 200 2136 "-" "Mozilla/5.0 (compatible; AhrefsBot/5.0; +http://ahrefs.com/robot/)"
173.245.49.239 - - [30/Jul/2013:17:22:44 +0100] "GET / HTTP/1.1" 200 6505 "-" "Pingdom.com_bot_version_1.4_(http://www.pingdom.com)"
108.162.219.186 - - [30/Jul/2013:17:23:44 +0100] "GET / HTTP/1.1" 200 6505 "-" "Pingdom.com_bot_version_1.4_(http://www.pingdom.com)"
141.101.98.227 - - [30/Jul/2013:17:24:22 +0100] "GET /blog/categories/boat/ HTTP/1.1" 200 2128 "-" "Mozilla/5.0 (compatible; AhrefsBot/5.0; +http://ahrefs.com/robot/)"
173.245.53.197 - - [30/Jul/2013:17:24:44 +0100] "GET / HTTP/1.1" 200 6505 "-" "Pingdom.com_bot_version_1.4_(http://www.pingdom.com)"
173.245.53.221 - - [30/Jul/2013:17:25:44 +0100] "GET / HTTP/1.1" 200 6505 "-" "Pingdom.com_bot_version_1.4_(http://www.pingdom.com)"
108.162.219.186 - - [30/Jul/2013:17:26:44 +0100] "GET / HTTP/1.1" 200 6505 "-" "Pingdom.com_bot_version_1.4_(http://www.pingdom.com)"
141.101.98.227 - - [30/Jul/2013:17:27:02 +0100] "GET /blog/categories/development/ HTTP/1.1" 200 2298 "-" "Mozilla/5.0 (compatible; AhrefsBot/5.0; +http://ahrefs.com/robot/)"
173.245.53.197 - - [30/Jul/2013:17:27:44 +0100] "GET / HTTP/1.1" 200 6505 "-" "Pingdom.com_bot_version_1.4_(http://www.pingdom.com)"
173.245.53.221 - - [30/Jul/2013:17:28:45 +0100] "GET / HTTP/1.1" 200 6505 "-" "Pingdom.com_bot_version_1.4_(http://www.pingdom.com)"
173.245.53.229 - - [30/Jul/2013:17:29:44 +0100] "GET / HTTP/1.1" 200 6505 "-" "Pingdom.com_bot_version_1.4_(http://www.pingdom.com)"
108.162.229.112 - - [30/Jul/2013:17:30:44 +0100] "GET / HTTP/1.1" 200 6505 "-" "Pingdom.com_bot_version_1.4_(http://www.pingdom.com)"
108.162.237.250 - - [30/Jul/2013:17:31:44 +0100] "GET / HTTP/1.1" 200 6505 "-" "Pingdom.com_bot_version_1.4_(http://www.pingdom.com)"
108.162.215.50 - - [30/Jul/2013:17:32:45 +0100] "GET / HTTP/1.1" 200 6505 "-" "Pingdom.com_bot_version_1.4_(http://www.pingdom.com)"
108.162.242.250 - - [30/Jul/2013:17:33:44 +0100] "GET / HTTP/1.1" 200 6505 "-" "Pingdom.com_bot_version_1.4_(http://www.pingdom.com)"
141.101.98.227 - - [30/Jul/2013:17:34:02 +0100] "GET /blog/categories/places/ HTTP/1.1" 200 2129 "-" "Mozilla/5.0 (compatible; AhrefsBot/5.0; +http://ahrefs.com/robot/)"
173.245.49.239 - - [30/Jul/2013:17:34:44 +0100] "GET / HTTP/1.1" 200 6505 "-" "Pingdom.com_bot_version_1.4_(http://www.pingdom.com)"
108.162.219.186 - - [30/Jul/2013:17:35:44 +0100] "GET / HTTP/1.1" 200 6505 "-" "Pingdom.com_bot_version_1.4_(http://www.pingdom.com)"
173.245.53.197 - - [30/Jul/2013:17:36:44 +0100] "GET / HTTP/1.1" 200 6505 "-" "Pingdom.com_bot_version_1.4_(http://www.pingdom.com)"
173.245.53.221 - - [30/Jul/2013:17:37:44 +0100] "GET / HTTP/1.1" 200 6505 "-" "Pingdom.com_bot_version_1.4_(http://www.pingdom.com)"
173.245.53.229 - - [30/Jul/2013:17:38:44 +0100] "GET / HTTP/1.1" 200 6505 "-" "Pingdom.com_bot_version_1.4_(http://www.pingdom.com)"
108.162.229.112 - - [30/Jul/2013:17:39:48 +0100] "GET / HTTP/1.1" 200 6505 "-" "Pingdom.com_bot_version_1.4_(http://www.pingdom.com)"
108.162.237.250 - - [30/Jul/2013:17:40:44 +0100] "GET / HTTP/1.1" 200 6505 "-" "Pingdom.com_bot_version_1.4_(http://www.pingdom.com)"
108.162.215.50 - - [30/Jul/2013:17:41:44 +0100] "GET / HTTP/1.1" 200 6505 "-" "Pingdom.com_bot_version_1.4_(http://www.pingdom.com)"
141.101.98.227 - - [30/Jul/2013:17:42:21 +0100] "GET /about HTTP/1.1" 301 184 "-" "Mozilla/5.0 (compatible; AhrefsBot/5.0; +http://ahrefs.com/robot/)"
108.162.242.250 - - [30/Jul/2013:17:42:44 +0100] "GET / HTTP/1.1" 200 6505 "-" "Pingdom.com_bot_version_1.4_(http://www.pingdom.com)"
173.245.49.239 - - [30/Jul/2013:17:43:46 +0100] "GET / HTTP/1.1" 200 6505 "-" "Pingdom.com_bot_version_1.4_(http://www.pingdom.com)"
108.162.219.186 - - [30/Jul/2013:17:44:44 +0100] "GET / HTTP/1.1" 200 6505 "-" "Pingdom.com_bot_version_1.4_(http://www.pingdom.com)"
173.245.53.197 - - [30/Jul/2013:17:45:44 +0100] "GET / HTTP/1.1" 200 6505 "-" "Pingdom.com_bot_version_1.4_(http://www.pingdom.com)"
173.245.53.221 - - [30/Jul/2013:17:46:44 +0100] "GET / HTTP/1.1" 200 6505 "-" "Pingdom.com_bot_version_1.4_(http://www.pingdom.com)"
173.245.53.229 - - [30/Jul/2013:17:47:44 +0100] "GET / HTTP/1.1" 200 6505 "-" "Pingdom.com_bot_version_1.4_(http://www.pingdom.com)"
108.162.229.112 - - [30/Jul/2013:17:48:44 +0100] "GET / HTTP/1.1" 200 6505 "-" "Pingdom.com_bot_version_1.4_(http://www.pingdom.com)"
108.162.237.250 - - [30/Jul/2013:17:49:44 +0100] "GET / HTTP/1.1" 200 6505 "-" "Pingdom.com_bot_version_1.4_(http://www.pingdom.com)"
108.162.215.50 - - [30/Jul/2013:17:50:44 +0100] "GET / HTTP/1.1" 200 6505 "-" "Pingdom.com_bot_version_1.4_(http://www.pingdom.com)"
108.162.242.250 - - [30/Jul/2013:17:51:44 +0100] "GET / HTTP/1.1" 200 6505 "-" "Pingdom.com_bot_version_1.4_(http://www.pingdom.com)"
173.245.49.239 - - [30/Jul/2013:17:52:44 +0100] "GET / HTTP/1.1" 200 6505 "-" "Pingdom.com_bot_version_1.4_(http://www.pingdom.com)"
108.162.219.186 - - [30/Jul/2013:17:53:44 +0100] "GET / HTTP/1.1" 200 6505 "-" "Pingdom.com_bot_version_1.4_(http://www.pingdom.com)"
173.245.53.197 - - [30/Jul/2013:17:54:44 +0100] "GET / HTTP/1.1" 200 6505 "-" "Pingdom.com_bot_version_1.4_(http://www.pingdom.com)"
173.245.53.221 - - [30/Jul/2013:17:55:44 +0100] "GET / HTTP/1.1" 200 6505 "-" "Pingdom.com_bot_version_1.4_(http://www.pingdom.com)"
141.101.99.23 - - [30/Jul/2013:17:56:34 +0100] "GET /robots.txt HTTP/1.1" 200 67 "-" "Mozilla/5.0 (compatible; YandexBot/3.0; +http://yandex.com/bots)"
173.245.53.229 - - [30/Jul/2013:17:56:45 +0100] "GET / HTTP/1.1" 200 6505 "-" "Pingdom.com_bot_version_1.4_(http://www.pingdom.com)"
108.162.229.112 - - [30/Jul/2013:17:57:44 +0100] "GET / HTTP/1.1" 200 6505 "-" "Pingdom.com_bot_version_1.4_(http://www.pingdom.com)"
108.162.225.117 - - [30/Jul/2013:17:58:36 +0100] "GET /cloudflare-dynamicdns-updater-raspberry-pi/ HTTP/1.1" 200 3585 "https://www.google.com.pk/" "Mozilla/5.0 (Windows NT 6.2; WOW64) AppleWebKit/537.36 (KHTML, like Gecko) Chrome/28.0.1500.72 Safari/537.36"
108.162.224.5 - - [30/Jul/2013:17:58:37 +0100] "GET /fancybox/jquery.fancybox.css HTTP/1.1" 404 198 "http://carmo.org.uk/cloudflare-dynamicdns-updater-raspberry-pi/" "Mozilla/5.0 (Windows NT 6.2; WOW64) AppleWebKit/537.36 (KHTML, like Gecko) Chrome/28.0.1500.72 Safari/537.36"
103.22.201.148 - - [30/Jul/2013:17:58:37 +0100] "GET /stylesheets/screen.css HTTP/1.1" 200 29268 "http://carmo.org.uk/cloudflare-dynamicdns-updater-raspberry-pi/" "Mozilla/5.0 (Windows NT 6.2; WOW64) AppleWebKit/537.36 (KHTML, like Gecko) Chrome/28.0.1500.72 Safari/537.36"
108.162.224.17 - - [30/Jul/2013:17:58:38 +0100] "GET /fancybox/jquery.fancybox.pack.js HTTP/1.1" 404 198 "http://carmo.org.uk/cloudflare-dynamicdns-updater-raspberry-pi/" "Mozilla/5.0 (Windows NT 6.2; WOW64) AppleWebKit/537.36 (KHTML, like Gecko) Chrome/28.0.1500.72 Safari/537.36"
103.22.201.147 - - [30/Jul/2013:17:58:40 +0100] "GET /font/fontawesome-webfont.woff HTTP/1.1" 200 23416 "http://carmo.org.uk/cloudflare-dynamicdns-updater-raspberry-pi/" "Mozilla/5.0 (Windows NT 6.2; WOW64) AppleWebKit/537.36 (KHTML, like Gecko) Chrome/28.0.1500.72 Safari/537.36"
108.162.225.116 - - [30/Jul/2013:17:58:41 +0100] "GET /javascripts/slash.js HTTP/1.1" 200 1786 "http://carmo.org.uk/cloudflare-dynamicdns-updater-raspberry-pi/" "Mozilla/5.0 (Windows NT 6.2; WOW64) AppleWebKit/537.36 (KHTML, like Gecko) Chrome/28.0.1500.72 Safari/537.36"
108.162.224.11 - - [30/Jul/2013:17:58:41 +0100] "GET /javascripts/jquery.fancybox.pack.js HTTP/1.1" 200 17638 "http://carmo.org.uk/cloudflare-dynamicdns-updater-raspberry-pi/" "Mozilla/5.0 (Windows NT 6.2; WOW64) AppleWebKit/537.36 (KHTML, like Gecko) Chrome/28.0.1500.72 Safari/537.36"
108.162.224.17 - - [30/Jul/2013:17:58:42 +0100] "GET /favicon.png HTTP/1.1" 200 957 "-" "Mozilla/5.0 (Windows NT 6.2; WOW64) AppleWebKit/537.36 (KHTML, like Gecko) Chrome/28.0.1500.72 Safari/537.36"
108.162.237.250 - - [30/Jul/2013:17:58:44 +0100] "GET / HTTP/1.1" 200 6505 "-" "Pingdom.com_bot_version_1.4_(http://www.pingdom.com)"
108.162.215.50 - - [30/Jul/2013:17:59:44 +0100] "GET / HTTP/1.1" 200 6505 "-" "Pingdom.com_bot_version_1.4_(http://www.pingdom.com)"
108.162.242.250 - - [30/Jul/2013:18:00:44 +0100] "GET / HTTP/1.1" 200 6505 "-" "Pingdom.com_bot_version_1.4_(http://www.pingdom.com)"
173.245.49.239 - - [30/Jul/2013:18:01:44 +0100] "GET / HTTP/1.1" 200 6505 "-" "Pingdom.com_bot_version_1.4_(http://www.pingdom.com)"
108.162.219.186 - - [30/Jul/2013:18:02:44 +0100] "GET / HTTP/1.1" 200 6505 "-" "Pingdom.com_bot_version_1.4_(http://www.pingdom.com)"
173.245.53.197 - - [30/Jul/2013:18:03:44 +0100] "GET / HTTP/1.1" 200 6505 "-" "Pingdom.com_bot_version_1.4_(http://www.pingdom.com)"
173.245.53.221 - - [30/Jul/2013:18:04:44 +0100] "GET / HTTP/1.1" 200 6505 "-" "Pingdom.com_bot_version_1.4_(http://www.pingdom.com)"
173.245.53.229 - - [30/Jul/2013:18:05:44 +0100] "GET / HTTP/1.1" 200 6505 "-" "Pingdom.com_bot_version_1.4_(http://www.pingdom.com)"
173.245.49.247 - - [30/Jul/2013:18:06:44 +0100] "GET / HTTP/1.1" 200 6505 "-" "Pingdom.com_bot_version_1.4_(http://www.pingdom.com)"
108.162.237.250 - - [30/Jul/2013:18:07:44 +0100] "GET / HTTP/1.1" 200 6505 "-" "Pingdom.com_bot_version_1.4_(http://www.pingdom.com)"
173.245.53.64 - - [30/Jul/2013:18:23:44 +0100] "GET / HTTP/1.1" 200 6505 "-" "Pingdom.com_bot_version_1.4_(http://www.pingdom.com)"
141.101.99.252 - - [30/Jul/2013:18:24:01 +0100] "GET / HTTP/1.1" 200 6505 "-" "Mozilla/5.0 (Macintosh; Intel Mac OS X 10_8_4) AppleWebKit/536.30.1 (KHTML, like Gecko) Version/6.0.5 Safari/536.30.1"
141.101.99.234 - - [30/Jul/2013:18:24:01 +0100] "GET /fancybox/jquery.fancybox.css HTTP/1.1" 404 142 "http://carmo.org.uk/" "Mozilla/5.0 (Macintosh; Intel Mac OS X 10_8_4) AppleWebKit/536.30.1 (KHTML, like Gecko) Version/6.0.5 Safari/536.30.1"
141.101.99.248 - - [30/Jul/2013:18:24:01 +0100] "GET /stylesheets/screen.css HTTP/1.1" 200 29268 "http://carmo.org.uk/" "Mozilla/5.0 (Macintosh; Intel Mac OS X 10_8_4) AppleWebKit/536.30.1 (KHTML, like Gecko) Version/6.0.5 Safari/536.30.1"
141.101.99.252 - - [30/Jul/2013:18:24:02 +0100] "GET /fancybox/jquery.fancybox.pack.js HTTP/1.1" 404 142 "http://carmo.org.uk/" "Mozilla/5.0 (Macintosh; Intel Mac OS X 10_8_4) AppleWebKit/536.30.1 (KHTML, like Gecko) Version/6.0.5 Safari/536.30.1"
141.101.99.236 - - [30/Jul/2013:18:24:03 +0100] "GET /font/fontawesome-webfont.woff HTTP/1.1" 200 23416 "http://carmo.org.uk/" "Mozilla/5.0 (Macintosh; Intel Mac OS X 10_8_4) AppleWebKit/536.30.1 (KHTML, like Gecko) Version/6.0.5 Safari/536.30.1"
141.101.99.251 - - [30/Jul/2013:18:24:03 +0100] "GET /javascripts/slash.js HTTP/1.1" 200 1786 "http://carmo.org.uk/" "Mozilla/5.0 (Macintosh; Intel Mac OS X 10_8_4) AppleWebKit/536.30.1 (KHTML, like Gecko) Version/6.0.5 Safari/536.30.1"
141.101.99.246 - - [30/Jul/2013:18:24:03 +0100] "GET /javascripts/jquery.fancybox.pack.js HTTP/1.1" 200 17638 "http://carmo.org.uk/" "Mozilla/5.0 (Macintosh; Intel Mac OS X 10_8_4) AppleWebKit/536.30.1 (KHTML, like Gecko) Version/6.0.5 Safari/536.30.1"
141.101.99.234 - - [30/Jul/2013:18:24:06 +0100] "GET /favicon.png HTTP/1.1" 200 957 "http://carmo.org.uk/" "Mozilla/5.0 (Macintosh; Intel Mac OS X 10_8_4) AppleWebKit/536.30.1 (KHTML, like Gecko) Version/6.0.5 Safari/536.30.1"
141.101.99.252 - - [30/Jul/2013:18:24:09 +0100] "GET /cleanpress-octopress-theme/ HTTP/1.1" 200 3138 "http://carmo.org.uk/" "Mozilla/5.0 (Macintosh; Intel Mac OS X 10_8_4) AppleWebKit/536.30.1 (KHTML, like Gecko) Version/6.0.5 Safari/536.30.1"
108.162.229.8 - - [30/Jul/2013:18:24:48 +0100] "GET / HTTP/1.1" 200 6505 "-" "Pingdom.com_bot_version_1.4_(http://www.pingdom.com)"
108.162.237.214 - - [30/Jul/2013:18:25:44 +0100] "GET / HTTP/1.1" 200 6505 "-" "Pingdom.com_bot_version_1.4_(http://www.pingdom.com)"
108.162.215.127 - - [30/Jul/2013:18:26:44 +0100] "GET / HTTP/1.1" 200 6505 "-" "Pingdom.com_bot_version_1.4_(http://www.pingdom.com)"
108.162.242.214 - - [30/Jul/2013:18:27:44 +0100] "GET / HTTP/1.1" 200 6505 "-" "Pingdom.com_bot_version_1.4_(http://www.pingdom.com)"
173.245.49.239 - - [30/Jul/2013:18:28:44 +0100] "GET / HTTP/1.1" 200 6505 "-" "Pingdom.com_bot_version_1.4_(http://www.pingdom.com)"
108.162.219.249 - - [30/Jul/2013:18:29:44 +0100] "GET / HTTP/1.1" 200 6505 "-" "Pingdom.com_bot_version_1.4_(http://www.pingdom.com)"
141.101.80.201 - - [30/Jul/2013:18:30:06 +0100] "GET /atom.xml HTTP/1.1" 304 0 "-" "Feedfetcher-Google; (+http://www.google.com/feedfetcher.html; 2 subscribers; feed-id=2726769886677593079)"
173.245.53.230 - - [30/Jul/2013:18:30:44 +0100] "GET / HTTP/1.1" 200 6505 "-" "Pingdom.com_bot_version_1.4_(http://www.pingdom.com)"
173.245.53.29 - - [30/Jul/2013:18:31:44 +0100] "GET / HTTP/1.1" 200 6505 "-" "Pingdom.com_bot_version_1.4_(http://www.pingdom.com)"
173.245.53.64 - - [30/Jul/2013:18:32:44 +0100] "GET / HTTP/1.1" 200 6505 "-" "Pingdom.com_bot_version_1.4_(http://www.pingdom.com)"
108.162.229.8 - - [30/Jul/2013:18:33:45 +0100] "GET / HTTP/1.1" 200 6505 "-" "Pingdom.com_bot_version_1.4_(http://www.pingdom.com)"
108.162.237.214 - - [30/Jul/2013:18:34:44 +0100] "GET / HTTP/1.1" 200 6505 "-" "Pingdom.com_bot_version_1.4_(http://www.pingdom.com)"
141.101.99.234 - - [30/Jul/2013:18:35:09 +0100] "GET /fancybox/jquery.fancybox.css HTTP/1.1" 404 142 "http://carmo.org.uk/" "Mozilla/5.0 (iPhone; CPU iPhone OS 7_0 like Mac OS X) AppleWebKit/537.51.1 (KHTML, like Gecko) Version/6.0 Mobile/11A4435d Safari/8536.25"
141.101.99.252 - - [30/Jul/2013:18:35:09 +0100] "GET /fancybox/jquery.fancybox.pack.js HTTP/1.1" 404 142 "http://carmo.org.uk/" "Mozilla/5.0 (iPhone; CPU iPhone OS 7_0 like Mac OS X) AppleWebKit/537.51.1 (KHTML, like Gecko) Version/6.0 Mobile/11A4435d Safari/8536.25"
108.162.215.127 - - [30/Jul/2013:18:35:44 +0100] "GET / HTTP/1.1" 200 6505 "-" "Pingdom.com_bot_version_1.4_(http://www.pingdom.com)"
108.162.242.214 - - [30/Jul/2013:18:36:44 +0100] "GET / HTTP/1.1" 200 6505 "-" "Pingdom.com_bot_version_1.4_(http://www.pingdom.com)"
173.245.49.239 - - [30/Jul/2013:18:37:46 +0100] "GET / HTTP/1.1" 200 6505 "-" "Pingdom.com_bot_version_1.4_(http://www.pingdom.com)"
108.162.219.249 - - [30/Jul/2013:18:38:44 +0100] "GET / HTTP/1.1" 200 6505 "-" "Pingdom.com_bot_version_1.4_(http://www.pingdom.com)"
173.245.53.230 - - [30/Jul/2013:18:39:44 +0100] "GET / HTTP/1.1" 200 6505 "-" "Pingdom.com_bot_version_1.4_(http://www.pingdom.com)"
173.245.53.29 - - [30/Jul/2013:18:40:44 +0100] "GET / HTTP/1.1" 200 6505 "-" "Pingdom.com_bot_version_1.4_(http://www.pingdom.com)"
173.245.53.64 - - [30/Jul/2013:18:41:44 +0100] "GET / HTTP/1.1" 200 6505 "-" "Pingdom.com_bot_version_1.4_(http://www.pingdom.com)"
108.162.229.8 - - [30/Jul/2013:18:42:44 +0100] "GET / HTTP/1.1" 200 6505 "-" "Pingdom.com_bot_version_1.4_(http://www.pingdom.com)"
108.162.237.214 - - [30/Jul/2013:18:43:44 +0100] "GET / HTTP/1.1" 200 6505 "-" "Pingdom.com_bot_version_1.4_(http://www.pingdom.com)"
108.162.215.127 - - [30/Jul/2013:18:44:44 +0100] "GET / HTTP/1.1" 200 6505 "-" "Pingdom.com_bot_version_1.4_(http://www.pingdom.com)"
108.162.242.214 - - [30/Jul/2013:18:45:44 +0100] "GET / HTTP/1.1" 200 6505 "-" "Pingdom.com_bot_version_1.4_(http://www.pingdom.com)"
173.245.49.239 - - [30/Jul/2013:18:46:49 +0100] "GET / HTTP/1.1" 200 6505 "-" "Pingdom.com_bot_version_1.4_(http://www.pingdom.com)"
108.162.219.249 - - [30/Jul/2013:18:47:45 +0100] "GET / HTTP/1.1" 200 6505 "-" "Pingdom.com_bot_version_1.4_(http://www.pingdom.com)"
173.245.53.230 - - [30/Jul/2013:18:48:44 +0100] "GET / HTTP/1.1" 200 6505 "-" "Pingdom.com_bot_version_1.4_(http://www.pingdom.com)"
173.245.53.29 - - [30/Jul/2013:18:49:44 +0100] "GET / HTTP/1.1" 200 6505 "-" "Pingdom.com_bot_version_1.4_(http://www.pingdom.com)"
173.245.53.64 - - [30/Jul/2013:18:50:44 +0100] "GET / HTTP/1.1" 200 6505 "-" "Pingdom.com_bot_version_1.4_(http://www.pingdom.com)"
173.245.49.247 - - [30/Jul/2013:18:52:07 +0100] "GET / HTTP/1.1" 200 6505 "-" "Pingdom.com_bot_version_1.4_(http://www.pingdom.com)"
108.162.237.214 - - [30/Jul/2013:18:52:44 +0100] "GET / HTTP/1.1" 200 6505 "-" "Pingdom.com_bot_version_1.4_(http://www.pingdom.com)"
199.27.128.153 - - [30/Jul/2013:18:53:31 +0100] "GET /atom.xml HTTP/1.1" 304 0 "-" "Digg Feed Fetcher 1.0 (Mozilla/5.0 (Macintosh; Intel Mac OS X 10_7_1) AppleWebKit/534.48.3 (KHTML, like Gecko) Version/5.1 Safari/534.48.3)"
108.162.215.127 - - [30/Jul/2013:18:53:44 +0100] "GET / HTTP/1.1" 200 6505 "-" "Pingdom.com_bot_version_1.4_(http://www.pingdom.com)"
108.162.242.214 - - [30/Jul/2013:18:54:44 +0100] "GET / HTTP/1.1" 200 6505 "-" "Pingdom.com_bot_version_1.4_(http://www.pingdom.com)"
173.245.49.239 - - [30/Jul/2013:18:55:44 +0100] "GET / HTTP/1.1" 200 6505 "-" "Pingdom.com_bot_version_1.4_(http://www.pingdom.com)"
108.162.219.249 - - [30/Jul/2013:18:56:44 +0100] "GET / HTTP/1.1" 200 6505 "-" "Pingdom.com_bot_version_1.4_(http://www.pingdom.com)"
173.245.53.230 - - [30/Jul/2013:18:57:44 +0100] "GET / HTTP/1.1" 200 6505 "-" "Pingdom.com_bot_version_1.4_(http://www.pingdom.com)"
173.245.53.29 - - [30/Jul/2013:18:58:44 +0100] "GET / HTTP/1.1" 200 6505 "-" "Pingdom.com_bot_version_1.4_(http://www.pingdom.com)"
108.162.228.5 - - [30/Jul/2013:18:59:31 +0100] "GET / HTTP/1.1" 200 6505 "http://opthemes.com/" "Mozilla/5.0 (Windows NT 6.2; WOW64) AppleWebKit/537.36 (KHTML, like Gecko) Chrome/28.0.1500.72 Safari/537.36"
108.162.229.20 - - [30/Jul/2013:18:59:31 +0100] "GET /stylesheets/screen.css HTTP/1.1" 200 29268 "http://carmo.org.uk/" "Mozilla/5.0 (Windows NT 6.2; WOW64) AppleWebKit/537.36 (KHTML, like Gecko) Chrome/28.0.1500.72 Safari/537.36"
108.162.228.5 - - [30/Jul/2013:18:59:32 +0100] "GET /fancybox/jquery.fancybox.css HTTP/1.1" 404 198 "http://carmo.org.uk/" "Mozilla/5.0 (Windows NT 6.2; WOW64) AppleWebKit/537.36 (KHTML, like Gecko) Chrome/28.0.1500.72 Safari/537.36"
108.162.229.18 - - [30/Jul/2013:18:59:34 +0100] "GET /font/fontawesome-webfont.woff HTTP/1.1" 200 23416 "http://carmo.org.uk/" "Mozilla/5.0 (Windows NT 6.2; WOW64) AppleWebKit/537.36 (KHTML, like Gecko) Chrome/28.0.1500.72 Safari/537.36"
108.162.228.17 - - [30/Jul/2013:18:59:34 +0100] "GET /fancybox/jquery.fancybox.pack.js HTTP/1.1" 404 198 "http://carmo.org.uk/" "Mozilla/5.0 (Windows NT 6.2; WOW64) AppleWebKit/537.36 (KHTML, like Gecko) Chrome/28.0.1500.72 Safari/537.36"
108.162.228.11 - - [30/Jul/2013:18:59:34 +0100] "GET /javascripts/slash.js HTTP/1.1" 200 1786 "http://carmo.org.uk/" "Mozilla/5.0 (Windows NT 6.2; WOW64) AppleWebKit/537.36 (KHTML, like Gecko) Chrome/28.0.1500.72 Safari/537.36"
108.162.228.11 - - [30/Jul/2013:18:59:35 +0100] "GET /javascripts/jquery.fancybox.pack.js HTTP/1.1" 200 17638 "http://carmo.org.uk/" "Mozilla/5.0 (Windows NT 6.2; WOW64) AppleWebKit/537.36 (KHTML, like Gecko) Chrome/28.0.1500.72 Safari/537.36"
108.162.228.17 - - [30/Jul/2013:18:59:40 +0100] "GET /favicon.png HTTP/1.1" 200 957 "-" "Mozilla/5.0 (Windows NT 6.2; WOW64) AppleWebKit/537.36 (KHTML, like Gecko) Chrome/28.0.1500.72 Safari/537.36"
173.245.53.64 - - [30/Jul/2013:18:59:44 +0100] "GET / HTTP/1.1" 200 6505 "-" "Pingdom.com_bot_version_1.4_(http://www.pingdom.com)"
108.162.229.8 - - [30/Jul/2013:19:00:44 +0100] "GET / HTTP/1.1" 200 6505 "-" "Pingdom.com_bot_version_1.4_(http://www.pingdom.com)"
108.162.237.214 - - [30/Jul/2013:19:01:44 +0100] "GET / HTTP/1.1" 200 6505 "-" "Pingdom.com_bot_version_1.4_(http://www.pingdom.com)"
108.162.215.127 - - [30/Jul/2013:19:02:44 +0100] "GET / HTTP/1.1" 200 6505 "-" "Pingdom.com_bot_version_1.4_(http://www.pingdom.com)"
108.162.242.214 - - [30/Jul/2013:19:03:44 +0100] "GET / HTTP/1.1" 200 6505 "-" "Pingdom.com_bot_version_1.4_(http://www.pingdom.com)"
173.245.49.239 - - [30/Jul/2013:19:04:44 +0100] "GET / HTTP/1.1" 200 6505 "-" "Pingdom.com_bot_version_1.4_(http://www.pingdom.com)"
108.162.219.249 - - [30/Jul/2013:19:05:45 +0100] "GET / HTTP/1.1" 200 6505 "-" "Pingdom.com_bot_version_1.4_(http://www.pingdom.com)"
108.162.228.5 - - [30/Jul/2013:19:06:00 +0100] "GET /about HTTP/1.1" 301 184 "http://carmo.org.uk/" "Mozilla/5.0 (Windows NT 6.2; WOW64) AppleWebKit/537.36 (KHTML, like Gecko) Chrome/28.0.1500.72 Safari/537.36"
108.162.228.5 - - [30/Jul/2013:19:06:01 +0100] "GET /about/ HTTP/1.1" 200 2851 "http://carmo.org.uk/" "Mozilla/5.0 (Windows NT 6.2; WOW64) AppleWebKit/537.36 (KHTML, like Gecko) Chrome/28.0.1500.72 Safari/537.36"
108.162.228.5 - - [30/Jul/2013:19:06:17 +0100] "GET /archives HTTP/1.1" 301 184 "http://carmo.org.uk/about/" "Mozilla/5.0 (Windows NT 6.2; WOW64) AppleWebKit/537.36 (KHTML, like Gecko) Chrome/28.0.1500.72 Safari/537.36"
108.162.228.5 - - [30/Jul/2013:19:06:18 +0100] "GET /archives/ HTTP/1.1" 200 2563 "http://carmo.org.uk/about/" "Mozilla/5.0 (Windows NT 6.2; WOW64) AppleWebKit/537.36 (KHTML, like Gecko) Chrome/28.0.1500.72 Safari/537.36"
108.162.228.5 - - [30/Jul/2013:19:06:24 +0100] "GET /cleanpress-octopress-theme/ HTTP/1.1" 200 3138 "http://carmo.org.uk/archives/" "Mozilla/5.0 (Windows NT 6.2; WOW64) AppleWebKit/537.36 (KHTML, like Gecko) Chrome/28.0.1500.72 Safari/537.36"
173.245.53.230 - - [30/Jul/2013:19:06:44 +0100] "GET / HTTP/1.1" 200 6505 "-" "Pingdom.com_bot_version_1.4_(http://www.pingdom.com)"
173.245.53.29 - - [30/Jul/2013:19:07:44 +0100] "GET / HTTP/1.1" 200 6505 "-" "Pingdom.com_bot_version_1.4_(http://www.pingdom.com)"
173.245.53.64 - - [30/Jul/2013:19:08:44 +0100] "GET / HTTP/1.1" 200 6505 "-" "Pingdom.com_bot_version_1.4_(http://www.pingdom.com)"
108.162.229.8 - - [30/Jul/2013:19:09:46 +0100] "GET / HTTP/1.1" 200 6505 "-" "Pingdom.com_bot_version_1.4_(http://www.pingdom.com)"
103.22.201.74 - - [30/Jul/2013:19:09:49 +0100] "GET / HTTP/1.1" 200 6505 "-" "Mozilla/5.0 (Macintosh; Intel Mac OS X 10_7_5) AppleWebKit/537.36 (KHTML, like Gecko) Chrome/28.0.1500.71 Safari/537.36"
108.162.225.13 - - [30/Jul/2013:19:09:52 +0100] "GET /fancybox/jquery.fancybox.css HTTP/1.1" 404 198 "http://carmo.org.uk/" "Mozilla/5.0 (Macintosh; Intel Mac OS X 10_7_5) AppleWebKit/537.36 (KHTML, like Gecko) Chrome/28.0.1500.71 Safari/537.36"
108.162.225.15 - - [30/Jul/2013:19:09:56 +0100] "GET /fancybox/jquery.fancybox.pack.js HTTP/1.1" 404 198 "http://carmo.org.uk/" "Mozilla/5.0 (Macintosh; Intel Mac OS X 10_7_5) AppleWebKit/537.36 (KHTML, like Gecko) Chrome/28.0.1500.71 Safari/537.36"
108.162.237.214 - - [30/Jul/2013:19:10:44 +0100] "GET / HTTP/1.1" 200 6505 "-" "Pingdom.com_bot_version_1.4_(http://www.pingdom.com)"
108.162.215.127 - - [30/Jul/2013:19:11:44 +0100] "GET / HTTP/1.1" 200 6505 "-" "Pingdom.com_bot_version_1.4_(http://www.pingdom.com)"
108.162.242.214 - - [30/Jul/2013:19:12:44 +0100] "GET / HTTP/1.1" 200 6505 "-" "Pingdom.com_bot_version_1.4_(http://www.pingdom.com)"
173.245.49.239 - - [30/Jul/2013:19:13:44 +0100] "GET / HTTP/1.1" 200 6505 "-" "Pingdom.com_bot_version_1.4_(http://www.pingdom.com)"
108.162.219.249 - - [30/Jul/2013:19:14:44 +0100] "GET / HTTP/1.1" 200 6505 "-" "Pingdom.com_bot_version_1.4_(http://www.pingdom.com)"
108.162.228.17 - - [30/Jul/2013:19:15:03 +0100] "GET /fancybox/jquery.fancybox.pack.js HTTP/1.1" 404 198 "http://carmo.org.uk/cleanpress-octopress-theme/" "Mozilla/5.0 (Windows NT 6.2; WOW64) AppleWebKit/537.36 (KHTML, like Gecko) Chrome/28.0.1500.72 Safari/537.36"
173.245.53.230 - - [30/Jul/2013:19:15:44 +0100] "GET / HTTP/1.1" 200 6505 "-" "Pingdom.com_bot_version_1.4_(http://www.pingdom.com)"
173.245.53.29 - - [30/Jul/2013:19:16:44 +0100] "GET / HTTP/1.1" 200 6505 "-" "Pingdom.com_bot_version_1.4_(http://www.pingdom.com)"
173.245.53.64 - - [30/Jul/2013:19:17:44 +0100] "GET / HTTP/1.1" 200 6505 "-" "Pingdom.com_bot_version_1.4_(http://www.pingdom.com)"
108.162.229.8 - - [30/Jul/2013:19:18:46 +0100] "GET / HTTP/1.1" 200 6505 "-" "Pingdom.com_bot_version_1.4_(http://www.pingdom.com)"
108.162.237.214 - - [30/Jul/2013:19:19:44 +0100] "GET / HTTP/1.1" 200 6505 "-" "Pingdom.com_bot_version_1.4_(http://www.pingdom.com)"
108.162.215.127 - - [30/Jul/2013:19:20:44 +0100] "GET / HTTP/1.1" 200 6505 "-" "Pingdom.com_bot_version_1.4_(http://www.pingdom.com)"
108.162.242.214 - - [30/Jul/2013:19:21:44 +0100] "GET / HTTP/1.1" 200 6505 "-" "Pingdom.com_bot_version_1.4_(http://www.pingdom.com)"
108.162.228.29 - - [30/Jul/2013:19:22:44 +0100] "GET / HTTP/1.1" 200 6505 "-" "Pingdom.com_bot_version_1.4_(http://www.pingdom.com)"
108.162.219.249 - - [30/Jul/2013:19:23:45 +0100] "GET / HTTP/1.1" 200 6505 "-" "Pingdom.com_bot_version_1.4_(http://www.pingdom.com)"
173.245.53.230 - - [30/Jul/2013:19:24:44 +0100] "GET / HTTP/1.1" 200 6505 "-" "Pingdom.com_bot_version_1.4_(http://www.pingdom.com)"
173.245.53.29 - - [30/Jul/2013:19:25:44 +0100] "GET / HTTP/1.1" 200 6505 "-" "Pingdom.com_bot_version_1.4_(http://www.pingdom.com)"
141.101.80.201 - - [30/Jul/2013:19:25:56 +0100] "GET /atom.xml HTTP/1.1" 304 0 "-" "Feedfetcher-Google; (+http://www.google.com/feedfetcher.html; 2 subscribers; feed-id=2726769886677593079)"
173.245.53.64 - - [30/Jul/2013:19:26:44 +0100] "GET / HTTP/1.1" 200 6505 "-" "Pingdom.com_bot_version_1.4_(http://www.pingdom.com)"
108.162.229.8 - - [30/Jul/2013:19:27:45 +0100] "GET / HTTP/1.1" 200 6505 "-" "Pingdom.com_bot_version_1.4_(http://www.pingdom.com)"
108.162.237.214 - - [30/Jul/2013:19:28:44 +0100] "GET / HTTP/1.1" 200 6505 "-" "Pingdom.com_bot_version_1.4_(http://www.pingdom.com)"
108.162.215.127 - - [30/Jul/2013:19:29:44 +0100] "GET / HTTP/1.1" 200 6505 "-" "Pingdom.com_bot_version_1.4_(http://www.pingdom.com)"
108.162.242.214 - - [30/Jul/2013:19:30:44 +0100] "GET / HTTP/1.1" 200 6505 "-" "Pingdom.com_bot_version_1.4_(http://www.pingdom.com)"
173.245.49.239 - - [30/Jul/2013:19:31:45 +0100] "GET / HTTP/1.1" 200 6505 "-" "Pingdom.com_bot_version_1.4_(http://www.pingdom.com)"
108.162.219.249 - - [30/Jul/2013:19:32:44 +0100] "GET / HTTP/1.1" 200 6505 "-" "Pingdom.com_bot_version_1.4_(http://www.pingdom.com)"
173.245.53.242 - - [30/Jul/2013:19:33:15 +0100] "GET / HTTP/1.1" 200 6505 "-" "Mozilla/5.0 (Windows NT 6.2; WOW64) AppleWebKit/537.36 (KHTML, like Gecko) Chrome/28.0.1500.72 Safari/537.36"
173.245.53.240 - - [30/Jul/2013:19:33:17 +0100] "GET /stylesheets/screen.css HTTP/1.1" 200 29268 "http://carmo.org.uk/" "Mozilla/5.0 (Windows NT 6.2; WOW64) AppleWebKit/537.36 (KHTML, like Gecko) Chrome/28.0.1500.72 Safari/537.36"
173.245.53.245 - - [30/Jul/2013:19:33:17 +0100] "GET /fancybox/jquery.fancybox.css HTTP/1.1" 404 198 "http://carmo.org.uk/" "Mozilla/5.0 (Windows NT 6.2; WOW64) AppleWebKit/537.36 (KHTML, like Gecko) Chrome/28.0.1500.72 Safari/537.36"
173.245.53.244 - - [30/Jul/2013:19:33:24 +0100] "GET /fancybox/jquery.fancybox.pack.js HTTP/1.1" 404 198 "http://carmo.org.uk/" "Mozilla/5.0 (Windows NT 6.2; WOW64) AppleWebKit/537.36 (KHTML, like Gecko) Chrome/28.0.1500.72 Safari/537.36"
173.245.53.230 - - [30/Jul/2013:19:33:44 +0100] "GET / HTTP/1.1" 200 6505 "-" "Pingdom.com_bot_version_1.4_(http://www.pingdom.com)"
173.245.53.29 - - [30/Jul/2013:19:34:44 +0100] "GET / HTTP/1.1" 200 6505 "-" "Pingdom.com_bot_version_1.4_(http://www.pingdom.com)"
173.245.53.64 - - [30/Jul/2013:19:35:44 +0100] "GET / HTTP/1.1" 200 6505 "-" "Pingdom.com_bot_version_1.4_(http://www.pingdom.com)"
173.245.49.247 - - [30/Jul/2013:19:36:44 +0100] "GET / HTTP/1.1" 200 6505 "-" "Pingdom.com_bot_version_1.4_(http://www.pingdom.com)"
108.162.237.214 - - [30/Jul/2013:19:37:44 +0100] "GET / HTTP/1.1" 200 6505 "-" "Pingdom.com_bot_version_1.4_(http://www.pingdom.com)"
108.162.215.127 - - [30/Jul/2013:19:38:44 +0100] "GET / HTTP/1.1" 200 6505 "-" "Pingdom.com_bot_version_1.4_(http://www.pingdom.com)"
108.162.242.214 - - [30/Jul/2013:19:39:44 +0100] "GET / HTTP/1.1" 200 6505 "-" "Pingdom.com_bot_version_1.4_(http://www.pingdom.com)"
173.245.49.239 - - [30/Jul/2013:19:40:45 +0100] "GET / HTTP/1.1" 200 6505 "-" "Pingdom.com_bot_version_1.4_(http://www.pingdom.com)"
108.162.219.249 - - [30/Jul/2013:19:41:44 +0100] "GET / HTTP/1.1" 200 6505 "-" "Pingdom.com_bot_version_1.4_(http://www.pingdom.com)"
173.245.53.230 - - [30/Jul/2013:19:42:44 +0100] "GET / HTTP/1.1" 200 6505 "-" "Pingdom.com_bot_version_1.4_(http://www.pingdom.com)"
173.245.53.29 - - [30/Jul/2013:19:43:44 +0100] "GET / HTTP/1.1" 200 6505 "-" "Pingdom.com_bot_version_1.4_(http://www.pingdom.com)"
173.245.53.64 - - [30/Jul/2013:19:44:44 +0100] "GET / HTTP/1.1" 200 6505 "-" "Pingdom.com_bot_version_1.4_(http://www.pingdom.com)"
173.245.49.247 - - [30/Jul/2013:19:45:44 +0100] "GET / HTTP/1.1" 200 6505 "-" "Pingdom.com_bot_version_1.4_(http://www.pingdom.com)"
108.162.237.214 - - [30/Jul/2013:19:46:44 +0100] "GET / HTTP/1.1" 200 6505 "-" "Pingdom.com_bot_version_1.4_(http://www.pingdom.com)"
108.162.215.127 - - [30/Jul/2013:19:47:44 +0100] "GET / HTTP/1.1" 200 6505 "-" "Pingdom.com_bot_version_1.4_(http://www.pingdom.com)"
108.162.242.214 - - [30/Jul/2013:19:48:44 +0100] "GET / HTTP/1.1" 200 6505 "-" "Pingdom.com_bot_version_1.4_(http://www.pingdom.com)"
173.245.49.239 - - [30/Jul/2013:19:49:44 +0100] "GET / HTTP/1.1" 200 6505 "-" "Pingdom.com_bot_version_1.4_(http://www.pingdom.com)"
108.162.219.249 - - [30/Jul/2013:19:50:44 +0100] "GET / HTTP/1.1" 200 6505 "-" "Pingdom.com_bot_version_1.4_(http://www.pingdom.com)"
173.245.53.230 - - [30/Jul/2013:19:51:44 +0100] "GET / HTTP/1.1" 200 6505 "-" "Pingdom.com_bot_version_1.4_(http://www.pingdom.com)"
173.245.53.29 - - [30/Jul/2013:19:52:44 +0100] "GET / HTTP/1.1" 200 6505 "-" "Pingdom.com_bot_version_1.4_(http://www.pingdom.com)"
173.245.53.64 - - [30/Jul/2013:19:53:44 +0100] "GET / HTTP/1.1" 200 6505 "-" "Pingdom.com_bot_version_1.4_(http://www.pingdom.com)"
173.245.49.247 - - [30/Jul/2013:19:54:44 +0100] "GET / HTTP/1.1" 200 6505 "-" "Pingdom.com_bot_version_1.4_(http://www.pingdom.com)"
108.162.237.214 - - [30/Jul/2013:19:55:44 +0100] "GET / HTTP/1.1" 200 6505 "-" "Pingdom.com_bot_version_1.4_(http://www.pingdom.com)"
108.162.215.127 - - [30/Jul/2013:19:56:44 +0100] "GET / HTTP/1.1" 200 6505 "-" "Pingdom.com_bot_version_1.4_(http://www.pingdom.com)"
108.162.242.214 - - [30/Jul/2013:19:57:44 +0100] "GET / HTTP/1.1" 200 6505 "-" "Pingdom.com_bot_version_1.4_(http://www.pingdom.com)"
173.245.49.239 - - [30/Jul/2013:19:58:45 +0100] "GET / HTTP/1.1" 200 6505 "-" "Pingdom.com_bot_version_1.4_(http://www.pingdom.com)"
108.162.219.249 - - [30/Jul/2013:19:59:45 +0100] "GET / HTTP/1.1" 200 6505 "-" "Pingdom.com_bot_version_1.4_(http://www.pingdom.com)"
173.245.53.230 - - [30/Jul/2013:20:00:44 +0100] "GET / HTTP/1.1" 200 6505 "-" "Pingdom.com_bot_version_1.4_(http://www.pingdom.com)"
173.245.53.29 - - [30/Jul/2013:20:01:44 +0100] "GET / HTTP/1.1" 200 6505 "-" "Pingdom.com_bot_version_1.4_(http://www.pingdom.com)"
173.245.53.64 - - [30/Jul/2013:20:02:44 +0100] "GET / HTTP/1.1" 200 6505 "-" "Pingdom.com_bot_version_1.4_(http://www.pingdom.com)"
173.245.49.247 - - [30/Jul/2013:20:03:45 +0100] "GET / HTTP/1.1" 200 6505 "-" "Pingdom.com_bot_version_1.4_(http://www.pingdom.com)"
108.162.237.214 - - [30/Jul/2013:20:04:44 +0100] "GET / HTTP/1.1" 200 6505 "-" "Pingdom.com_bot_version_1.4_(http://www.pingdom.com)"
108.162.215.127 - - [30/Jul/2013:20:05:44 +0100] "GET / HTTP/1.1" 200 6505 "-" "Pingdom.com_bot_version_1.4_(http://www.pingdom.com)"
108.162.242.214 - - [30/Jul/2013:20:06:44 +0100] "GET / HTTP/1.1" 200 6505 "-" "Pingdom.com_bot_version_1.4_(http://www.pingdom.com)"
199.27.128.127 - - [30/Jul/2013:20:07:29 +0100] "GET /atom.xml HTTP/1.1" 304 0 "-" "Feedly/1.0 (+http://www.feedly.com/fetcher.html; like FeedFetcher-Google)"
173.245.49.239 - - [30/Jul/2013:20:07:44 +0100] "GET / HTTP/1.1" 200 6505 "-" "Pingdom.com_bot_version_1.4_(http://www.pingdom.com)"
108.162.219.249 - - [30/Jul/2013:20:08:44 +0100] "GET / HTTP/1.1" 200 6505 "-" "Pingdom.com_bot_version_1.4_(http://www.pingdom.com)"
173.245.53.230 - - [30/Jul/2013:20:09:44 +0100] "GET / HTTP/1.1" 200 6505 "-" "Pingdom.com_bot_version_1.4_(http://www.pingdom.com)"
173.245.53.29 - - [30/Jul/2013:20:10:44 +0100] "GET / HTTP/1.1" 200 6505 "-" "Pingdom.com_bot_version_1.4_(http://www.pingdom.com)"
173.245.53.64 - - [30/Jul/2013:20:11:44 +0100] "GET / HTTP/1.1" 200 6505 "-" "Pingdom.com_bot_version_1.4_(http://www.pingdom.com)"
199.27.128.160 - - [30/Jul/2013:20:12:18 +0100] "GET / HTTP/1.1" 200 6505 "-" "Mozilla/5.0 (Macintosh; Intel Mac OS X 10_7_5) AppleWebKit/537.36 (KHTML, like Gecko) Chrome/30.0.1573.2 Safari/537.36"
199.27.128.160 - - [30/Jul/2013:20:12:19 +0100] "GET /fancybox/jquery.fancybox.css HTTP/1.1" 404 198 "http://carmo.org.uk/" "Mozilla/5.0 (Macintosh; Intel Mac OS X 10_7_5) AppleWebKit/537.36 (KHTML, like Gecko) Chrome/30.0.1573.2 Safari/537.36"
199.27.128.149 - - [30/Jul/2013:20:12:19 +0100] "GET /stylesheets/screen.css HTTP/1.1" 200 29268 "http://carmo.org.uk/" "Mozilla/5.0 (Macintosh; Intel Mac OS X 10_7_5) AppleWebKit/537.36 (KHTML, like Gecko) Chrome/30.0.1573.2 Safari/537.36"
199.27.128.151 - - [30/Jul/2013:20:12:20 +0100] "GET /fancybox/jquery.fancybox.pack.js HTTP/1.1" 404 198 "http://carmo.org.uk/" "Mozilla/5.0 (Macintosh; Intel Mac OS X 10_7_5) AppleWebKit/537.36 (KHTML, like Gecko) Chrome/30.0.1573.2 Safari/537.36"
199.27.128.154 - - [30/Jul/2013:20:12:21 +0100] "GET /font/fontawesome-webfont.woff HTTP/1.1" 200 23416 "http://carmo.org.uk/" "Mozilla/5.0 (Macintosh; Intel Mac OS X 10_7_5) AppleWebKit/537.36 (KHTML, like Gecko) Chrome/30.0.1573.2 Safari/537.36"
199.27.128.154 - - [30/Jul/2013:20:12:21 +0100] "GET /javascripts/slash.js HTTP/1.1" 200 1786 "http://carmo.org.uk/" "Mozilla/5.0 (Macintosh; Intel Mac OS X 10_7_5) AppleWebKit/537.36 (KHTML, like Gecko) Chrome/30.0.1573.2 Safari/537.36"
199.27.128.155 - - [30/Jul/2013:20:12:21 +0100] "GET /javascripts/jquery.fancybox.pack.js HTTP/1.1" 200 17638 "http://carmo.org.uk/" "Mozilla/5.0 (Macintosh; Intel Mac OS X 10_7_5) AppleWebKit/537.36 (KHTML, like Gecko) Chrome/30.0.1573.2 Safari/537.36"
108.162.229.8 - - [30/Jul/2013:20:12:46 +0100] "GET / HTTP/1.1" 200 6505 "-" "Pingdom.com_bot_version_1.4_(http://www.pingdom.com)"
108.162.237.214 - - [30/Jul/2013:20:13:44 +0100] "GET / HTTP/1.1" 200 6505 "-" "Pingdom.com_bot_version_1.4_(http://www.pingdom.com)"
108.162.215.127 - - [30/Jul/2013:20:14:44 +0100] "GET / HTTP/1.1" 200 6505 "-" "Pingdom.com_bot_version_1.4_(http://www.pingdom.com)"
108.162.228.5 - - [30/Jul/2013:20:14:49 +0100] "GET /cleanpress-octopress-theme/ HTTP/1.1" 200 3138 "-" "Mozilla/5.0 (Windows NT 6.2; WOW64) AppleWebKit/537.36 (KHTML, like Gecko) Chrome/30.0.1580.0 Safari/537.36"
108.162.228.5 - - [30/Jul/2013:20:14:49 +0100] "GET /fancybox/jquery.fancybox.css HTTP/1.1" 404 198 "http://carmo.org.uk/cleanpress-octopress-theme/" "Mozilla/5.0 (Windows NT 6.2; WOW64) AppleWebKit/537.36 (KHTML, like Gecko) Chrome/30.0.1580.0 Safari/537.36"
108.162.228.17 - - [30/Jul/2013:20:14:51 +0100] "GET /fancybox/jquery.fancybox.pack.js HTTP/1.1" 404 198 "http://carmo.org.uk/cleanpress-octopress-theme/" "Mozilla/5.0 (Windows NT 6.2; WOW64) AppleWebKit/537.36 (KHTML, like Gecko) Chrome/30.0.1580.0 Safari/537.36"
108.162.242.214 - - [30/Jul/2013:20:15:44 +0100] "GET / HTTP/1.1" 200 6505 "-" "Pingdom.com_bot_version_1.4_(http://www.pingdom.com)"
173.245.49.239 - - [30/Jul/2013:20:16:44 +0100] "GET / HTTP/1.1" 200 6505 "-" "Pingdom.com_bot_version_1.4_(http://www.pingdom.com)"
141.101.98.44 - - [30/Jul/2013:20:17:14 +0100] "GET / HTTP/1.1" 200 6505 "-" "Mozilla/4.0 (compatible; MSIE 7.0; Windows NT 5.1; InfoPath.1; .NET CLR 2.0.50727; .NET CLR 1.1.4322; MS-RTC LM 8; .NET CLR 3.0.4506.2152; .NET CLR 3.5.30729)"
108.162.216.7 - - [30/Jul/2013:20:17:14 +0100] "GET / HTTP/1.1" 200 6505 "-" "Mozilla/5.0 (Macintosh; Intel Mac OS X 10_7_5) AppleWebKit/536.30.1 (KHTML, like Gecko) Version/6.0.5 Safari/536.30.1"
173.245.55.246 - - [30/Jul/2013:20:17:15 +0100] "GET /fancybox/jquery.fancybox.css HTTP/1.1" 404 142 "http://carmo.org.uk/" "Mozilla/5.0 (Macintosh; Intel Mac OS X 10_7_5) AppleWebKit/536.30.1 (KHTML, like Gecko) Version/6.0.5 Safari/536.30.1"
108.162.216.8 - - [30/Jul/2013:20:17:15 +0100] "GET /stylesheets/screen.css HTTP/1.1" 200 29268 "http://carmo.org.uk/" "Mozilla/5.0 (Macintosh; Intel Mac OS X 10_7_5) AppleWebKit/536.30.1 (KHTML, like Gecko) Version/6.0.5 Safari/536.30.1"
108.162.216.6 - - [30/Jul/2013:20:17:16 +0100] "GET /font/fontawesome-webfont.woff HTTP/1.1" 200 23416 "http://carmo.org.uk/" "Mozilla/5.0 (Macintosh; Intel Mac OS X 10_7_5) AppleWebKit/536.30.1 (KHTML, like Gecko) Version/6.0.5 Safari/536.30.1"
