108.162.229.8 - - [31/Jul/2013:04:24:09 +0100] "GET / HTTP/1.1" 200 6505 "-" "Pingdom.com_bot_version_1.4_(http://www.pingdom.com)"
173.245.53.230 - - [31/Jul/2013:04:24:44 +0100] "GET / HTTP/1.1" 200 6505 "-" "Pingdom.com_bot_version_1.4_(http://www.pingdom.com)"
173.245.53.29 - - [31/Jul/2013:04:25:44 +0100] "GET / HTTP/1.1" 200 6505 "-" "Pingdom.com_bot_version_1.4_(http://www.pingdom.com)"
141.101.70.115 - - [31/Jul/2013:04:26:38 +0100] "GET /blog/categories/street/ HTTP/1.1" 200 2135 "-" "Mozilla/5.0 (compatible; AhrefsBot/5.0; +http://ahrefs.com/robot/)"
173.245.53.64 - - [31/Jul/2013:04:26:44 +0100] "GET / HTTP/1.1" 200 6505 "-" "Pingdom.com_bot_version_1.4_(http://www.pingdom.com)"
141.101.70.115 - - [31/Jul/2013:04:27:08 +0100] "GET /boat/ HTTP/1.1" 200 2379 "-" "Mozilla/5.0 (compatible; AhrefsBot/5.0; +http://ahrefs.com/robot/)"
108.162.229.8 - - [31/Jul/2013:04:27:44 +0100] "GET / HTTP/1.1" 200 6505 "-" "Pingdom.com_bot_version_1.4_(http://www.pingdom.com)"
108.162.237.214 - - [31/Jul/2013:04:28:44 +0100] "GET / HTTP/1.1" 200 6505 "-" "Pingdom.com_bot_version_1.4_(http://www.pingdom.com)"
108.162.215.127 - - [31/Jul/2013:04:29:44 +0100] "GET / HTTP/1.1" 200 6505 "-" "Pingdom.com_bot_version_1.4_(http://www.pingdom.com)"
108.162.242.214 - - [31/Jul/2013:04:30:44 +0100] "GET / HTTP/1.1" 200 6505 "-" "Pingdom.com_bot_version_1.4_(http://www.pingdom.com)"
173.245.49.239 - - [31/Jul/2013:04:31:44 +0100] "GET / HTTP/1.1" 200 6505 "-" "Pingdom.com_bot_version_1.4_(http://www.pingdom.com)"
108.162.229.8 - - [31/Jul/2013:04:33:08 +0100] "GET / HTTP/1.1" 200 6505 "-" "Pingdom.com_bot_version_1.4_(http://www.pingdom.com)"
173.245.53.230 - - [31/Jul/2013:04:33:44 +0100] "GET / HTTP/1.1" 200 6505 "-" "Pingdom.com_bot_version_1.4_(http://www.pingdom.com)"
141.101.70.115 - - [31/Jul/2013:04:34:33 +0100] "GET /blog/categories/development/ HTTP/1.1" 200 2298 "-" "Mozilla/5.0 (compatible; AhrefsBot/5.0; +http://ahrefs.com/robot/)"
173.245.53.29 - - [31/Jul/2013:04:34:44 +0100] "GET / HTTP/1.1" 200 6505 "-" "Pingdom.com_bot_version_1.4_(http://www.pingdom.com)"
108.162.222.29 - - [31/Jul/2013:04:34:53 +0100] "GET / HTTP/1.1" 200 6505 "-" "Mozilla/5.0 (Macintosh; Intel Mac OS X 10_9_0) AppleWebKit/537.36 (KHTML, like Gecko) Chrome/28.0.1500.71 Safari/537.36"
108.162.222.13 - - [31/Jul/2013:04:34:53 +0100] "GET /fancybox/jquery.fancybox.css HTTP/1.1" 404 198 "http://carmo.org.uk/" "Mozilla/5.0 (Macintosh; Intel Mac OS X 10_9_0) AppleWebKit/537.36 (KHTML, like Gecko) Chrome/28.0.1500.71 Safari/537.36"
108.162.222.32 - - [31/Jul/2013:04:34:54 +0100] "GET /stylesheets/screen.css HTTP/1.1" 200 29268 "http://carmo.org.uk/" "Mozilla/5.0 (Macintosh; Intel Mac OS X 10_9_0) AppleWebKit/537.36 (KHTML, like Gecko) Chrome/28.0.1500.71 Safari/537.36"
108.162.222.15 - - [31/Jul/2013:04:34:55 +0100] "GET /fancybox/jquery.fancybox.pack.js HTTP/1.1" 404 198 "http://carmo.org.uk/" "Mozilla/5.0 (Macintosh; Intel Mac OS X 10_9_0) AppleWebKit/537.36 (KHTML, like Gecko) Chrome/28.0.1500.71 Safari/537.36"
108.162.222.30 - - [31/Jul/2013:04:34:56 +0100] "GET /font/fontawesome-webfont.woff HTTP/1.1" 200 23416 "http://carmo.org.uk/" "Mozilla/5.0 (Macintosh; Intel Mac OS X 10_9_0) AppleWebKit/537.36 (KHTML, like Gecko) Chrome/28.0.1500.71 Safari/537.36"
108.162.222.29 - - [31/Jul/2013:04:34:56 +0100] "GET /javascripts/slash.js HTTP/1.1" 200 1786 "http://carmo.org.uk/" "Mozilla/5.0 (Macintosh; Intel Mac OS X 10_9_0) AppleWebKit/537.36 (KHTML, like Gecko) Chrome/28.0.1500.71 Safari/537.36"
108.162.222.14 - - [31/Jul/2013:04:34:56 +0100] "GET /javascripts/jquery.fancybox.pack.js HTTP/1.1" 200 17638 "http://carmo.org.uk/" "Mozilla/5.0 (Macintosh; Intel Mac OS X 10_9_0) AppleWebKit/537.36 (KHTML, like Gecko) Chrome/28.0.1500.71 Safari/537.36"
108.162.222.15 - - [31/Jul/2013:04:34:59 +0100] "GET /favicon.png HTTP/1.1" 200 957 "-" "Mozilla/5.0 (Macintosh; Intel Mac OS X 10_9_0) AppleWebKit/537.36 (KHTML, like Gecko) Chrome/28.0.1500.71 Safari/537.36"
173.245.53.64 - - [31/Jul/2013:04:35:44 +0100] "GET / HTTP/1.1" 200 6505 "-" "Pingdom.com_bot_version_1.4_(http://www.pingdom.com)"
108.162.229.8 - - [31/Jul/2013:04:36:44 +0100] "GET / HTTP/1.1" 200 6505 "-" "Pingdom.com_bot_version_1.4_(http://www.pingdom.com)"
108.162.237.214 - - [31/Jul/2013:04:37:44 +0100] "GET / HTTP/1.1" 200 6505 "-" "Pingdom.com_bot_version_1.4_(http://www.pingdom.com)"
108.162.215.127 - - [31/Jul/2013:04:38:44 +0100] "GET / HTTP/1.1" 200 6505 "-" "Pingdom.com_bot_version_1.4_(http://www.pingdom.com)"
108.162.242.214 - - [31/Jul/2013:04:39:46 +0100] "GET / HTTP/1.1" 200 6505 "-" "Pingdom.com_bot_version_1.4_(http://www.pingdom.com)"
173.245.49.239 - - [31/Jul/2013:04:40:44 +0100] "GET / HTTP/1.1" 200 6505 "-" "Pingdom.com_bot_version_1.4_(http://www.pingdom.com)"
108.162.219.249 - - [31/Jul/2013:04:41:44 +0100] "GET / HTTP/1.1" 200 6505 "-" "Pingdom.com_bot_version_1.4_(http://www.pingdom.com)"
173.245.53.230 - - [31/Jul/2013:04:42:44 +0100] "GET / HTTP/1.1" 200 6505 "-" "Pingdom.com_bot_version_1.4_(http://www.pingdom.com)"
173.245.53.29 - - [31/Jul/2013:04:43:44 +0100] "GET / HTTP/1.1" 200 6505 "-" "Pingdom.com_bot_version_1.4_(http://www.pingdom.com)"
173.245.53.64 - - [31/Jul/2013:04:44:44 +0100] "GET / HTTP/1.1" 200 6505 "-" "Pingdom.com_bot_version_1.4_(http://www.pingdom.com)"
108.162.229.8 - - [31/Jul/2013:04:45:44 +0100] "GET / HTTP/1.1" 200 6505 "-" "Pingdom.com_bot_version_1.4_(http://www.pingdom.com)"
108.162.237.214 - - [31/Jul/2013:04:46:44 +0100] "GET / HTTP/1.1" 200 6505 "-" "Pingdom.com_bot_version_1.4_(http://www.pingdom.com)"
108.162.215.127 - - [31/Jul/2013:04:47:44 +0100] "GET / HTTP/1.1" 200 6505 "-" "Pingdom.com_bot_version_1.4_(http://www.pingdom.com)"
108.162.242.214 - - [31/Jul/2013:04:48:44 +0100] "GET / HTTP/1.1" 200 6505 "-" "Pingdom.com_bot_version_1.4_(http://www.pingdom.com)"
173.245.49.239 - - [31/Jul/2013:04:49:44 +0100] "GET / HTTP/1.1" 200 6505 "-" "Pingdom.com_bot_version_1.4_(http://www.pingdom.com)"
108.162.219.249 - - [31/Jul/2013:04:50:44 +0100] "GET / HTTP/1.1" 200 6505 "-" "Pingdom.com_bot_version_1.4_(http://www.pingdom.com)"
173.245.53.230 - - [31/Jul/2013:04:51:44 +0100] "GET / HTTP/1.1" 200 6505 "-" "Pingdom.com_bot_version_1.4_(http://www.pingdom.com)"
173.245.53.29 - - [31/Jul/2013:04:52:46 +0100] "GET / HTTP/1.1" 200 6505 "-" "Pingdom.com_bot_version_1.4_(http://www.pingdom.com)"
173.245.53.64 - - [31/Jul/2013:04:53:44 +0100] "GET / HTTP/1.1" 200 6505 "-" "Pingdom.com_bot_version_1.4_(http://www.pingdom.com)"
108.162.229.8 - - [31/Jul/2013:04:54:44 +0100] "GET / HTTP/1.1" 200 6505 "-" "Pingdom.com_bot_version_1.4_(http://www.pingdom.com)"
108.162.237.214 - - [31/Jul/2013:04:55:44 +0100] "GET / HTTP/1.1" 200 6505 "-" "Pingdom.com_bot_version_1.4_(http://www.pingdom.com)"
108.162.221.9 - - [31/Jul/2013:04:56:24 +0100] "GET / HTTP/1.1" 200 6505 "-" "Mozilla/5.0 (Macintosh; Intel Mac OS X 10_8_4) AppleWebKit/537.36 (KHTML, like Gecko) Chrome/28.0.1500.95 Safari/537.36"
173.245.50.246 - - [31/Jul/2013:04:56:26 +0100] "GET /fancybox/jquery.fancybox.css HTTP/1.1" 404 198 "http://carmo.org.uk/" "Mozilla/5.0 (Macintosh; Intel Mac OS X 10_8_4) AppleWebKit/537.36 (KHTML, like Gecko) Chrome/28.0.1500.95 Safari/537.36"
173.245.50.247 - - [31/Jul/2013:04:56:26 +0100] "GET /fancybox/jquery.fancybox.pack.js HTTP/1.1" 404 198 "http://carmo.org.uk/" "Mozilla/5.0 (Macintosh; Intel Mac OS X 10_8_4) AppleWebKit/537.36 (KHTML, like Gecko) Chrome/28.0.1500.95 Safari/537.36"
108.162.221.8 - - [31/Jul/2013:04:56:31 +0100] "GET /stylesheets/screen.css HTTP/1.1" 200 29268 "http://carmo.org.uk/" "Mozilla/5.0 (Macintosh; Intel Mac OS X 10_8_4) AppleWebKit/537.36 (KHTML, like Gecko) Chrome/28.0.1500.95 Safari/537.36"
108.162.221.6 - - [31/Jul/2013:04:56:32 +0100] "GET /font/fontawesome-webfont.woff HTTP/1.1" 200 23416 "http://carmo.org.uk/" "Mozilla/5.0 (Macintosh; Intel Mac OS X 10_8_4) AppleWebKit/537.36 (KHTML, like Gecko) Chrome/28.0.1500.95 Safari/537.36"
173.245.50.247 - - [31/Jul/2013:04:56:38 +0100] "GET /favicon.png HTTP/1.1" 200 957 "-" "Mozilla/5.0 (Macintosh; Intel Mac OS X 10_8_4) AppleWebKit/537.36 (KHTML, like Gecko) Chrome/28.0.1500.95 Safari/537.36"
108.162.221.5 - - [31/Jul/2013:04:56:38 +0100] "GET /javascripts/slash.js HTTP/1.1" 200 1786 "http://carmo.org.uk/" "Mozilla/5.0 (Macintosh; Intel Mac OS X 10_8_4) AppleWebKit/537.36 (KHTML, like Gecko) Chrome/28.0.1500.95 Safari/537.36"
108.162.221.247 - - [31/Jul/2013:04:56:38 +0100] "GET /javascripts/jquery.fancybox.pack.js HTTP/1.1" 200 17638 "http://carmo.org.uk/" "Mozilla/5.0 (Macintosh; Intel Mac OS X 10_8_4) AppleWebKit/537.36 (KHTML, like Gecko) Chrome/28.0.1500.95 Safari/537.36"
108.162.215.127 - - [31/Jul/2013:04:56:44 +0100] "GET / HTTP/1.1" 200 6505 "-" "Pingdom.com_bot_version_1.4_(http://www.pingdom.com)"
108.162.242.214 - - [31/Jul/2013:04:57:44 +0100] "GET / HTTP/1.1" 200 6505 "-" "Pingdom.com_bot_version_1.4_(http://www.pingdom.com)"
173.245.49.239 - - [31/Jul/2013:04:58:44 +0100] "GET / HTTP/1.1" 200 6505 "-" "Pingdom.com_bot_version_1.4_(http://www.pingdom.com)"
108.162.219.249 - - [31/Jul/2013:04:59:44 +0100] "GET / HTTP/1.1" 200 6505 "-" "Pingdom.com_bot_version_1.4_(http://www.pingdom.com)"
173.245.53.230 - - [31/Jul/2013:05:00:44 +0100] "GET / HTTP/1.1" 200 6505 "-" "Pingdom.com_bot_version_1.4_(http://www.pingdom.com)"
173.245.53.29 - - [31/Jul/2013:05:01:44 +0100] "GET / HTTP/1.1" 200 6505 "-" "Pingdom.com_bot_version_1.4_(http://www.pingdom.com)"
199.27.128.124 - - [31/Jul/2013:05:02:36 +0100] "GET / HTTP/1.1" 200 6505 "-" "Mozilla/5.0 (Macintosh; Intel Mac OS X 10_8_4) AppleWebKit/536.30.1 (KHTML, like Gecko) Version/6.0.5 Safari/536.30.1"
199.27.128.126 - - [31/Jul/2013:05:02:37 +0100] "GET /fancybox/jquery.fancybox.css HTTP/1.1" 404 142 "http://carmo.org.uk/" "Mozilla/5.0 (Macintosh; Intel Mac OS X 10_8_4) AppleWebKit/536.30.1 (KHTML, like Gecko) Version/6.0.5 Safari/536.30.1"
199.27.128.115 - - [31/Jul/2013:05:02:37 +0100] "GET /stylesheets/screen.css HTTP/1.1" 200 29268 "http://carmo.org.uk/" "Mozilla/5.0 (Macintosh; Intel Mac OS X 10_8_4) AppleWebKit/536.30.1 (KHTML, like Gecko) Version/6.0.5 Safari/536.30.1"
199.27.128.117 - - [31/Jul/2013:05:02:37 +0100] "GET /fancybox/jquery.fancybox.pack.js HTTP/1.1" 404 142 "http://carmo.org.uk/" "Mozilla/5.0 (Macintosh; Intel Mac OS X 10_8_4) AppleWebKit/536.30.1 (KHTML, like Gecko) Version/6.0.5 Safari/536.30.1"
199.27.128.120 - - [31/Jul/2013:05:02:37 +0100] "GET /javascripts/slash.js HTTP/1.1" 200 1786 "http://carmo.org.uk/" "Mozilla/5.0 (Macintosh; Intel Mac OS X 10_8_4) AppleWebKit/536.30.1 (KHTML, like Gecko) Version/6.0.5 Safari/536.30.1"
199.27.128.120 - - [31/Jul/2013:05:02:38 +0100] "GET /font/fontawesome-webfont.woff HTTP/1.1" 200 23416 "http://carmo.org.uk/" "Mozilla/5.0 (Macintosh; Intel Mac OS X 10_8_4) AppleWebKit/536.30.1 (KHTML, like Gecko) Version/6.0.5 Safari/536.30.1"
199.27.128.121 - - [31/Jul/2013:05:02:38 +0100] "GET /javascripts/jquery.fancybox.pack.js HTTP/1.1" 200 17638 "http://carmo.org.uk/" "Mozilla/5.0 (Macintosh; Intel Mac OS X 10_8_4) AppleWebKit/536.30.1 (KHTML, like Gecko) Version/6.0.5 Safari/536.30.1"
199.27.128.118 - - [31/Jul/2013:05:02:43 +0100] "GET /favicon.png HTTP/1.1" 200 957 "http://carmo.org.uk/" "Mozilla/5.0 (Macintosh; Intel Mac OS X 10_8_4) AppleWebKit/536.30.1 (KHTML, like Gecko) Version/6.0.5 Safari/536.30.1"
173.245.53.64 - - [31/Jul/2013:05:02:44 +0100] "GET / HTTP/1.1" 200 6505 "-" "Pingdom.com_bot_version_1.4_(http://www.pingdom.com)"
108.162.229.8 - - [31/Jul/2013:05:03:44 +0100] "GET / HTTP/1.1" 200 6505 "-" "Pingdom.com_bot_version_1.4_(http://www.pingdom.com)"
108.162.237.214 - - [31/Jul/2013:05:04:44 +0100] "GET / HTTP/1.1" 200 6505 "-" "Pingdom.com_bot_version_1.4_(http://www.pingdom.com)"
108.162.215.127 - - [31/Jul/2013:05:05:44 +0100] "GET / HTTP/1.1" 200 6505 "-" "Pingdom.com_bot_version_1.4_(http://www.pingdom.com)"
108.162.242.214 - - [31/Jul/2013:05:06:44 +0100] "GET / HTTP/1.1" 200 6505 "-" "Pingdom.com_bot_version_1.4_(http://www.pingdom.com)"
173.245.49.239 - - [31/Jul/2013:05:07:44 +0100] "GET / HTTP/1.1" 200 6505 "-" "Pingdom.com_bot_version_1.4_(http://www.pingdom.com)"
199.27.128.127 - - [31/Jul/2013:05:07:44 +0100] "GET /atom.xml HTTP/1.1" 304 0 "-" "Feedly/1.0 (+http://www.feedly.com/fetcher.html; like FeedFetcher-Google)"
108.162.219.249 - - [31/Jul/2013:05:08:44 +0100] "GET / HTTP/1.1" 200 6505 "-" "Pingdom.com_bot_version_1.4_(http://www.pingdom.com)"
173.245.53.230 - - [31/Jul/2013:05:09:44 +0100] "GET / HTTP/1.1" 200 6505 "-" "Pingdom.com_bot_version_1.4_(http://www.pingdom.com)"
173.245.53.29 - - [31/Jul/2013:05:10:44 +0100] "GET / HTTP/1.1" 200 6505 "-" "Pingdom.com_bot_version_1.4_(http://www.pingdom.com)"
173.245.53.64 - - [31/Jul/2013:05:11:44 +0100] "GET / HTTP/1.1" 200 6505 "-" "Pingdom.com_bot_version_1.4_(http://www.pingdom.com)"
108.162.229.8 - - [31/Jul/2013:05:12:44 +0100] "GET / HTTP/1.1" 200 6505 "-" "Pingdom.com_bot_version_1.4_(http://www.pingdom.com)"
108.162.237.214 - - [31/Jul/2013:05:13:44 +0100] "GET / HTTP/1.1" 200 6505 "-" "Pingdom.com_bot_version_1.4_(http://www.pingdom.com)"
108.162.215.127 - - [31/Jul/2013:05:14:44 +0100] "GET / HTTP/1.1" 200 6505 "-" "Pingdom.com_bot_version_1.4_(http://www.pingdom.com)"
108.162.242.214 - - [31/Jul/2013:05:15:44 +0100] "GET / HTTP/1.1" 200 6505 "-" "Pingdom.com_bot_version_1.4_(http://www.pingdom.com)"
173.245.49.239 - - [31/Jul/2013:05:16:44 +0100] "GET / HTTP/1.1" 200 6505 "-" "Pingdom.com_bot_version_1.4_(http://www.pingdom.com)"
108.162.219.249 - - [31/Jul/2013:05:17:44 +0100] "GET / HTTP/1.1" 200 6505 "-" "Pingdom.com_bot_version_1.4_(http://www.pingdom.com)"
173.245.53.230 - - [31/Jul/2013:05:18:44 +0100] "GET / HTTP/1.1" 200 6505 "-" "Pingdom.com_bot_version_1.4_(http://www.pingdom.com)"
141.101.80.201 - - [31/Jul/2013:05:19:16 +0100] "GET /atom.xml HTTP/1.1" 304 0 "-" "Feedfetcher-Google; (+http://www.google.com/feedfetcher.html; 2 subscribers; feed-id=2726769886677593079)"
173.245.53.29 - - [31/Jul/2013:05:19:44 +0100] "GET / HTTP/1.1" 200 6505 "-" "Pingdom.com_bot_version_1.4_(http://www.pingdom.com)"
173.245.53.64 - - [31/Jul/2013:05:20:44 +0100] "GET / HTTP/1.1" 200 6505 "-" "Pingdom.com_bot_version_1.4_(http://www.pingdom.com)"
108.162.229.8 - - [31/Jul/2013:05:21:44 +0100] "GET / HTTP/1.1" 200 6505 "-" "Pingdom.com_bot_version_1.4_(http://www.pingdom.com)"
108.162.237.214 - - [31/Jul/2013:05:22:44 +0100] "GET / HTTP/1.1" 200 6505 "-" "Pingdom.com_bot_version_1.4_(http://www.pingdom.com)"
108.162.215.127 - - [31/Jul/2013:05:23:44 +0100] "GET / HTTP/1.1" 200 6505 "-" "Pingdom.com_bot_version_1.4_(http://www.pingdom.com)"
108.162.242.214 - - [31/Jul/2013:05:24:44 +0100] "GET / HTTP/1.1" 200 6505 "-" "Pingdom.com_bot_version_1.4_(http://www.pingdom.com)"
173.245.49.239 - - [31/Jul/2013:05:25:44 +0100] "GET / HTTP/1.1" 200 6505 "-" "Pingdom.com_bot_version_1.4_(http://www.pingdom.com)"
108.162.219.249 - - [31/Jul/2013:05:26:44 +0100] "GET / HTTP/1.1" 200 6505 "-" "Pingdom.com_bot_version_1.4_(http://www.pingdom.com)"
173.245.53.230 - - [31/Jul/2013:05:27:44 +0100] "GET / HTTP/1.1" 200 6505 "-" "Pingdom.com_bot_version_1.4_(http://www.pingdom.com)"
173.245.53.29 - - [31/Jul/2013:05:28:44 +0100] "GET / HTTP/1.1" 200 6505 "-" "Pingdom.com_bot_version_1.4_(http://www.pingdom.com)"
173.245.53.64 - - [31/Jul/2013:05:29:44 +0100] "GET / HTTP/1.1" 200 6505 "-" "Pingdom.com_bot_version_1.4_(http://www.pingdom.com)"
108.162.229.8 - - [31/Jul/2013:05:30:44 +0100] "GET / HTTP/1.1" 200 6505 "-" "Pingdom.com_bot_version_1.4_(http://www.pingdom.com)"
108.162.237.214 - - [31/Jul/2013:05:31:44 +0100] "GET / HTTP/1.1" 200 6505 "-" "Pingdom.com_bot_version_1.4_(http://www.pingdom.com)"
173.245.48.240 - - [31/Jul/2013:05:31:46 +0100] "GET /robots.txt HTTP/1.1" 200 67 "http://carmo.org.uk/robots.txt" "Mozilla/4.0 (compatible; MSIE 8.0; Windows NT 6.1; Trident/4.0; SLCC2; .NET CLR 2.0.50727; .NET CLR 3.5.30729; .NET CLR 3.0.30729; Media Center PC 6.0; MDDR; .NET4.0C; .NET4.0E; .NET CLR 1.1.4322; Tablet PC 2.0)"
108.162.215.127 - - [31/Jul/2013:05:32:44 +0100] "GET / HTTP/1.1" 200 6505 "-" "Pingdom.com_bot_version_1.4_(http://www.pingdom.com)"
108.162.242.214 - - [31/Jul/2013:05:33:45 +0100] "GET / HTTP/1.1" 200 6505 "-" "Pingdom.com_bot_version_1.4_(http://www.pingdom.com)"
173.245.49.239 - - [31/Jul/2013:05:34:44 +0100] "GET / HTTP/1.1" 200 6505 "-" "Pingdom.com_bot_version_1.4_(http://www.pingdom.com)"
108.162.219.249 - - [31/Jul/2013:05:35:44 +0100] "GET / HTTP/1.1" 200 6505 "-" "Pingdom.com_bot_version_1.4_(http://www.pingdom.com)"
173.245.53.230 - - [31/Jul/2013:05:36:44 +0100] "GET / HTTP/1.1" 200 6505 "-" "Pingdom.com_bot_version_1.4_(http://www.pingdom.com)"
173.245.53.29 - - [31/Jul/2013:05:37:44 +0100] "GET / HTTP/1.1" 200 6505 "-" "Pingdom.com_bot_version_1.4_(http://www.pingdom.com)"
173.245.53.64 - - [31/Jul/2013:05:38:44 +0100] "GET / HTTP/1.1" 200 6505 "-" "Pingdom.com_bot_version_1.4_(http://www.pingdom.com)"
108.162.229.8 - - [31/Jul/2013:05:39:44 +0100] "GET / HTTP/1.1" 200 6505 "-" "Pingdom.com_bot_version_1.4_(http://www.pingdom.com)"
108.162.237.214 - - [31/Jul/2013:05:40:44 +0100] "GET / HTTP/1.1" 200 6505 "-" "Pingdom.com_bot_version_1.4_(http://www.pingdom.com)"
108.162.215.127 - - [31/Jul/2013:05:41:44 +0100] "GET / HTTP/1.1" 200 6505 "-" "Pingdom.com_bot_version_1.4_(http://www.pingdom.com)"
108.162.242.214 - - [31/Jul/2013:05:42:44 +0100] "GET / HTTP/1.1" 200 6505 "-" "Pingdom.com_bot_version_1.4_(http://www.pingdom.com)"
173.245.49.239 - - [31/Jul/2013:05:43:44 +0100] "GET / HTTP/1.1" 200 6505 "-" "Pingdom.com_bot_version_1.4_(http://www.pingdom.com)"
108.162.219.249 - - [31/Jul/2013:05:44:44 +0100] "GET / HTTP/1.1" 200 6505 "-" "Pingdom.com_bot_version_1.4_(http://www.pingdom.com)"
173.245.53.230 - - [31/Jul/2013:05:45:44 +0100] "GET / HTTP/1.1" 200 6505 "-" "Pingdom.com_bot_version_1.4_(http://www.pingdom.com)"
173.245.53.29 - - [31/Jul/2013:05:46:45 +0100] "GET / HTTP/1.1" 200 6505 "-" "Pingdom.com_bot_version_1.4_(http://www.pingdom.com)"
173.245.53.64 - - [31/Jul/2013:05:47:44 +0100] "GET / HTTP/1.1" 200 6505 "-" "Pingdom.com_bot_version_1.4_(http://www.pingdom.com)"
108.162.229.8 - - [31/Jul/2013:05:48:44 +0100] "GET / HTTP/1.1" 200 6505 "-" "Pingdom.com_bot_version_1.4_(http://www.pingdom.com)"
108.162.237.214 - - [31/Jul/2013:05:49:44 +0100] "GET / HTTP/1.1" 200 6505 "-" "Pingdom.com_bot_version_1.4_(http://www.pingdom.com)"
108.162.215.127 - - [31/Jul/2013:05:50:44 +0100] "GET / HTTP/1.1" 200 6505 "-" "Pingdom.com_bot_version_1.4_(http://www.pingdom.com)"
108.162.242.214 - - [31/Jul/2013:05:51:44 +0100] "GET / HTTP/1.1" 200 6505 "-" "Pingdom.com_bot_version_1.4_(http://www.pingdom.com)"
173.245.49.239 - - [31/Jul/2013:05:52:44 +0100] "GET / HTTP/1.1" 200 6505 "-" "Pingdom.com_bot_version_1.4_(http://www.pingdom.com)"
108.162.219.249 - - [31/Jul/2013:05:53:44 +0100] "GET / HTTP/1.1" 200 6505 "-" "Pingdom.com_bot_version_1.4_(http://www.pingdom.com)"
173.245.53.230 - - [31/Jul/2013:05:54:44 +0100] "GET / HTTP/1.1" 200 6505 "-" "Pingdom.com_bot_version_1.4_(http://www.pingdom.com)"
173.245.53.29 - - [31/Jul/2013:05:55:44 +0100] "GET / HTTP/1.1" 200 6505 "-" "Pingdom.com_bot_version_1.4_(http://www.pingdom.com)"
173.245.53.64 - - [31/Jul/2013:05:56:44 +0100] "GET / HTTP/1.1" 200 6505 "-" "Pingdom.com_bot_version_1.4_(http://www.pingdom.com)"
108.162.229.8 - - [31/Jul/2013:05:57:44 +0100] "GET / HTTP/1.1" 200 6505 "-" "Pingdom.com_bot_version_1.4_(http://www.pingdom.com)"
108.162.237.214 - - [31/Jul/2013:05:58:44 +0100] "GET / HTTP/1.1" 200 6505 "-" "Pingdom.com_bot_version_1.4_(http://www.pingdom.com)"
108.162.215.127 - - [31/Jul/2013:05:59:44 +0100] "GET / HTTP/1.1" 200 6505 "-" "Pingdom.com_bot_version_1.4_(http://www.pingdom.com)"
108.162.242.214 - - [31/Jul/2013:06:00:45 +0100] "GET / HTTP/1.1" 200 6505 "-" "Pingdom.com_bot_version_1.4_(http://www.pingdom.com)"
173.245.49.239 - - [31/Jul/2013:06:01:46 +0100] "GET / HTTP/1.1" 200 6505 "-" "Pingdom.com_bot_version_1.4_(http://www.pingdom.com)"
108.162.219.249 - - [31/Jul/2013:06:02:44 +0100] "GET / HTTP/1.1" 200 6505 "-" "Pingdom.com_bot_version_1.4_(http://www.pingdom.com)"
173.245.53.230 - - [31/Jul/2013:06:03:44 +0100] "GET / HTTP/1.1" 200 6505 "-" "Pingdom.com_bot_version_1.4_(http://www.pingdom.com)"
173.245.53.29 - - [31/Jul/2013:06:04:44 +0100] "GET / HTTP/1.1" 200 6505 "-" "Pingdom.com_bot_version_1.4_(http://www.pingdom.com)"
173.245.53.64 - - [31/Jul/2013:06:05:44 +0100] "GET / HTTP/1.1" 200 6505 "-" "Pingdom.com_bot_version_1.4_(http://www.pingdom.com)"
108.162.229.8 - - [31/Jul/2013:06:06:44 +0100] "GET / HTTP/1.1" 200 6505 "-" "Pingdom.com_bot_version_1.4_(http://www.pingdom.com)"
108.162.237.214 - - [31/Jul/2013:06:07:44 +0100] "GET / HTTP/1.1" 200 6505 "-" "Pingdom.com_bot_version_1.4_(http://www.pingdom.com)"
141.101.80.198 - - [31/Jul/2013:06:08:06 +0100] "GET /robots.txt HTTP/1.1" 200 67 "-" "Mozilla/5.0 (compatible; Googlebot/2.1; +http://www.google.com/bot.html)"
141.101.80.198 - - [31/Jul/2013:06:08:06 +0100] "GET /an-octopress-flickr-set-plugin/ HTTP/1.1" 200 4451 "-" "Mozilla/5.0 (iPhone; U; CPU iPhone OS 4_1 like Mac OS X; en-us) AppleWebKit/532.9 (KHTML, like Gecko) Version/4.0.5 Mobile/8B117 Safari/6531.22.7 (compatible; Googlebot-Mobile/2.1; +http://www.google.com/bot.html)"
108.162.215.127 - - [31/Jul/2013:06:08:44 +0100] "GET / HTTP/1.1" 200 6505 "-" "Pingdom.com_bot_version_1.4_(http://www.pingdom.com)"
108.162.242.214 - - [31/Jul/2013:06:09:44 +0100] "GET / HTTP/1.1" 200 6505 "-" "Pingdom.com_bot_version_1.4_(http://www.pingdom.com)"
173.245.49.239 - - [31/Jul/2013:06:10:44 +0100] "GET / HTTP/1.1" 200 6505 "-" "Pingdom.com_bot_version_1.4_(http://www.pingdom.com)"
108.162.219.249 - - [31/Jul/2013:06:11:44 +0100] "GET / HTTP/1.1" 200 6505 "-" "Pingdom.com_bot_version_1.4_(http://www.pingdom.com)"
173.245.53.230 - - [31/Jul/2013:06:12:44 +0100] "GET / HTTP/1.1" 200 6505 "-" "Pingdom.com_bot_version_1.4_(http://www.pingdom.com)"
173.245.53.29 - - [31/Jul/2013:06:13:44 +0100] "GET / HTTP/1.1" 200 6505 "-" "Pingdom.com_bot_version_1.4_(http://www.pingdom.com)"
173.245.53.64 - - [31/Jul/2013:06:14:45 +0100] "GET / HTTP/1.1" 200 6505 "-" "Pingdom.com_bot_version_1.4_(http://www.pingdom.com)"
108.162.229.8 - - [31/Jul/2013:06:15:44 +0100] "GET / HTTP/1.1" 200 6505 "-" "Pingdom.com_bot_version_1.4_(http://www.pingdom.com)"
108.162.237.214 - - [31/Jul/2013:06:16:44 +0100] "GET / HTTP/1.1" 200 6505 "-" "Pingdom.com_bot_version_1.4_(http://www.pingdom.com)"
199.27.128.160 - - [31/Jul/2013:06:16:57 +0100] "GET /fancybox/jquery.fancybox.css HTTP/1.1" 404 142 "http://carmo.org.uk/" "Mozilla/5.0 (Macintosh; Intel Mac OS X 10_8_4) AppleWebKit/536.30.1 (KHTML, like Gecko) Version/6.0.5 Safari/536.30.1"
199.27.128.151 - - [31/Jul/2013:06:16:57 +0100] "GET /fancybox/jquery.fancybox.pack.js HTTP/1.1" 404 142 "http://carmo.org.uk/" "Mozilla/5.0 (Macintosh; Intel Mac OS X 10_8_4) AppleWebKit/536.30.1 (KHTML, like Gecko) Version/6.0.5 Safari/536.30.1"
108.162.215.127 - - [31/Jul/2013:06:17:44 +0100] "GET / HTTP/1.1" 200 6505 "-" "Pingdom.com_bot_version_1.4_(http://www.pingdom.com)"
108.162.242.214 - - [31/Jul/2013:06:18:44 +0100] "GET / HTTP/1.1" 200 6505 "-" "Pingdom.com_bot_version_1.4_(http://www.pingdom.com)"
173.245.49.239 - - [31/Jul/2013:06:19:44 +0100] "GET / HTTP/1.1" 200 6505 "-" "Pingdom.com_bot_version_1.4_(http://www.pingdom.com)"
108.162.219.249 - - [31/Jul/2013:06:20:44 +0100] "GET / HTTP/1.1" 200 6505 "-" "Pingdom.com_bot_version_1.4_(http://www.pingdom.com)"
173.245.53.230 - - [31/Jul/2013:06:21:44 +0100] "GET / HTTP/1.1" 200 6505 "-" "Pingdom.com_bot_version_1.4_(http://www.pingdom.com)"
173.245.53.29 - - [31/Jul/2013:06:22:44 +0100] "GET / HTTP/1.1" 200 6505 "-" "Pingdom.com_bot_version_1.4_(http://www.pingdom.com)"
173.245.53.64 - - [31/Jul/2013:06:23:44 +0100] "GET / HTTP/1.1" 200 6505 "-" "Pingdom.com_bot_version_1.4_(http://www.pingdom.com)"
108.162.229.8 - - [31/Jul/2013:06:24:44 +0100] "GET / HTTP/1.1" 200 6505 "-" "Pingdom.com_bot_version_1.4_(http://www.pingdom.com)"
108.162.237.214 - - [31/Jul/2013:06:25:44 +0100] "GET / HTTP/1.1" 200 6505 "-" "Pingdom.com_bot_version_1.4_(http://www.pingdom.com)"
108.162.215.127 - - [31/Jul/2013:06:26:44 +0100] "GET / HTTP/1.1" 200 6505 "-" "Pingdom.com_bot_version_1.4_(http://www.pingdom.com)"
108.162.242.214 - - [31/Jul/2013:06:27:44 +0100] "GET / HTTP/1.1" 200 6505 "-" "Pingdom.com_bot_version_1.4_(http://www.pingdom.com)"
173.245.49.239 - - [31/Jul/2013:06:28:44 +0100] "GET / HTTP/1.1" 200 6505 "-" "Pingdom.com_bot_version_1.4_(http://www.pingdom.com)"
141.101.80.201 - - [31/Jul/2013:06:29:06 +0100] "GET /atom.xml HTTP/1.1" 304 0 "-" "Feedfetcher-Google; (+http://www.google.com/feedfetcher.html; 2 subscribers; feed-id=2726769886677593079)"
108.162.219.249 - - [31/Jul/2013:06:29:44 +0100] "GET / HTTP/1.1" 200 6505 "-" "Pingdom.com_bot_version_1.4_(http://www.pingdom.com)"
173.245.53.230 - - [31/Jul/2013:06:30:44 +0100] "GET / HTTP/1.1" 200 6505 "-" "Pingdom.com_bot_version_1.4_(http://www.pingdom.com)"
173.245.53.29 - - [31/Jul/2013:06:31:44 +0100] "GET / HTTP/1.1" 200 6505 "-" "Pingdom.com_bot_version_1.4_(http://www.pingdom.com)"
173.245.53.64 - - [31/Jul/2013:06:32:44 +0100] "GET / HTTP/1.1" 200 6505 "-" "Pingdom.com_bot_version_1.4_(http://www.pingdom.com)"
108.162.215.135 - - [31/Jul/2013:06:33:12 +0100] "GET / HTTP/1.1" 200 6505 "-" "Mozilla/5.0 (Macintosh; Intel Mac OS X 10_8_4) AppleWebKit/537.31 (KHTML, like Gecko) Chrome/26.0.1410.65 Safari/537.31"
108.162.215.136 - - [31/Jul/2013:06:33:13 +0100] "GET /stylesheets/screen.css HTTP/1.1" 200 29268 "http://carmo.org.uk/" "Mozilla/5.0 (Macintosh; Intel Mac OS X 10_8_4) AppleWebKit/537.31 (KHTML, like Gecko) Chrome/26.0.1410.65 Safari/537.31"
173.245.48.138 - - [31/Jul/2013:06:33:13 +0100] "GET /fancybox/jquery.fancybox.css HTTP/1.1" 404 198 "http://carmo.org.uk/" "Mozilla/5.0 (Macintosh; Intel Mac OS X 10_8_4) AppleWebKit/537.31 (KHTML, like Gecko) Chrome/26.0.1410.65 Safari/537.31"
173.245.48.134 - - [31/Jul/2013:06:33:14 +0100] "GET /fancybox/jquery.fancybox.pack.js HTTP/1.1" 404 198 "http://carmo.org.uk/" "Mozilla/5.0 (Macintosh; Intel Mac OS X 10_8_4) AppleWebKit/537.31 (KHTML, like Gecko) Chrome/26.0.1410.65 Safari/537.31"
173.245.48.135 - - [31/Jul/2013:06:33:20 +0100] "GET /font/fontawesome-webfont.woff HTTP/1.1" 200 23416 "http://carmo.org.uk/" "Mozilla/5.0 (Macintosh; Intel Mac OS X 10_8_4) AppleWebKit/537.31 (KHTML, like Gecko) Chrome/26.0.1410.65 Safari/537.31"
108.162.215.135 - - [31/Jul/2013:06:33:20 +0100] "GET /javascripts/slash.js HTTP/1.1" 200 1786 "http://carmo.org.uk/" "Mozilla/5.0 (Macintosh; Intel Mac OS X 10_8_4) AppleWebKit/537.31 (KHTML, like Gecko) Chrome/26.0.1410.65 Safari/537.31"
108.162.215.134 - - [31/Jul/2013:06:33:20 +0100] "GET /javascripts/jquery.fancybox.pack.js HTTP/1.1" 200 17638 "http://carmo.org.uk/" "Mozilla/5.0 (Macintosh; Intel Mac OS X 10_8_4) AppleWebKit/537.31 (KHTML, like Gecko) Chrome/26.0.1410.65 Safari/537.31"
108.162.229.8 - - [31/Jul/2013:06:33:47 +0100] "GET / HTTP/1.1" 200 6505 "-" "Pingdom.com_bot_version_1.4_(http://www.pingdom.com)"
108.162.237.214 - - [31/Jul/2013:06:34:44 +0100] "GET / HTTP/1.1" 200 6505 "-" "Pingdom.com_bot_version_1.4_(http://www.pingdom.com)"
108.162.215.127 - - [31/Jul/2013:06:35:44 +0100] "GET / HTTP/1.1" 200 6505 "-" "Pingdom.com_bot_version_1.4_(http://www.pingdom.com)"
108.162.242.214 - - [31/Jul/2013:06:36:44 +0100] "GET / HTTP/1.1" 200 6505 "-" "Pingdom.com_bot_version_1.4_(http://www.pingdom.com)"
173.245.49.239 - - [31/Jul/2013:06:37:44 +0100] "GET / HTTP/1.1" 200 6505 "-" "Pingdom.com_bot_version_1.4_(http://www.pingdom.com)"
108.162.219.249 - - [31/Jul/2013:06:38:44 +0100] "GET / HTTP/1.1" 200 6505 "-" "Pingdom.com_bot_version_1.4_(http://www.pingdom.com)"
173.245.53.230 - - [31/Jul/2013:06:39:44 +0100] "GET / HTTP/1.1" 200 6505 "-" "Pingdom.com_bot_version_1.4_(http://www.pingdom.com)"
173.245.53.29 - - [31/Jul/2013:06:40:44 +0100] "GET / HTTP/1.1" 200 6505 "-" "Pingdom.com_bot_version_1.4_(http://www.pingdom.com)"
173.245.53.64 - - [31/Jul/2013:06:41:44 +0100] "GET / HTTP/1.1" 200 6505 "-" "Pingdom.com_bot_version_1.4_(http://www.pingdom.com)"
108.162.229.8 - - [31/Jul/2013:06:42:44 +0100] "GET / HTTP/1.1" 200 6505 "-" "Pingdom.com_bot_version_1.4_(http://www.pingdom.com)"
108.162.237.214 - - [31/Jul/2013:06:43:44 +0100] "GET / HTTP/1.1" 200 6505 "-" "Pingdom.com_bot_version_1.4_(http://www.pingdom.com)"
108.162.215.127 - - [31/Jul/2013:06:44:44 +0100] "GET / HTTP/1.1" 200 6505 "-" "Pingdom.com_bot_version_1.4_(http://www.pingdom.com)"
108.162.242.214 - - [31/Jul/2013:06:45:44 +0100] "GET / HTTP/1.1" 200 6505 "-" "Pingdom.com_bot_version_1.4_(http://www.pingdom.com)"
173.245.49.239 - - [31/Jul/2013:06:46:44 +0100] "GET / HTTP/1.1" 200 6505 "-" "Pingdom.com_bot_version_1.4_(http://www.pingdom.com)"
108.162.219.249 - - [31/Jul/2013:06:47:44 +0100] "GET / HTTP/1.1" 200 6505 "-" "Pingdom.com_bot_version_1.4_(http://www.pingdom.com)"
173.245.53.230 - - [31/Jul/2013:06:48:44 +0100] "GET / HTTP/1.1" 200 6505 "-" "Pingdom.com_bot_version_1.4_(http://www.pingdom.com)"
173.245.53.29 - - [31/Jul/2013:06:49:44 +0100] "GET / HTTP/1.1" 200 6505 "-" "Pingdom.com_bot_version_1.4_(http://www.pingdom.com)"
173.245.53.64 - - [31/Jul/2013:06:50:44 +0100] "GET / HTTP/1.1" 200 6505 "-" "Pingdom.com_bot_version_1.4_(http://www.pingdom.com)"
108.162.229.8 - - [31/Jul/2013:06:51:44 +0100] "GET / HTTP/1.1" 200 6505 "-" "Pingdom.com_bot_version_1.4_(http://www.pingdom.com)"
108.162.237.214 - - [31/Jul/2013:06:52:44 +0100] "GET / HTTP/1.1" 200 6505 "-" "Pingdom.com_bot_version_1.4_(http://www.pingdom.com)"
108.162.215.127 - - [31/Jul/2013:06:53:44 +0100] "GET / HTTP/1.1" 200 6505 "-" "Pingdom.com_bot_version_1.4_(http://www.pingdom.com)"
108.162.242.214 - - [31/Jul/2013:06:54:44 +0100] "GET / HTTP/1.1" 200 6505 "-" "Pingdom.com_bot_version_1.4_(http://www.pingdom.com)"
173.245.49.239 - - [31/Jul/2013:06:55:46 +0100] "GET / HTTP/1.1" 200 6505 "-" "Pingdom.com_bot_version_1.4_(http://www.pingdom.com)"
108.162.219.249 - - [31/Jul/2013:06:56:44 +0100] "GET / HTTP/1.1" 200 6505 "-" "Pingdom.com_bot_version_1.4_(http://www.pingdom.com)"
173.245.53.230 - - [31/Jul/2013:06:57:44 +0100] "GET / HTTP/1.1" 200 6505 "-" "Pingdom.com_bot_version_1.4_(http://www.pingdom.com)"
173.245.53.29 - - [31/Jul/2013:06:58:44 +0100] "GET / HTTP/1.1" 200 6505 "-" "Pingdom.com_bot_version_1.4_(http://www.pingdom.com)"
173.245.53.64 - - [31/Jul/2013:06:59:44 +0100] "GET / HTTP/1.1" 200 6505 "-" "Pingdom.com_bot_version_1.4_(http://www.pingdom.com)"
108.162.229.8 - - [31/Jul/2013:07:00:44 +0100] "GET / HTTP/1.1" 200 6505 "-" "Pingdom.com_bot_version_1.4_(http://www.pingdom.com)"
108.162.237.214 - - [31/Jul/2013:07:01:44 +0100] "GET / HTTP/1.1" 200 6505 "-" "Pingdom.com_bot_version_1.4_(http://www.pingdom.com)"
108.162.215.127 - - [31/Jul/2013:07:02:44 +0100] "GET / HTTP/1.1" 200 6505 "-" "Pingdom.com_bot_version_1.4_(http://www.pingdom.com)"
108.162.242.214 - - [31/Jul/2013:07:03:44 +0100] "GET / HTTP/1.1" 200 6505 "-" "Pingdom.com_bot_version_1.4_(http://www.pingdom.com)"
173.245.49.239 - - [31/Jul/2013:07:04:44 +0100] "GET / HTTP/1.1" 200 6505 "-" "Pingdom.com_bot_version_1.4_(http://www.pingdom.com)"
108.162.219.249 - - [31/Jul/2013:07:05:44 +0100] "GET / HTTP/1.1" 200 6505 "-" "Pingdom.com_bot_version_1.4_(http://www.pingdom.com)"
173.245.53.230 - - [31/Jul/2013:07:06:44 +0100] "GET / HTTP/1.1" 200 6505 "-" "Pingdom.com_bot_version_1.4_(http://www.pingdom.com)"
141.101.99.234 - - [31/Jul/2013:07:06:50 +0100] "GET /fancybox/jquery.fancybox.css HTTP/1.1" 404 142 "http://carmo.org.uk/" "Mozilla/5.0 (iPad; CPU OS 7_0 like Mac OS X) AppleWebKit/537.51.1 (KHTML, like Gecko) Version/6.0 Mobile/11A4435d Safari/8536.25"
141.101.99.252 - - [31/Jul/2013:07:06:51 +0100] "GET /fancybox/jquery.fancybox.pack.js HTTP/1.1" 404 142 "http://carmo.org.uk/" "Mozilla/5.0 (iPad; CPU OS 7_0 like Mac OS X) AppleWebKit/537.51.1 (KHTML, like Gecko) Version/6.0 Mobile/11A4435d Safari/8536.25"
141.101.99.252 - - [31/Jul/2013:07:07:00 +0100] "GET /cloudflare-dynamicdns-updater-raspberry-pi/ HTTP/1.1" 200 3585 "http://carmo.org.uk/" "Mozilla/5.0 (iPad; CPU OS 7_0 like Mac OS X) AppleWebKit/537.51.1 (KHTML, like Gecko) Version/6.0 Mobile/11A4435d Safari/8536.25"
173.245.53.29 - - [31/Jul/2013:07:07:44 +0100] "GET / HTTP/1.1" 200 6505 "-" "Pingdom.com_bot_version_1.4_(http://www.pingdom.com)"
173.245.53.64 - - [31/Jul/2013:07:08:44 +0100] "GET / HTTP/1.1" 200 6505 "-" "Pingdom.com_bot_version_1.4_(http://www.pingdom.com)"
108.162.229.8 - - [31/Jul/2013:07:09:44 +0100] "GET / HTTP/1.1" 200 6505 "-" "Pingdom.com_bot_version_1.4_(http://www.pingdom.com)"
108.162.237.214 - - [31/Jul/2013:07:10:44 +0100] "GET / HTTP/1.1" 200 6505 "-" "Pingdom.com_bot_version_1.4_(http://www.pingdom.com)"
108.162.215.127 - - [31/Jul/2013:07:11:44 +0100] "GET / HTTP/1.1" 200 6505 "-" "Pingdom.com_bot_version_1.4_(http://www.pingdom.com)"
108.162.242.214 - - [31/Jul/2013:07:12:44 +0100] "GET / HTTP/1.1" 200 6505 "-" "Pingdom.com_bot_version_1.4_(http://www.pingdom.com)"
173.245.49.239 - - [31/Jul/2013:07:13:44 +0100] "GET / HTTP/1.1" 200 6505 "-" "Pingdom.com_bot_version_1.4_(http://www.pingdom.com)"
108.162.219.249 - - [31/Jul/2013:07:14:44 +0100] "GET / HTTP/1.1" 200 6505 "-" "Pingdom.com_bot_version_1.4_(http://www.pingdom.com)"
173.245.53.230 - - [31/Jul/2013:07:15:44 +0100] "GET / HTTP/1.1" 200 6505 "-" "Pingdom.com_bot_version_1.4_(http://www.pingdom.com)"
108.162.216.9 - - [31/Jul/2013:07:15:47 +0100] "GET / HTTP/1.1" 200 6505 "-" "Mozilla/5.0 (compatible; MSIE 10.0; Windows NT 6.1; WOW64; Trident/6.0)"
173.245.55.246 - - [31/Jul/2013:07:15:47 +0100] "GET /fancybox/jquery.fancybox.css HTTP/1.1" 404 198 "http://carmo.org.uk/" "Mozilla/5.0 (compatible; MSIE 10.0; Windows NT 6.1; WOW64; Trident/6.0)"
173.245.55.247 - - [31/Jul/2013:07:15:47 +0100] "GET /fancybox/jquery.fancybox.pack.js HTTP/1.1" 404 198 "http://carmo.org.uk/" "Mozilla/5.0 (compatible; MSIE 10.0; Windows NT 6.1; WOW64; Trident/6.0)"
108.162.216.5 - - [31/Jul/2013:07:15:48 +0100] "GET /javascripts/slash.js HTTP/1.1" 200 1786 "http://carmo.org.uk/" "Mozilla/5.0 (compatible; MSIE 10.0; Windows NT 6.1; WOW64; Trident/6.0)"
108.162.216.8 - - [31/Jul/2013:07:15:48 +0100] "GET /stylesheets/screen.css HTTP/1.1" 200 29268 "http://carmo.org.uk/" "Mozilla/5.0 (compatible; MSIE 10.0; Windows NT 6.1; WOW64; Trident/6.0)"
108.162.216.247 - - [31/Jul/2013:07:15:48 +0100] "GET /javascripts/jquery.fancybox.pack.js HTTP/1.1" 200 17638 "http://carmo.org.uk/" "Mozilla/5.0 (compatible; MSIE 10.0; Windows NT 6.1; WOW64; Trident/6.0)"
108.162.216.4 - - [31/Jul/2013:07:15:49 +0100] "GET /font/fontawesome-webfont.eot? HTTP/1.1" 200 42272 "http://carmo.org.uk/" "Mozilla/5.0 (compatible; MSIE 10.0; Windows NT 6.1; WOW64; Trident/6.0)"
173.245.55.247 - - [31/Jul/2013:07:15:50 +0100] "GET /favicon.png HTTP/1.1" 200 957 "-" "Mozilla/5.0 (compatible; MSIE 10.0; Windows NT 6.1; Win64; x64; Trident/6.0)"
173.245.53.29 - - [31/Jul/2013:07:16:44 +0100] "GET / HTTP/1.1" 200 6505 "-" "Pingdom.com_bot_version_1.4_(http://www.pingdom.com)"
173.245.53.64 - - [31/Jul/2013:07:17:44 +0100] "GET / HTTP/1.1" 200 6505 "-" "Pingdom.com_bot_version_1.4_(http://www.pingdom.com)"
108.162.229.8 - - [31/Jul/2013:07:18:44 +0100] "GET / HTTP/1.1" 200 6505 "-" "Pingdom.com_bot_version_1.4_(http://www.pingdom.com)"
108.162.237.214 - - [31/Jul/2013:07:19:44 +0100] "GET / HTTP/1.1" 200 6505 "-" "Pingdom.com_bot_version_1.4_(http://www.pingdom.com)"
108.162.215.127 - - [31/Jul/2013:07:20:44 +0100] "GET / HTTP/1.1" 200 6505 "-" "Pingdom.com_bot_version_1.4_(http://www.pingdom.com)"
108.162.242.214 - - [31/Jul/2013:07:21:44 +0100] "GET / HTTP/1.1" 200 6505 "-" "Pingdom.com_bot_version_1.4_(http://www.pingdom.com)"
173.245.49.239 - - [31/Jul/2013:07:22:44 +0100] "GET / HTTP/1.1" 200 6505 "-" "Pingdom.com_bot_version_1.4_(http://www.pingdom.com)"
141.101.99.234 - - [31/Jul/2013:07:23:02 +0100] "GET /fancybox/jquery.fancybox.css HTTP/1.1" 404 142 "http://carmo.org.uk/" "Mozilla/5.0 (iPhone; CPU iPhone OS 7_0 like Mac OS X) AppleWebKit/537.51.1 (KHTML, like Gecko) Version/6.0 Mobile/11A4435d Safari/8536.25"
141.101.99.252 - - [31/Jul/2013:07:23:02 +0100] "GET /fancybox/jquery.fancybox.pack.js HTTP/1.1" 404 142 "http://carmo.org.uk/" "Mozilla/5.0 (iPhone; CPU iPhone OS 7_0 like Mac OS X) AppleWebKit/537.51.1 (KHTML, like Gecko) Version/6.0 Mobile/11A4435d Safari/8536.25"
173.245.53.245 - - [31/Jul/2013:07:23:36 +0100] "GET /fancybox/jquery.fancybox.css HTTP/1.1" 404 198 "http://carmo.org.uk/" "Mozilla/5.0 (Windows NT 6.2; WOW64) AppleWebKit/537.36 (KHTML, like Gecko) Chrome/28.0.1500.95 Safari/537.36"
173.245.53.244 - - [31/Jul/2013:07:23:39 +0100] "GET /fancybox/jquery.fancybox.pack.js HTTP/1.1" 404 198 "http://carmo.org.uk/" "Mozilla/5.0 (Windows NT 6.2; WOW64) AppleWebKit/537.36 (KHTML, like Gecko) Chrome/28.0.1500.95 Safari/537.36"
173.245.53.63 - - [31/Jul/2013:07:23:40 +0100] "GET /font/fontawesome-webfont.woff HTTP/1.1" 200 23416 "http://carmo.org.uk/" "Mozilla/5.0 (Windows NT 6.2; WOW64) AppleWebKit/537.36 (KHTML, like Gecko) Chrome/28.0.1500.95 Safari/537.36"
173.245.53.63 - - [31/Jul/2013:07:23:41 +0100] "GET /javascripts/slash.js HTTP/1.1" 200 1786 "http://carmo.org.uk/" "Mozilla/5.0 (Windows NT 6.2; WOW64) AppleWebKit/537.36 (KHTML, like Gecko) Chrome/28.0.1500.95 Safari/537.36"
173.245.53.240 - - [31/Jul/2013:07:23:41 +0100] "GET /javascripts/jquery.fancybox.pack.js HTTP/1.1" 200 17638 "http://carmo.org.uk/" "Mozilla/5.0 (Windows NT 6.2; WOW64) AppleWebKit/537.36 (KHTML, like Gecko) Chrome/28.0.1500.95 Safari/537.36"
173.245.53.246 - - [31/Jul/2013:07:23:43 +0100] "GET /favicon.png HTTP/1.1" 200 957 "-" "Mozilla/5.0 (Windows NT 6.2; WOW64) AppleWebKit/537.36 (KHTML, like Gecko) Chrome/28.0.1500.95 Safari/537.36"
108.162.219.249 - - [31/Jul/2013:07:23:45 +0100] "GET / HTTP/1.1" 200 6505 "-" "Pingdom.com_bot_version_1.4_(http://www.pingdom.com)"
173.245.53.230 - - [31/Jul/2013:07:24:44 +0100] "GET / HTTP/1.1" 200 6505 "-" "Pingdom.com_bot_version_1.4_(http://www.pingdom.com)"
173.245.53.29 - - [31/Jul/2013:07:25:44 +0100] "GET / HTTP/1.1" 200 6505 "-" "Pingdom.com_bot_version_1.4_(http://www.pingdom.com)"
173.245.53.64 - - [31/Jul/2013:07:26:44 +0100] "GET / HTTP/1.1" 200 6505 "-" "Pingdom.com_bot_version_1.4_(http://www.pingdom.com)"
108.162.229.8 - - [31/Jul/2013:07:27:44 +0100] "GET / HTTP/1.1" 200 6505 "-" "Pingdom.com_bot_version_1.4_(http://www.pingdom.com)"
108.162.237.214 - - [31/Jul/2013:07:28:44 +0100] "GET / HTTP/1.1" 200 6505 "-" "Pingdom.com_bot_version_1.4_(http://www.pingdom.com)"
108.162.215.127 - - [31/Jul/2013:07:29:46 +0100] "GET / HTTP/1.1" 200 6505 "-" "Pingdom.com_bot_version_1.4_(http://www.pingdom.com)"
108.162.242.214 - - [31/Jul/2013:07:30:44 +0100] "GET / HTTP/1.1" 200 6505 "-" "Pingdom.com_bot_version_1.4_(http://www.pingdom.com)"
173.245.49.239 - - [31/Jul/2013:07:31:44 +0100] "GET / HTTP/1.1" 200 6505 "-" "Pingdom.com_bot_version_1.4_(http://www.pingdom.com)"
108.162.219.249 - - [31/Jul/2013:07:32:44 +0100] "GET / HTTP/1.1" 200 6505 "-" "Pingdom.com_bot_version_1.4_(http://www.pingdom.com)"
173.245.53.230 - - [31/Jul/2013:07:33:44 +0100] "GET / HTTP/1.1" 200 6505 "-" "Pingdom.com_bot_version_1.4_(http://www.pingdom.com)"
173.245.53.244 - - [31/Jul/2013:07:34:40 +0100] "GET /fancybox/jquery.fancybox.pack.js HTTP/1.1" 404 142 "http://carmo.org.uk/" "Mozilla/5.0 (Windows NT 6.1; WOW64; rv:22.0) Gecko/20100101 Firefox/22.0"
173.245.53.29 - - [31/Jul/2013:07:34:44 +0100] "GET / HTTP/1.1" 200 6505 "-" "Pingdom.com_bot_version_1.4_(http://www.pingdom.com)"
173.245.53.64 - - [31/Jul/2013:07:35:44 +0100] "GET / HTTP/1.1" 200 6505 "-" "Pingdom.com_bot_version_1.4_(http://www.pingdom.com)"
108.162.229.8 - - [31/Jul/2013:07:36:46 +0100] "GET / HTTP/1.1" 200 6505 "-" "Pingdom.com_bot_version_1.4_(http://www.pingdom.com)"
108.162.237.214 - - [31/Jul/2013:07:37:44 +0100] "GET / HTTP/1.1" 200 6505 "-" "Pingdom.com_bot_version_1.4_(http://www.pingdom.com)"
141.101.80.201 - - [31/Jul/2013:07:38:26 +0100] "GET /atom.xml HTTP/1.1" 304 0 "-" "Feedfetcher-Google; (+http://www.google.com/feedfetcher.html; 2 subscribers; feed-id=2726769886677593079)"
108.162.215.127 - - [31/Jul/2013:07:38:44 +0100] "GET / HTTP/1.1" 200 6505 "-" "Pingdom.com_bot_version_1.4_(http://www.pingdom.com)"
108.162.242.214 - - [31/Jul/2013:07:39:44 +0100] "GET / HTTP/1.1" 200 6505 "-" "Pingdom.com_bot_version_1.4_(http://www.pingdom.com)"
173.245.49.239 - - [31/Jul/2013:07:40:44 +0100] "GET / HTTP/1.1" 200 6505 "-" "Pingdom.com_bot_version_1.4_(http://www.pingdom.com)"
108.162.219.249 - - [31/Jul/2013:07:41:44 +0100] "GET / HTTP/1.1" 200 6505 "-" "Pingdom.com_bot_version_1.4_(http://www.pingdom.com)"
173.245.53.230 - - [31/Jul/2013:07:42:44 +0100] "GET / HTTP/1.1" 200 6505 "-" "Pingdom.com_bot_version_1.4_(http://www.pingdom.com)"
173.245.53.29 - - [31/Jul/2013:07:43:44 +0100] "GET / HTTP/1.1" 200 6505 "-" "Pingdom.com_bot_version_1.4_(http://www.pingdom.com)"
173.245.53.64 - - [31/Jul/2013:07:44:44 +0100] "GET / HTTP/1.1" 200 6505 "-" "Pingdom.com_bot_version_1.4_(http://www.pingdom.com)"
108.162.229.8 - - [31/Jul/2013:07:45:44 +0100] "GET / HTTP/1.1" 200 6505 "-" "Pingdom.com_bot_version_1.4_(http://www.pingdom.com)"
108.162.237.214 - - [31/Jul/2013:07:46:44 +0100] "GET / HTTP/1.1" 200 6505 "-" "Pingdom.com_bot_version_1.4_(http://www.pingdom.com)"
108.162.215.127 - - [31/Jul/2013:07:47:44 +0100] "GET / HTTP/1.1" 200 6505 "-" "Pingdom.com_bot_version_1.4_(http://www.pingdom.com)"
199.27.128.215 - - [31/Jul/2013:07:48:00 +0100] "GET /atom.xml HTTP/1.1" 304 0 "-" "Digg Feed Fetcher 1.0 (Mozilla/5.0 (Macintosh; Intel Mac OS X 10_7_1) AppleWebKit/534.48.3 (KHTML, like Gecko) Version/5.1 Safari/534.48.3)"
108.162.242.214 - - [31/Jul/2013:07:48:44 +0100] "GET / HTTP/1.1" 200 6505 "-" "Pingdom.com_bot_version_1.4_(http://www.pingdom.com)"
173.245.49.239 - - [31/Jul/2013:07:49:45 +0100] "GET / HTTP/1.1" 200 6505 "-" "Pingdom.com_bot_version_1.4_(http://www.pingdom.com)"
108.162.219.249 - - [31/Jul/2013:07:50:44 +0100] "GET / HTTP/1.1" 200 6505 "-" "Pingdom.com_bot_version_1.4_(http://www.pingdom.com)"
173.245.53.230 - - [31/Jul/2013:07:51:44 +0100] "GET / HTTP/1.1" 200 6505 "-" "Pingdom.com_bot_version_1.4_(http://www.pingdom.com)"
173.245.53.29 - - [31/Jul/2013:07:52:44 +0100] "GET / HTTP/1.1" 200 6505 "-" "Pingdom.com_bot_version_1.4_(http://www.pingdom.com)"
173.245.53.64 - - [31/Jul/2013:07:53:44 +0100] "GET / HTTP/1.1" 200 6505 "-" "Pingdom.com_bot_version_1.4_(http://www.pingdom.com)"
108.162.229.8 - - [31/Jul/2013:07:54:44 +0100] "GET / HTTP/1.1" 200 6505 "-" "Pingdom.com_bot_version_1.4_(http://www.pingdom.com)"
108.162.237.214 - - [31/Jul/2013:07:55:44 +0100] "GET / HTTP/1.1" 200 6505 "-" "Pingdom.com_bot_version_1.4_(http://www.pingdom.com)"
108.162.215.127 - - [31/Jul/2013:07:56:44 +0100] "GET / HTTP/1.1" 200 6505 "-" "Pingdom.com_bot_version_1.4_(http://www.pingdom.com)"
108.162.242.214 - - [31/Jul/2013:07:57:44 +0100] "GET / HTTP/1.1" 200 6505 "-" "Pingdom.com_bot_version_1.4_(http://www.pingdom.com)"
173.245.49.239 - - [31/Jul/2013:07:58:44 +0100] "GET / HTTP/1.1" 200 6505 "-" "Pingdom.com_bot_version_1.4_(http://www.pingdom.com)"
108.162.219.249 - - [31/Jul/2013:07:59:44 +0100] "GET / HTTP/1.1" 200 6505 "-" "Pingdom.com_bot_version_1.4_(http://www.pingdom.com)"
173.245.53.230 - - [31/Jul/2013:08:00:44 +0100] "GET / HTTP/1.1" 200 6505 "-" "Pingdom.com_bot_version_1.4_(http://www.pingdom.com)"
173.245.53.29 - - [31/Jul/2013:08:01:44 +0100] "GET / HTTP/1.1" 200 6505 "-" "Pingdom.com_bot_version_1.4_(http://www.pingdom.com)"
173.245.53.64 - - [31/Jul/2013:08:02:44 +0100] "GET / HTTP/1.1" 200 6505 "-" "Pingdom.com_bot_version_1.4_(http://www.pingdom.com)"
108.162.229.8 - - [31/Jul/2013:08:03:44 +0100] "GET / HTTP/1.1" 200 6505 "-" "Pingdom.com_bot_version_1.4_(http://www.pingdom.com)"
108.162.237.214 - - [31/Jul/2013:08:04:44 +0100] "GET / HTTP/1.1" 200 6505 "-" "Pingdom.com_bot_version_1.4_(http://www.pingdom.com)"
108.162.215.127 - - [31/Jul/2013:08:05:44 +0100] "GET / HTTP/1.1" 200 6505 "-" "Pingdom.com_bot_version_1.4_(http://www.pingdom.com)"
108.162.242.214 - - [31/Jul/2013:08:06:44 +0100] "GET / HTTP/1.1" 200 6505 "-" "Pingdom.com_bot_version_1.4_(http://www.pingdom.com)"
173.245.49.239 - - [31/Jul/2013:08:07:44 +0100] "GET / HTTP/1.1" 200 6505 "-" "Pingdom.com_bot_version_1.4_(http://www.pingdom.com)"
199.27.128.127 - - [31/Jul/2013:08:07:45 +0100] "GET /atom.xml HTTP/1.1" 304 0 "-" "Feedly/1.0 (+http://www.feedly.com/fetcher.html; like FeedFetcher-Google)"
108.162.219.249 - - [31/Jul/2013:08:08:44 +0100] "GET / HTTP/1.1" 200 6505 "-" "Pingdom.com_bot_version_1.4_(http://www.pingdom.com)"
173.245.53.230 - - [31/Jul/2013:08:09:44 +0100] "GET / HTTP/1.1" 200 6505 "-" "Pingdom.com_bot_version_1.4_(http://www.pingdom.com)"
141.101.70.115 - - [31/Jul/2013:08:10:09 +0100] "GET /blog/categories/cloudflare/ HTTP/1.1" 200 2170 "-" "Mozilla/5.0 (compatible; AhrefsBot/5.0; +http://ahrefs.com/robot/)"
173.245.53.29 - - [31/Jul/2013:08:10:44 +0100] "GET / HTTP/1.1" 200 6505 "-" "Pingdom.com_bot_version_1.4_(http://www.pingdom.com)"
173.245.53.64 - - [31/Jul/2013:08:11:44 +0100] "GET / HTTP/1.1" 200 6505 "-" "Pingdom.com_bot_version_1.4_(http://www.pingdom.com)"
108.162.229.8 - - [31/Jul/2013:08:12:44 +0100] "GET / HTTP/1.1" 200 6505 "-" "Pingdom.com_bot_version_1.4_(http://www.pingdom.com)"
141.101.70.115 - - [31/Jul/2013:08:13:20 +0100] "GET /blog/categories/boat/ HTTP/1.1" 200 2128 "-" "Mozilla/5.0 (compatible; AhrefsBot/5.0; +http://ahrefs.com/robot/)"
108.162.237.214 - - [31/Jul/2013:08:13:44 +0100] "GET / HTTP/1.1" 200 6505 "-" "Pingdom.com_bot_version_1.4_(http://www.pingdom.com)"
108.162.215.127 - - [31/Jul/2013:08:14:44 +0100] "GET / HTTP/1.1" 200 6505 "-" "Pingdom.com_bot_version_1.4_(http://www.pingdom.com)"
108.162.242.214 - - [31/Jul/2013:08:15:44 +0100] "GET / HTTP/1.1" 200 6505 "-" "Pingdom.com_bot_version_1.4_(http://www.pingdom.com)"
173.245.49.239 - - [31/Jul/2013:08:16:44 +0100] "GET / HTTP/1.1" 200 6505 "-" "Pingdom.com_bot_version_1.4_(http://www.pingdom.com)"
108.162.219.249 - - [31/Jul/2013:08:17:44 +0100] "GET / HTTP/1.1" 200 6505 "-" "Pingdom.com_bot_version_1.4_(http://www.pingdom.com)"
173.245.53.230 - - [31/Jul/2013:08:18:44 +0100] "GET / HTTP/1.1" 200 6505 "-" "Pingdom.com_bot_version_1.4_(http://www.pingdom.com)"
141.101.70.115 - - [31/Jul/2013:08:19:02 +0100] "GET /blog/categories/urban/ HTTP/1.1" 200 2136 "-" "Mozilla/5.0 (compatible; AhrefsBot/5.0; +http://ahrefs.com/robot/)"
173.245.53.29 - - [31/Jul/2013:08:19:44 +0100] "GET / HTTP/1.1" 200 6505 "-" "Pingdom.com_bot_version_1.4_(http://www.pingdom.com)"
173.245.53.64 - - [31/Jul/2013:08:20:44 +0100] "GET / HTTP/1.1" 200 6505 "-" "Pingdom.com_bot_version_1.4_(http://www.pingdom.com)"
108.162.229.8 - - [31/Jul/2013:08:21:44 +0100] "GET / HTTP/1.1" 200 6505 "-" "Pingdom.com_bot_version_1.4_(http://www.pingdom.com)"
108.162.237.214 - - [31/Jul/2013:08:22:44 +0100] "GET / HTTP/1.1" 200 6505 "-" "Pingdom.com_bot_version_1.4_(http://www.pingdom.com)"
108.162.215.127 - - [31/Jul/2013:08:23:44 +0100] "GET / HTTP/1.1" 200 6505 "-" "Pingdom.com_bot_version_1.4_(http://www.pingdom.com)"
108.162.242.214 - - [31/Jul/2013:08:24:44 +0100] "GET / HTTP/1.1" 200 6505 "-" "Pingdom.com_bot_version_1.4_(http://www.pingdom.com)"
141.101.70.115 - - [31/Jul/2013:08:25:30 +0100] "GET /cleanpress-octopress-theme/ HTTP/1.1" 200 3138 "-" "Mozilla/5.0 (compatible; AhrefsBot/5.0; +http://ahrefs.com/robot/)"
173.245.49.239 - - [31/Jul/2013:08:25:44 +0100] "GET / HTTP/1.1" 200 6505 "-" "Pingdom.com_bot_version_1.4_(http://www.pingdom.com)"
108.162.219.249 - - [31/Jul/2013:08:26:44 +0100] "GET / HTTP/1.1" 200 6505 "-" "Pingdom.com_bot_version_1.4_(http://www.pingdom.com)"
173.245.53.230 - - [31/Jul/2013:08:27:44 +0100] "GET / HTTP/1.1" 200 6505 "-" "Pingdom.com_bot_version_1.4_(http://www.pingdom.com)"
108.162.215.129 - - [31/Jul/2013:08:27:50 +0100] "GET / HTTP/1.1" 200 6505 "-" "Mozilla/5.0 (Windows NT 5.1) AppleWebKit/537.36 (KHTML, like Gecko) Chrome/28.0.1500.72 Safari/537.36"
173.245.48.129 - - [31/Jul/2013:08:27:51 +0100] "GET /fancybox/jquery.fancybox.css HTTP/1.1" 404 198 "http://carmo.org.uk/" "Mozilla/5.0 (Windows NT 5.1) AppleWebKit/537.36 (KHTML, like Gecko) Chrome/28.0.1500.72 Safari/537.36"
173.245.48.125 - - [31/Jul/2013:08:27:52 +0100] "GET /fancybox/jquery.fancybox.pack.js HTTP/1.1" 404 198 "http://carmo.org.uk/" "Mozilla/5.0 (Windows NT 5.1) AppleWebKit/537.36 (KHTML, like Gecko) Chrome/28.0.1500.72 Safari/537.36"
173.245.48.130 - - [31/Jul/2013:08:28:07 +0100] "GET /favicon.png HTTP/1.1" 200 957 "-" "Mozilla/5.0 (Windows NT 5.1) AppleWebKit/537.36 (KHTML, like Gecko) Chrome/28.0.1500.72 Safari/537.36"
173.245.53.29 - - [31/Jul/2013:08:28:44 +0100] "GET / HTTP/1.1" 200 6505 "-" "Pingdom.com_bot_version_1.4_(http://www.pingdom.com)"
173.245.53.64 - - [31/Jul/2013:08:29:44 +0100] "GET / HTTP/1.1" 200 6505 "-" "Pingdom.com_bot_version_1.4_(http://www.pingdom.com)"
108.162.229.8 - - [31/Jul/2013:08:30:45 +0100] "GET / HTTP/1.1" 200 6505 "-" "Pingdom.com_bot_version_1.4_(http://www.pingdom.com)"
108.162.237.214 - - [31/Jul/2013:08:31:44 +0100] "GET / HTTP/1.1" 200 6505 "-" "Pingdom.com_bot_version_1.4_(http://www.pingdom.com)"
108.162.215.127 - - [31/Jul/2013:08:32:44 +0100] "GET / HTTP/1.1" 200 6505 "-" "Pingdom.com_bot_version_1.4_(http://www.pingdom.com)"
108.162.242.214 - - [31/Jul/2013:08:33:44 +0100] "GET / HTTP/1.1" 200 6505 "-" "Pingdom.com_bot_version_1.4_(http://www.pingdom.com)"
173.245.49.239 - - [31/Jul/2013:08:34:44 +0100] "GET / HTTP/1.1" 200 6505 "-" "Pingdom.com_bot_version_1.4_(http://www.pingdom.com)"
108.162.219.249 - - [31/Jul/2013:08:35:44 +0100] "GET / HTTP/1.1" 200 6505 "-" "Pingdom.com_bot_version_1.4_(http://www.pingdom.com)"
