173.245.53.230 - - [31/Jul/2013:08:36:44 +0100] "GET / HTTP/1.1" 200 6505 "-" "Pingdom.com_bot_version_1.4_(http://www.pingdom.com)"
173.245.53.29 - - [31/Jul/2013:08:37:44 +0100] "GET / HTTP/1.1" 200 6505 "-" "Pingdom.com_bot_version_1.4_(http://www.pingdom.com)"
173.245.53.64 - - [31/Jul/2013:08:38:44 +0100] "GET / HTTP/1.1" 200 6505 "-" "Pingdom.com_bot_version_1.4_(http://www.pingdom.com)"
108.162.229.8 - - [31/Jul/2013:08:39:44 +0100] "GET / HTTP/1.1" 200 6505 "-" "Pingdom.com_bot_version_1.4_(http://www.pingdom.com)"
108.162.237.214 - - [31/Jul/2013:08:40:44 +0100] "GET / HTTP/1.1" 200 6505 "-" "Pingdom.com_bot_version_1.4_(http://www.pingdom.com)"
108.162.215.127 - - [31/Jul/2013:08:41:44 +0100] "GET / HTTP/1.1" 200 6505 "-" "Pingdom.com_bot_version_1.4_(http://www.pingdom.com)"
108.162.242.214 - - [31/Jul/2013:08:42:44 +0100] "GET / HTTP/1.1" 200 6505 "-" "Pingdom.com_bot_version_1.4_(http://www.pingdom.com)"
141.101.81.201 - - [31/Jul/2013:08:42:56 +0100] "GET /atom.xml HTTP/1.1" 200 13944 "-" "Feedfetcher-Google; (+http://www.google.com/feedfetcher.html; 2 subscribers; feed-id=2726769886677593079)"
173.245.49.239 - - [31/Jul/2013:08:43:45 +0100] "GET / HTTP/1.1" 200 6505 "-" "Pingdom.com_bot_version_1.4_(http://www.pingdom.com)"
108.162.219.249 - - [31/Jul/2013:08:44:44 +0100] "GET / HTTP/1.1" 200 6505 "-" "Pingdom.com_bot_version_1.4_(http://www.pingdom.com)"
173.245.53.230 - - [31/Jul/2013:08:45:45 +0100] "GET / HTTP/1.1" 200 6505 "-" "Pingdom.com_bot_version_1.4_(http://www.pingdom.com)"
173.245.53.29 - - [31/Jul/2013:08:46:44 +0100] "GET / HTTP/1.1" 200 6505 "-" "Pingdom.com_bot_version_1.4_(http://www.pingdom.com)"
173.245.53.64 - - [31/Jul/2013:08:47:44 +0100] "GET / HTTP/1.1" 200 6505 "-" "Pingdom.com_bot_version_1.4_(http://www.pingdom.com)"
108.162.229.8 - - [31/Jul/2013:08:48:44 +0100] "GET / HTTP/1.1" 200 6505 "-" "Pingdom.com_bot_version_1.4_(http://www.pingdom.com)"
108.162.237.214 - - [31/Jul/2013:08:49:44 +0100] "GET / HTTP/1.1" 200 6505 "-" "Pingdom.com_bot_version_1.4_(http://www.pingdom.com)"
108.162.215.127 - - [31/Jul/2013:08:50:44 +0100] "GET / HTTP/1.1" 200 6505 "-" "Pingdom.com_bot_version_1.4_(http://www.pingdom.com)"
141.101.70.115 - - [31/Jul/2013:08:51:25 +0100] "GET /about HTTP/1.1" 301 184 "-" "Mozilla/5.0 (compatible; AhrefsBot/5.0; +http://ahrefs.com/robot/)"
108.162.242.214 - - [31/Jul/2013:08:51:44 +0100] "GET / HTTP/1.1" 200 6505 "-" "Pingdom.com_bot_version_1.4_(http://www.pingdom.com)"
141.101.70.115 - - [31/Jul/2013:08:52:28 +0100] "GET /blog/categories/octopress/ HTTP/1.1" 200 2146 "-" "Mozilla/5.0 (compatible; AhrefsBot/5.0; +http://ahrefs.com/robot/)"
173.245.49.239 - - [31/Jul/2013:08:52:44 +0100] "GET / HTTP/1.1" 200 6505 "-" "Pingdom.com_bot_version_1.4_(http://www.pingdom.com)"
108.162.219.249 - - [31/Jul/2013:08:53:44 +0100] "GET / HTTP/1.1" 200 6505 "-" "Pingdom.com_bot_version_1.4_(http://www.pingdom.com)"
173.245.53.230 - - [31/Jul/2013:08:54:44 +0100] "GET / HTTP/1.1" 200 6505 "-" "Pingdom.com_bot_version_1.4_(http://www.pingdom.com)"
199.27.128.152 - - [31/Jul/2013:08:55:31 +0100] "GET / HTTP/1.1" 200 6505 "-" "Mozilla/5.0 (Macintosh; Intel Mac OS X 10_8_4) AppleWebKit/537.36 (KHTML, like Gecko) Chrome/28.0.1500.71 Safari/537.36"
199.27.128.160 - - [31/Jul/2013:08:55:32 +0100] "GET /fancybox/jquery.fancybox.css HTTP/1.1" 404 198 "http://carmo.org.uk/" "Mozilla/5.0 (Macintosh; Intel Mac OS X 10_8_4) AppleWebKit/537.36 (KHTML, like Gecko) Chrome/28.0.1500.71 Safari/537.36"
199.27.128.149 - - [31/Jul/2013:08:55:32 +0100] "GET /stylesheets/screen.css HTTP/1.1" 200 29268 "http://carmo.org.uk/" "Mozilla/5.0 (Macintosh; Intel Mac OS X 10_8_4) AppleWebKit/537.36 (KHTML, like Gecko) Chrome/28.0.1500.71 Safari/537.36"
199.27.128.151 - - [31/Jul/2013:08:55:32 +0100] "GET /fancybox/jquery.fancybox.pack.js HTTP/1.1" 404 198 "http://carmo.org.uk/" "Mozilla/5.0 (Macintosh; Intel Mac OS X 10_8_4) AppleWebKit/537.36 (KHTML, like Gecko) Chrome/28.0.1500.71 Safari/537.36"
199.27.128.154 - - [31/Jul/2013:08:55:33 +0100] "GET /font/fontawesome-webfont.woff HTTP/1.1" 200 23416 "http://carmo.org.uk/" "Mozilla/5.0 (Macintosh; Intel Mac OS X 10_8_4) AppleWebKit/537.36 (KHTML, like Gecko) Chrome/28.0.1500.71 Safari/537.36"
199.27.128.154 - - [31/Jul/2013:08:55:34 +0100] "GET /javascripts/slash.js HTTP/1.1" 200 1786 "http://carmo.org.uk/" "Mozilla/5.0 (Macintosh; Intel Mac OS X 10_8_4) AppleWebKit/537.36 (KHTML, like Gecko) Chrome/28.0.1500.71 Safari/537.36"
199.27.128.155 - - [31/Jul/2013:08:55:34 +0100] "GET /javascripts/jquery.fancybox.pack.js HTTP/1.1" 200 17638 "http://carmo.org.uk/" "Mozilla/5.0 (Macintosh; Intel Mac OS X 10_8_4) AppleWebKit/537.36 (KHTML, like Gecko) Chrome/28.0.1500.71 Safari/537.36"
199.27.128.152 - - [31/Jul/2013:08:55:34 +0100] "GET /favicon.png HTTP/1.1" 200 957 "-" "Mozilla/5.0 (Macintosh; Intel Mac OS X 10_8_4) AppleWebKit/537.36 (KHTML, like Gecko) Chrome/28.0.1500.71 Safari/537.36"
173.245.53.29 - - [31/Jul/2013:08:55:44 +0100] "GET / HTTP/1.1" 200 6505 "-" "Pingdom.com_bot_version_1.4_(http://www.pingdom.com)"
173.245.53.64 - - [31/Jul/2013:08:56:44 +0100] "GET / HTTP/1.1" 200 6505 "-" "Pingdom.com_bot_version_1.4_(http://www.pingdom.com)"
141.101.70.115 - - [31/Jul/2013:08:56:48 +0100] "GET /street-steps/ HTTP/1.1" 200 2378 "-" "Mozilla/5.0 (compatible; AhrefsBot/5.0; +http://ahrefs.com/robot/)"
108.162.229.8 - - [31/Jul/2013:08:57:44 +0100] "GET / HTTP/1.1" 200 6505 "-" "Pingdom.com_bot_version_1.4_(http://www.pingdom.com)"
108.162.215.232 - - [31/Jul/2013:08:57:50 +0100] "GET / HTTP/1.1" 200 6505 "-" "Mozilla/4.0"
173.245.48.144 - - [31/Jul/2013:08:57:58 +0100] "GET /font/fontawesome-webfont.woff HTTP/1.1" 200 23416 "-" "Mozilla/4.0"
141.101.70.115 - - [31/Jul/2013:08:58:04 +0100] "GET /blog/categories/lego/ HTTP/1.1" 200 2144 "-" "Mozilla/5.0 (compatible; AhrefsBot/5.0; +http://ahrefs.com/robot/)"
108.162.237.214 - - [31/Jul/2013:08:58:45 +0100] "GET / HTTP/1.1" 200 6505 "-" "Pingdom.com_bot_version_1.4_(http://www.pingdom.com)"
108.162.215.127 - - [31/Jul/2013:08:59:44 +0100] "GET / HTTP/1.1" 200 6505 "-" "Pingdom.com_bot_version_1.4_(http://www.pingdom.com)"
108.162.242.214 - - [31/Jul/2013:09:00:44 +0100] "GET / HTTP/1.1" 200 6505 "-" "Pingdom.com_bot_version_1.4_(http://www.pingdom.com)"
173.245.49.239 - - [31/Jul/2013:09:01:45 +0100] "GET / HTTP/1.1" 200 6505 "-" "Pingdom.com_bot_version_1.4_(http://www.pingdom.com)"
173.245.48.134 - - [31/Jul/2013:09:02:08 +0100] "GET /fancybox/jquery.fancybox.pack.js HTTP/1.1" 404 142 "http://carmo.org.uk/fancybox/jquery.fancybox.pack.js" "Mozilla/4.0"
108.162.215.135 - - [31/Jul/2013:09:02:08 +0100] "GET //ajax.googleapis.com/ajax/libs/jquery/1.7.2/jquery.min.js HTTP/1.1" 404 142 "http://carmo.org.uk//ajax.googleapis.com/ajax/libs/jquery/1.7.2/jquery.min.js" "Mozilla/4.0"
108.162.215.139 - - [31/Jul/2013:09:02:08 +0100] "GET //html5shiv.googlecode.com/svn/trunk/html5.js HTTP/1.1" 404 142 "http://carmo.org.uk//html5shiv.googlecode.com/svn/trunk/html5.js" "Mozilla/4.0"
173.245.48.138 - - [31/Jul/2013:09:02:08 +0100] "GET //use.typekit.net/axj3cfp.js HTTP/1.1" 404 142 "http://carmo.org.uk//use.typekit.net/axj3cfp.js" "Mozilla/4.0"
108.162.215.134 - - [31/Jul/2013:09:02:08 +0100] "GET /javascripts/jquery.fancybox.pack.js HTTP/1.1" 200 17638 "http://carmo.org.uk/javascripts/jquery.fancybox.pack.js" "Mozilla/4.0"
108.162.215.135 - - [31/Jul/2013:09:02:10 +0100] "GET /javascripts/slash.js HTTP/1.1" 200 1786 "http://carmo.org.uk/javascripts/slash.js" "Mozilla/4.0"
108.162.219.249 - - [31/Jul/2013:09:02:44 +0100] "GET / HTTP/1.1" 200 6505 "-" "Pingdom.com_bot_version_1.4_(http://www.pingdom.com)"
141.101.70.115 - - [31/Jul/2013:09:02:55 +0100] "GET /archives HTTP/1.1" 301 184 "-" "Mozilla/5.0 (compatible; AhrefsBot/5.0; +http://ahrefs.com/robot/)"
173.245.53.230 - - [31/Jul/2013:09:03:44 +0100] "GET / HTTP/1.1" 200 6505 "-" "Pingdom.com_bot_version_1.4_(http://www.pingdom.com)"
173.245.53.29 - - [31/Jul/2013:09:04:44 +0100] "GET / HTTP/1.1" 200 6505 "-" "Pingdom.com_bot_version_1.4_(http://www.pingdom.com)"
173.245.53.64 - - [31/Jul/2013:09:05:44 +0100] "GET / HTTP/1.1" 200 6505 "-" "Pingdom.com_bot_version_1.4_(http://www.pingdom.com)"
108.162.229.8 - - [31/Jul/2013:09:06:45 +0100] "GET / HTTP/1.1" 200 6505 "-" "Pingdom.com_bot_version_1.4_(http://www.pingdom.com)"
108.162.237.214 - - [31/Jul/2013:09:07:44 +0100] "GET / HTTP/1.1" 200 6505 "-" "Pingdom.com_bot_version_1.4_(http://www.pingdom.com)"
108.162.215.127 - - [31/Jul/2013:09:08:44 +0100] "GET / HTTP/1.1" 200 6505 "-" "Pingdom.com_bot_version_1.4_(http://www.pingdom.com)"
108.162.242.214 - - [31/Jul/2013:09:09:44 +0100] "GET / HTTP/1.1" 200 6505 "-" "Pingdom.com_bot_version_1.4_(http://www.pingdom.com)"
141.101.70.115 - - [31/Jul/2013:09:10:17 +0100] "GET /cloudflare-dynamicdns-updater-raspberry-pi/ HTTP/1.1" 200 3585 "-" "Mozilla/5.0 (compatible; AhrefsBot/5.0; +http://ahrefs.com/robot/)"
141.101.70.115 - - [31/Jul/2013:09:10:30 +0100] "GET /an-octopress-flickr-set-plugin/ HTTP/1.1" 200 4451 "-" "Mozilla/5.0 (compatible; AhrefsBot/5.0; +http://ahrefs.com/robot/)"
173.245.49.239 - - [31/Jul/2013:09:10:44 +0100] "GET / HTTP/1.1" 200 6505 "-" "Pingdom.com_bot_version_1.4_(http://www.pingdom.com)"
108.162.219.249 - - [31/Jul/2013:09:11:44 +0100] "GET / HTTP/1.1" 200 6505 "-" "Pingdom.com_bot_version_1.4_(http://www.pingdom.com)"
173.245.53.230 - - [31/Jul/2013:09:12:44 +0100] "GET / HTTP/1.1" 200 6505 "-" "Pingdom.com_bot_version_1.4_(http://www.pingdom.com)"
173.245.53.29 - - [31/Jul/2013:09:13:44 +0100] "GET / HTTP/1.1" 200 6505 "-" "Pingdom.com_bot_version_1.4_(http://www.pingdom.com)"
173.245.53.64 - - [31/Jul/2013:09:14:44 +0100] "GET / HTTP/1.1" 200 6505 "-" "Pingdom.com_bot_version_1.4_(http://www.pingdom.com)"
108.162.229.8 - - [31/Jul/2013:09:15:47 +0100] "GET / HTTP/1.1" 200 6505 "-" "Pingdom.com_bot_version_1.4_(http://www.pingdom.com)"
108.162.237.214 - - [31/Jul/2013:09:16:44 +0100] "GET / HTTP/1.1" 200 6505 "-" "Pingdom.com_bot_version_1.4_(http://www.pingdom.com)"
108.162.215.127 - - [31/Jul/2013:09:17:44 +0100] "GET / HTTP/1.1" 200 6505 "-" "Pingdom.com_bot_version_1.4_(http://www.pingdom.com)"
108.162.242.214 - - [31/Jul/2013:09:18:44 +0100] "GET / HTTP/1.1" 200 6505 "-" "Pingdom.com_bot_version_1.4_(http://www.pingdom.com)"
173.245.49.239 - - [31/Jul/2013:09:19:44 +0100] "GET / HTTP/1.1" 200 6505 "-" "Pingdom.com_bot_version_1.4_(http://www.pingdom.com)"
108.162.219.249 - - [31/Jul/2013:09:20:44 +0100] "GET / HTTP/1.1" 200 6505 "-" "Pingdom.com_bot_version_1.4_(http://www.pingdom.com)"
173.245.53.230 - - [31/Jul/2013:09:21:44 +0100] "GET / HTTP/1.1" 200 6505 "-" "Pingdom.com_bot_version_1.4_(http://www.pingdom.com)"
173.245.53.29 - - [31/Jul/2013:09:22:44 +0100] "GET / HTTP/1.1" 200 6505 "-" "Pingdom.com_bot_version_1.4_(http://www.pingdom.com)"
173.245.53.64 - - [31/Jul/2013:09:23:44 +0100] "GET / HTTP/1.1" 200 6505 "-" "Pingdom.com_bot_version_1.4_(http://www.pingdom.com)"
108.162.229.8 - - [31/Jul/2013:09:24:44 +0100] "GET / HTTP/1.1" 200 6505 "-" "Pingdom.com_bot_version_1.4_(http://www.pingdom.com)"
108.162.237.214 - - [31/Jul/2013:09:25:44 +0100] "GET / HTTP/1.1" 200 6505 "-" "Pingdom.com_bot_version_1.4_(http://www.pingdom.com)"
108.162.215.127 - - [31/Jul/2013:09:26:46 +0100] "GET / HTTP/1.1" 200 6505 "-" "Pingdom.com_bot_version_1.4_(http://www.pingdom.com)"
108.162.242.214 - - [31/Jul/2013:09:27:44 +0100] "GET / HTTP/1.1" 200 6505 "-" "Pingdom.com_bot_version_1.4_(http://www.pingdom.com)"
173.245.49.239 - - [31/Jul/2013:09:28:44 +0100] "GET / HTTP/1.1" 200 6505 "-" "Pingdom.com_bot_version_1.4_(http://www.pingdom.com)"
108.162.219.249 - - [31/Jul/2013:09:29:44 +0100] "GET / HTTP/1.1" 200 6505 "-" "Pingdom.com_bot_version_1.4_(http://www.pingdom.com)"
173.245.53.230 - - [31/Jul/2013:09:30:44 +0100] "GET / HTTP/1.1" 200 6505 "-" "Pingdom.com_bot_version_1.4_(http://www.pingdom.com)"
173.245.53.29 - - [31/Jul/2013:09:31:44 +0100] "GET / HTTP/1.1" 200 6505 "-" "Pingdom.com_bot_version_1.4_(http://www.pingdom.com)"
173.245.53.64 - - [31/Jul/2013:09:32:44 +0100] "GET / HTTP/1.1" 200 6505 "-" "Pingdom.com_bot_version_1.4_(http://www.pingdom.com)"
108.162.229.8 - - [31/Jul/2013:09:33:44 +0100] "GET / HTTP/1.1" 200 6505 "-" "Pingdom.com_bot_version_1.4_(http://www.pingdom.com)"
108.162.237.214 - - [31/Jul/2013:09:34:44 +0100] "GET / HTTP/1.1" 200 6505 "-" "Pingdom.com_bot_version_1.4_(http://www.pingdom.com)"
108.162.215.127 - - [31/Jul/2013:09:35:44 +0100] "GET / HTTP/1.1" 200 6505 "-" "Pingdom.com_bot_version_1.4_(http://www.pingdom.com)"
108.162.242.214 - - [31/Jul/2013:09:36:44 +0100] "GET / HTTP/1.1" 200 6505 "-" "Pingdom.com_bot_version_1.4_(http://www.pingdom.com)"
173.245.49.239 - - [31/Jul/2013:09:37:44 +0100] "GET / HTTP/1.1" 200 6505 "-" "Pingdom.com_bot_version_1.4_(http://www.pingdom.com)"
108.162.219.249 - - [31/Jul/2013:09:38:44 +0100] "GET / HTTP/1.1" 200 6505 "-" "Pingdom.com_bot_version_1.4_(http://www.pingdom.com)"
173.245.53.230 - - [31/Jul/2013:09:39:44 +0100] "GET / HTTP/1.1" 200 6505 "-" "Pingdom.com_bot_version_1.4_(http://www.pingdom.com)"
141.101.70.115 - - [31/Jul/2013:09:40:22 +0100] "GET /blog/categories/star-wars/ HTTP/1.1" 200 2146 "-" "Mozilla/5.0 (compatible; AhrefsBot/5.0; +http://ahrefs.com/robot/)"
173.245.53.29 - - [31/Jul/2013:09:40:44 +0100] "GET / HTTP/1.1" 200 6505 "-" "Pingdom.com_bot_version_1.4_(http://www.pingdom.com)"
173.245.53.64 - - [31/Jul/2013:09:41:44 +0100] "GET / HTTP/1.1" 200 6505 "-" "Pingdom.com_bot_version_1.4_(http://www.pingdom.com)"
108.162.229.8 - - [31/Jul/2013:09:42:44 +0100] "GET / HTTP/1.1" 200 6505 "-" "Pingdom.com_bot_version_1.4_(http://www.pingdom.com)"
108.162.237.214 - - [31/Jul/2013:09:43:44 +0100] "GET / HTTP/1.1" 200 6505 "-" "Pingdom.com_bot_version_1.4_(http://www.pingdom.com)"
108.162.215.127 - - [31/Jul/2013:09:44:44 +0100] "GET / HTTP/1.1" 200 6505 "-" "Pingdom.com_bot_version_1.4_(http://www.pingdom.com)"
108.162.242.214 - - [31/Jul/2013:09:45:44 +0100] "GET / HTTP/1.1" 200 6505 "-" "Pingdom.com_bot_version_1.4_(http://www.pingdom.com)"
141.101.80.201 - - [31/Jul/2013:09:45:46 +0100] "GET /atom.xml HTTP/1.1" 304 0 "-" "Feedfetcher-Google; (+http://www.google.com/feedfetcher.html; 2 subscribers; feed-id=2726769886677593079)"
173.245.49.239 - - [31/Jul/2013:09:46:44 +0100] "GET / HTTP/1.1" 200 6505 "-" "Pingdom.com_bot_version_1.4_(http://www.pingdom.com)"
108.162.219.249 - - [31/Jul/2013:09:47:44 +0100] "GET / HTTP/1.1" 200 6505 "-" "Pingdom.com_bot_version_1.4_(http://www.pingdom.com)"
173.245.53.230 - - [31/Jul/2013:09:48:44 +0100] "GET / HTTP/1.1" 200 6505 "-" "Pingdom.com_bot_version_1.4_(http://www.pingdom.com)"
173.245.53.29 - - [31/Jul/2013:09:49:44 +0100] "GET / HTTP/1.1" 200 6505 "-" "Pingdom.com_bot_version_1.4_(http://www.pingdom.com)"
173.245.51.246 - - [31/Jul/2013:09:50:24 +0100] "GET / HTTP/1.1" 200 6505 "-" "Mozilla/5.0 (Windows NT 6.1; WOW64) AppleWebKit/537.36 (KHTML, like Gecko) Chrome/27.0.1453.110 Safari/537.36"
108.162.231.246 - - [31/Jul/2013:09:50:24 +0100] "GET /stylesheets/screen.css HTTP/1.1" 200 29268 "http://carmo.org.uk/" "Mozilla/5.0 (Windows NT 6.1; WOW64) AppleWebKit/537.36 (KHTML, like Gecko) Chrome/27.0.1453.110 Safari/537.36"
108.162.231.246 - - [31/Jul/2013:09:50:24 +0100] "GET /fancybox/jquery.fancybox.css HTTP/1.1" 404 198 "http://carmo.org.uk/" "Mozilla/5.0 (Windows NT 6.1; WOW64) AppleWebKit/537.36 (KHTML, like Gecko) Chrome/27.0.1453.110 Safari/537.36"
108.162.231.6 - - [31/Jul/2013:09:50:24 +0100] "GET /fancybox/jquery.fancybox.pack.js HTTP/1.1" 404 198 "http://carmo.org.uk/" "Mozilla/5.0 (Windows NT 6.1; WOW64) AppleWebKit/537.36 (KHTML, like Gecko) Chrome/27.0.1453.110 Safari/537.36"
173.245.51.245 - - [31/Jul/2013:09:50:24 +0100] "GET /font/fontawesome-webfont.woff HTTP/1.1" 200 23416 "http://carmo.org.uk/" "Mozilla/5.0 (Windows NT 6.1; WOW64) AppleWebKit/537.36 (KHTML, like Gecko) Chrome/27.0.1453.110 Safari/537.36"
108.162.231.4 - - [31/Jul/2013:09:50:25 +0100] "GET /javascripts/slash.js HTTP/1.1" 200 1786 "http://carmo.org.uk/" "Mozilla/5.0 (Windows NT 6.1; WOW64) AppleWebKit/537.36 (KHTML, like Gecko) Chrome/27.0.1453.110 Safari/537.36"
108.162.231.9 - - [31/Jul/2013:09:50:26 +0100] "GET /javascripts/jquery.fancybox.pack.js HTTP/1.1" 200 17638 "http://carmo.org.uk/" "Mozilla/5.0 (Windows NT 6.1; WOW64) AppleWebKit/537.36 (KHTML, like Gecko) Chrome/27.0.1453.110 Safari/537.36"
173.245.51.246 - - [31/Jul/2013:09:50:28 +0100] "GET /favicon.png HTTP/1.1" 200 957 "-" "Mozilla/5.0 (Windows NT 6.1; WOW64) AppleWebKit/537.36 (KHTML, like Gecko) Chrome/27.0.1453.110 Safari/537.36"
173.245.53.64 - - [31/Jul/2013:09:50:44 +0100] "GET / HTTP/1.1" 200 6505 "-" "Pingdom.com_bot_version_1.4_(http://www.pingdom.com)"
108.162.229.8 - - [31/Jul/2013:09:51:44 +0100] "GET / HTTP/1.1" 200 6505 "-" "Pingdom.com_bot_version_1.4_(http://www.pingdom.com)"
108.162.237.214 - - [31/Jul/2013:09:52:44 +0100] "GET / HTTP/1.1" 200 6505 "-" "Pingdom.com_bot_version_1.4_(http://www.pingdom.com)"
108.162.215.127 - - [31/Jul/2013:09:53:44 +0100] "GET / HTTP/1.1" 200 6505 "-" "Pingdom.com_bot_version_1.4_(http://www.pingdom.com)"
108.162.242.214 - - [31/Jul/2013:09:54:44 +0100] "GET / HTTP/1.1" 200 6505 "-" "Pingdom.com_bot_version_1.4_(http://www.pingdom.com)"
173.245.49.239 - - [31/Jul/2013:09:55:44 +0100] "GET / HTTP/1.1" 200 6505 "-" "Pingdom.com_bot_version_1.4_(http://www.pingdom.com)"
108.162.219.249 - - [31/Jul/2013:09:56:44 +0100] "GET / HTTP/1.1" 200 6505 "-" "Pingdom.com_bot_version_1.4_(http://www.pingdom.com)"
173.245.53.230 - - [31/Jul/2013:09:57:44 +0100] "GET / HTTP/1.1" 200 6505 "-" "Pingdom.com_bot_version_1.4_(http://www.pingdom.com)"
173.245.53.29 - - [31/Jul/2013:09:58:44 +0100] "GET / HTTP/1.1" 200 6505 "-" "Pingdom.com_bot_version_1.4_(http://www.pingdom.com)"
173.245.53.64 - - [31/Jul/2013:09:59:44 +0100] "GET / HTTP/1.1" 200 6505 "-" "Pingdom.com_bot_version_1.4_(http://www.pingdom.com)"
108.162.229.8 - - [31/Jul/2013:10:00:44 +0100] "GET / HTTP/1.1" 200 6505 "-" "Pingdom.com_bot_version_1.4_(http://www.pingdom.com)"
108.162.237.214 - - [31/Jul/2013:10:01:44 +0100] "GET / HTTP/1.1" 200 6505 "-" "Pingdom.com_bot_version_1.4_(http://www.pingdom.com)"
108.162.215.127 - - [31/Jul/2013:10:02:44 +0100] "GET / HTTP/1.1" 200 6505 "-" "Pingdom.com_bot_version_1.4_(http://www.pingdom.com)"
108.162.242.214 - - [31/Jul/2013:10:03:44 +0100] "GET / HTTP/1.1" 200 6505 "-" "Pingdom.com_bot_version_1.4_(http://www.pingdom.com)"
173.245.49.239 - - [31/Jul/2013:10:04:44 +0100] "GET / HTTP/1.1" 200 6505 "-" "Pingdom.com_bot_version_1.4_(http://www.pingdom.com)"
108.162.219.249 - - [31/Jul/2013:10:05:44 +0100] "GET / HTTP/1.1" 200 6505 "-" "Pingdom.com_bot_version_1.4_(http://www.pingdom.com)"
173.245.53.230 - - [31/Jul/2013:10:06:44 +0100] "GET / HTTP/1.1" 200 6505 "-" "Pingdom.com_bot_version_1.4_(http://www.pingdom.com)"
173.245.53.29 - - [31/Jul/2013:10:07:44 +0100] "GET / HTTP/1.1" 200 6505 "-" "Pingdom.com_bot_version_1.4_(http://www.pingdom.com)"
173.245.53.64 - - [31/Jul/2013:10:08:44 +0100] "GET / HTTP/1.1" 200 6505 "-" "Pingdom.com_bot_version_1.4_(http://www.pingdom.com)"
108.162.229.8 - - [31/Jul/2013:10:09:45 +0100] "GET / HTTP/1.1" 200 6505 "-" "Pingdom.com_bot_version_1.4_(http://www.pingdom.com)"
108.162.237.214 - - [31/Jul/2013:10:10:44 +0100] "GET / HTTP/1.1" 200 6505 "-" "Pingdom.com_bot_version_1.4_(http://www.pingdom.com)"
108.162.215.127 - - [31/Jul/2013:10:11:44 +0100] "GET / HTTP/1.1" 200 6505 "-" "Pingdom.com_bot_version_1.4_(http://www.pingdom.com)"
108.162.242.214 - - [31/Jul/2013:10:12:44 +0100] "GET / HTTP/1.1" 200 6505 "-" "Pingdom.com_bot_version_1.4_(http://www.pingdom.com)"
173.245.49.239 - - [31/Jul/2013:10:13:44 +0100] "GET / HTTP/1.1" 200 6505 "-" "Pingdom.com_bot_version_1.4_(http://www.pingdom.com)"
108.162.219.249 - - [31/Jul/2013:10:14:44 +0100] "GET / HTTP/1.1" 200 6505 "-" "Pingdom.com_bot_version_1.4_(http://www.pingdom.com)"
108.162.245.204 - - [31/Jul/2013:10:15:41 +0100] "GET /robots.txt HTTP/1.1" 200 67 "-" "msnbot/2.0b (+http://search.msn.com/msnbot.htm)"
108.162.246.224 - - [31/Jul/2013:10:15:42 +0100] "GET /sitemap.xml HTTP/1.1" 200 1787 "-" "msnbot/2.0b (+http://search.msn.com/msnbot.htm)"
173.245.53.230 - - [31/Jul/2013:10:15:44 +0100] "GET / HTTP/1.1" 200 6505 "-" "Pingdom.com_bot_version_1.4_(http://www.pingdom.com)"
173.245.53.29 - - [31/Jul/2013:10:16:44 +0100] "GET / HTTP/1.1" 200 6505 "-" "Pingdom.com_bot_version_1.4_(http://www.pingdom.com)"
173.245.53.64 - - [31/Jul/2013:10:17:44 +0100] "GET / HTTP/1.1" 200 6505 "-" "Pingdom.com_bot_version_1.4_(http://www.pingdom.com)"
108.162.229.8 - - [31/Jul/2013:10:18:44 +0100] "GET / HTTP/1.1" 200 6505 "-" "Pingdom.com_bot_version_1.4_(http://www.pingdom.com)"
108.162.237.214 - - [31/Jul/2013:10:19:44 +0100] "GET / HTTP/1.1" 200 6505 "-" "Pingdom.com_bot_version_1.4_(http://www.pingdom.com)"
108.162.215.127 - - [31/Jul/2013:10:20:45 +0100] "GET / HTTP/1.1" 200 6505 "-" "Pingdom.com_bot_version_1.4_(http://www.pingdom.com)"
108.162.242.214 - - [31/Jul/2013:10:21:44 +0100] "GET / HTTP/1.1" 200 6505 "-" "Pingdom.com_bot_version_1.4_(http://www.pingdom.com)"
173.245.49.239 - - [31/Jul/2013:10:22:45 +0100] "GET / HTTP/1.1" 200 6505 "-" "Pingdom.com_bot_version_1.4_(http://www.pingdom.com)"
108.162.219.249 - - [31/Jul/2013:10:23:44 +0100] "GET / HTTP/1.1" 200 6505 "-" "Pingdom.com_bot_version_1.4_(http://www.pingdom.com)"
173.245.53.230 - - [31/Jul/2013:10:24:44 +0100] "GET / HTTP/1.1" 200 6505 "-" "Pingdom.com_bot_version_1.4_(http://www.pingdom.com)"
173.245.53.29 - - [31/Jul/2013:10:25:44 +0100] "GET / HTTP/1.1" 200 6505 "-" "Pingdom.com_bot_version_1.4_(http://www.pingdom.com)"
173.245.53.64 - - [31/Jul/2013:10:26:44 +0100] "GET / HTTP/1.1" 200 6505 "-" "Pingdom.com_bot_version_1.4_(http://www.pingdom.com)"
108.162.229.8 - - [31/Jul/2013:10:27:44 +0100] "GET / HTTP/1.1" 200 6505 "-" "Pingdom.com_bot_version_1.4_(http://www.pingdom.com)"
108.162.237.214 - - [31/Jul/2013:10:28:44 +0100] "GET / HTTP/1.1" 200 6505 "-" "Pingdom.com_bot_version_1.4_(http://www.pingdom.com)"
108.162.215.127 - - [31/Jul/2013:10:29:44 +0100] "GET / HTTP/1.1" 200 6505 "-" "Pingdom.com_bot_version_1.4_(http://www.pingdom.com)"
108.162.242.214 - - [31/Jul/2013:10:30:44 +0100] "GET / HTTP/1.1" 200 6505 "-" "Pingdom.com_bot_version_1.4_(http://www.pingdom.com)"
173.245.49.239 - - [31/Jul/2013:10:31:46 +0100] "GET / HTTP/1.1" 200 6505 "-" "Pingdom.com_bot_version_1.4_(http://www.pingdom.com)"
108.162.219.249 - - [31/Jul/2013:10:32:44 +0100] "GET / HTTP/1.1" 200 6505 "-" "Pingdom.com_bot_version_1.4_(http://www.pingdom.com)"
173.245.53.230 - - [31/Jul/2013:10:33:44 +0100] "GET / HTTP/1.1" 200 6505 "-" "Pingdom.com_bot_version_1.4_(http://www.pingdom.com)"
173.245.53.29 - - [31/Jul/2013:10:34:44 +0100] "GET / HTTP/1.1" 200 6505 "-" "Pingdom.com_bot_version_1.4_(http://www.pingdom.com)"
173.245.53.64 - - [31/Jul/2013:10:35:44 +0100] "GET / HTTP/1.1" 200 6505 "-" "Pingdom.com_bot_version_1.4_(http://www.pingdom.com)"
108.162.229.8 - - [31/Jul/2013:10:36:44 +0100] "GET / HTTP/1.1" 200 6505 "-" "Pingdom.com_bot_version_1.4_(http://www.pingdom.com)"
108.162.237.214 - - [31/Jul/2013:10:37:44 +0100] "GET / HTTP/1.1" 200 6505 "-" "Pingdom.com_bot_version_1.4_(http://www.pingdom.com)"
108.162.215.127 - - [31/Jul/2013:10:38:44 +0100] "GET / HTTP/1.1" 200 6505 "-" "Pingdom.com_bot_version_1.4_(http://www.pingdom.com)"
108.162.242.214 - - [31/Jul/2013:10:39:44 +0100] "GET / HTTP/1.1" 200 6505 "-" "Pingdom.com_bot_version_1.4_(http://www.pingdom.com)"
173.245.49.239 - - [31/Jul/2013:10:40:44 +0100] "GET / HTTP/1.1" 200 6505 "-" "Pingdom.com_bot_version_1.4_(http://www.pingdom.com)"
108.162.219.249 - - [31/Jul/2013:10:41:44 +0100] "GET / HTTP/1.1" 200 6505 "-" "Pingdom.com_bot_version_1.4_(http://www.pingdom.com)"
173.245.53.230 - - [31/Jul/2013:10:42:44 +0100] "GET / HTTP/1.1" 200 6505 "-" "Pingdom.com_bot_version_1.4_(http://www.pingdom.com)"
173.245.53.29 - - [31/Jul/2013:10:43:44 +0100] "GET / HTTP/1.1" 200 6505 "-" "Pingdom.com_bot_version_1.4_(http://www.pingdom.com)"
173.245.53.64 - - [31/Jul/2013:10:44:44 +0100] "GET / HTTP/1.1" 200 6505 "-" "Pingdom.com_bot_version_1.4_(http://www.pingdom.com)"
108.162.229.8 - - [31/Jul/2013:10:45:44 +0100] "GET / HTTP/1.1" 200 6505 "-" "Pingdom.com_bot_version_1.4_(http://www.pingdom.com)"
141.101.80.201 - - [31/Jul/2013:10:45:56 +0100] "GET /atom.xml HTTP/1.1" 304 0 "-" "Feedfetcher-Google; (+http://www.google.com/feedfetcher.html; 2 subscribers; feed-id=2726769886677593079)"
108.162.237.214 - - [31/Jul/2013:10:46:44 +0100] "GET / HTTP/1.1" 200 6505 "-" "Pingdom.com_bot_version_1.4_(http://www.pingdom.com)"
108.162.215.127 - - [31/Jul/2013:10:47:44 +0100] "GET / HTTP/1.1" 200 6505 "-" "Pingdom.com_bot_version_1.4_(http://www.pingdom.com)"
108.162.242.214 - - [31/Jul/2013:10:48:46 +0100] "GET / HTTP/1.1" 200 6505 "-" "Pingdom.com_bot_version_1.4_(http://www.pingdom.com)"
173.245.49.239 - - [31/Jul/2013:10:49:44 +0100] "GET / HTTP/1.1" 200 6505 "-" "Pingdom.com_bot_version_1.4_(http://www.pingdom.com)"
108.162.219.249 - - [31/Jul/2013:10:50:44 +0100] "GET / HTTP/1.1" 200 6505 "-" "Pingdom.com_bot_version_1.4_(http://www.pingdom.com)"
173.245.53.230 - - [31/Jul/2013:10:51:44 +0100] "GET / HTTP/1.1" 200 6505 "-" "Pingdom.com_bot_version_1.4_(http://www.pingdom.com)"
173.245.53.29 - - [31/Jul/2013:10:52:44 +0100] "GET / HTTP/1.1" 200 6505 "-" "Pingdom.com_bot_version_1.4_(http://www.pingdom.com)"
173.245.53.64 - - [31/Jul/2013:10:53:44 +0100] "GET / HTTP/1.1" 200 6505 "-" "Pingdom.com_bot_version_1.4_(http://www.pingdom.com)"
108.162.229.8 - - [31/Jul/2013:10:54:44 +0100] "GET / HTTP/1.1" 200 6505 "-" "Pingdom.com_bot_version_1.4_(http://www.pingdom.com)"
108.162.237.214 - - [31/Jul/2013:10:55:44 +0100] "GET / HTTP/1.1" 200 6505 "-" "Pingdom.com_bot_version_1.4_(http://www.pingdom.com)"
108.162.215.127 - - [31/Jul/2013:10:56:44 +0100] "GET / HTTP/1.1" 200 6505 "-" "Pingdom.com_bot_version_1.4_(http://www.pingdom.com)"
108.162.242.214 - - [31/Jul/2013:10:57:44 +0100] "GET / HTTP/1.1" 200 6505 "-" "Pingdom.com_bot_version_1.4_(http://www.pingdom.com)"
173.245.49.239 - - [31/Jul/2013:10:58:44 +0100] "GET / HTTP/1.1" 200 6505 "-" "Pingdom.com_bot_version_1.4_(http://www.pingdom.com)"
108.162.219.249 - - [31/Jul/2013:10:59:44 +0100] "GET / HTTP/1.1" 200 6505 "-" "Pingdom.com_bot_version_1.4_(http://www.pingdom.com)"
173.245.53.230 - - [31/Jul/2013:11:00:44 +0100] "GET / HTTP/1.1" 200 6505 "-" "Pingdom.com_bot_version_1.4_(http://www.pingdom.com)"
173.245.53.29 - - [31/Jul/2013:11:01:46 +0100] "GET / HTTP/1.1" 200 6505 "-" "Pingdom.com_bot_version_1.4_(http://www.pingdom.com)"
173.245.53.64 - - [31/Jul/2013:11:02:44 +0100] "GET / HTTP/1.1" 200 6505 "-" "Pingdom.com_bot_version_1.4_(http://www.pingdom.com)"
108.162.229.8 - - [31/Jul/2013:11:03:44 +0100] "GET / HTTP/1.1" 200 6505 "-" "Pingdom.com_bot_version_1.4_(http://www.pingdom.com)"
108.162.237.214 - - [31/Jul/2013:11:04:44 +0100] "GET / HTTP/1.1" 200 6505 "-" "Pingdom.com_bot_version_1.4_(http://www.pingdom.com)"
108.162.215.127 - - [31/Jul/2013:11:05:44 +0100] "GET / HTTP/1.1" 200 6505 "-" "Pingdom.com_bot_version_1.4_(http://www.pingdom.com)"
141.101.70.115 - - [31/Jul/2013:11:06:37 +0100] "GET /blog/categories/theme/ HTTP/1.1" 200 2146 "-" "Mozilla/5.0 (compatible; AhrefsBot/5.0; +http://ahrefs.com/robot/)"
108.162.242.214 - - [31/Jul/2013:11:06:44 +0100] "GET / HTTP/1.1" 200 6505 "-" "Pingdom.com_bot_version_1.4_(http://www.pingdom.com)"
173.245.49.239 - - [31/Jul/2013:11:07:44 +0100] "GET / HTTP/1.1" 200 6505 "-" "Pingdom.com_bot_version_1.4_(http://www.pingdom.com)"
199.27.128.127 - - [31/Jul/2013:11:07:49 +0100] "GET /atom.xml HTTP/1.1" 304 0 "-" "Feedly/1.0 (+http://www.feedly.com/fetcher.html; like FeedFetcher-Google)"
108.162.219.249 - - [31/Jul/2013:11:08:44 +0100] "GET / HTTP/1.1" 200 6505 "-" "Pingdom.com_bot_version_1.4_(http://www.pingdom.com)"
173.245.53.230 - - [31/Jul/2013:11:09:44 +0100] "GET / HTTP/1.1" 200 6505 "-" "Pingdom.com_bot_version_1.4_(http://www.pingdom.com)"
173.245.53.29 - - [31/Jul/2013:11:10:44 +0100] "GET / HTTP/1.1" 200 6505 "-" "Pingdom.com_bot_version_1.4_(http://www.pingdom.com)"
173.245.53.64 - - [31/Jul/2013:11:11:44 +0100] "GET / HTTP/1.1" 200 6505 "-" "Pingdom.com_bot_version_1.4_(http://www.pingdom.com)"
108.162.229.8 - - [31/Jul/2013:11:12:44 +0100] "GET / HTTP/1.1" 200 6505 "-" "Pingdom.com_bot_version_1.4_(http://www.pingdom.com)"
108.162.237.214 - - [31/Jul/2013:11:13:44 +0100] "GET / HTTP/1.1" 200 6505 "-" "Pingdom.com_bot_version_1.4_(http://www.pingdom.com)"
108.162.215.127 - - [31/Jul/2013:11:14:44 +0100] "GET / HTTP/1.1" 200 6505 "-" "Pingdom.com_bot_version_1.4_(http://www.pingdom.com)"
108.162.242.214 - - [31/Jul/2013:11:15:44 +0100] "GET / HTTP/1.1" 200 6505 "-" "Pingdom.com_bot_version_1.4_(http://www.pingdom.com)"
173.245.49.239 - - [31/Jul/2013:11:16:46 +0100] "GET / HTTP/1.1" 200 6505 "-" "Pingdom.com_bot_version_1.4_(http://www.pingdom.com)"
108.162.219.249 - - [31/Jul/2013:11:17:44 +0100] "GET / HTTP/1.1" 200 6505 "-" "Pingdom.com_bot_version_1.4_(http://www.pingdom.com)"
173.245.53.230 - - [31/Jul/2013:11:18:44 +0100] "GET / HTTP/1.1" 200 6505 "-" "Pingdom.com_bot_version_1.4_(http://www.pingdom.com)"
141.101.70.115 - - [31/Jul/2013:11:19:06 +0100] "GET /blog/categories/dyndns/ HTTP/1.1" 200 2170 "-" "Mozilla/5.0 (compatible; AhrefsBot/5.0; +http://ahrefs.com/robot/)"
173.245.53.29 - - [31/Jul/2013:11:19:44 +0100] "GET / HTTP/1.1" 200 6505 "-" "Pingdom.com_bot_version_1.4_(http://www.pingdom.com)"
173.245.53.64 - - [31/Jul/2013:11:20:44 +0100] "GET / HTTP/1.1" 200 6505 "-" "Pingdom.com_bot_version_1.4_(http://www.pingdom.com)"
108.162.229.8 - - [31/Jul/2013:11:21:44 +0100] "GET / HTTP/1.1" 200 6505 "-" "Pingdom.com_bot_version_1.4_(http://www.pingdom.com)"
108.162.237.214 - - [31/Jul/2013:11:22:44 +0100] "GET / HTTP/1.1" 200 6505 "-" "Pingdom.com_bot_version_1.4_(http://www.pingdom.com)"
108.162.215.127 - - [31/Jul/2013:11:23:44 +0100] "GET / HTTP/1.1" 200 6505 "-" "Pingdom.com_bot_version_1.4_(http://www.pingdom.com)"
108.162.242.214 - - [31/Jul/2013:11:24:44 +0100] "GET / HTTP/1.1" 200 6505 "-" "Pingdom.com_bot_version_1.4_(http://www.pingdom.com)"
173.245.49.239 - - [31/Jul/2013:11:25:45 +0100] "GET / HTTP/1.1" 200 6505 "-" "Pingdom.com_bot_version_1.4_(http://www.pingdom.com)"
108.162.219.249 - - [31/Jul/2013:11:26:44 +0100] "GET / HTTP/1.1" 200 6505 "-" "Pingdom.com_bot_version_1.4_(http://www.pingdom.com)"
173.245.53.230 - - [31/Jul/2013:11:27:44 +0100] "GET / HTTP/1.1" 200 6505 "-" "Pingdom.com_bot_version_1.4_(http://www.pingdom.com)"
173.245.53.29 - - [31/Jul/2013:11:28:44 +0100] "GET / HTTP/1.1" 200 6505 "-" "Pingdom.com_bot_version_1.4_(http://www.pingdom.com)"
173.245.53.64 - - [31/Jul/2013:11:29:44 +0100] "GET / HTTP/1.1" 200 6505 "-" "Pingdom.com_bot_version_1.4_(http://www.pingdom.com)"
108.162.229.8 - - [31/Jul/2013:11:30:46 +0100] "GET / HTTP/1.1" 200 6505 "-" "Pingdom.com_bot_version_1.4_(http://www.pingdom.com)"
108.162.237.214 - - [31/Jul/2013:11:31:44 +0100] "GET / HTTP/1.1" 200 6505 "-" "Pingdom.com_bot_version_1.4_(http://www.pingdom.com)"
108.162.215.127 - - [31/Jul/2013:11:32:44 +0100] "GET / HTTP/1.1" 200 6505 "-" "Pingdom.com_bot_version_1.4_(http://www.pingdom.com)"
108.162.242.214 - - [31/Jul/2013:11:33:44 +0100] "GET / HTTP/1.1" 200 6505 "-" "Pingdom.com_bot_version_1.4_(http://www.pingdom.com)"
173.245.49.239 - - [31/Jul/2013:11:34:44 +0100] "GET / HTTP/1.1" 200 6505 "-" "Pingdom.com_bot_version_1.4_(http://www.pingdom.com)"
108.162.219.249 - - [31/Jul/2013:11:35:44 +0100] "GET / HTTP/1.1" 200 6505 "-" "Pingdom.com_bot_version_1.4_(http://www.pingdom.com)"
173.245.53.230 - - [31/Jul/2013:11:36:44 +0100] "GET / HTTP/1.1" 200 6505 "-" "Pingdom.com_bot_version_1.4_(http://www.pingdom.com)"
141.101.80.201 - - [31/Jul/2013:11:36:56 +0100] "GET /atom.xml HTTP/1.1" 304 0 "-" "Feedfetcher-Google; (+http://www.google.com/feedfetcher.html; 2 subscribers; feed-id=2726769886677593079)"
173.245.53.29 - - [31/Jul/2013:11:37:44 +0100] "GET / HTTP/1.1" 200 6505 "-" "Pingdom.com_bot_version_1.4_(http://www.pingdom.com)"
173.245.53.64 - - [31/Jul/2013:11:38:44 +0100] "GET / HTTP/1.1" 200 6505 "-" "Pingdom.com_bot_version_1.4_(http://www.pingdom.com)"
108.162.229.8 - - [31/Jul/2013:11:39:49 +0100] "GET / HTTP/1.1" 200 6505 "-" "Pingdom.com_bot_version_1.4_(http://www.pingdom.com)"
108.162.237.214 - - [31/Jul/2013:11:40:44 +0100] "GET / HTTP/1.1" 200 6505 "-" "Pingdom.com_bot_version_1.4_(http://www.pingdom.com)"
108.162.215.127 - - [31/Jul/2013:11:41:44 +0100] "GET / HTTP/1.1" 200 6505 "-" "Pingdom.com_bot_version_1.4_(http://www.pingdom.com)"
108.162.242.214 - - [31/Jul/2013:11:42:45 +0100] "GET / HTTP/1.1" 200 6505 "-" "Pingdom.com_bot_version_1.4_(http://www.pingdom.com)"
173.245.49.239 - - [31/Jul/2013:11:43:44 +0100] "GET / HTTP/1.1" 200 6505 "-" "Pingdom.com_bot_version_1.4_(http://www.pingdom.com)"
108.162.219.248 - - [31/Jul/2013:11:44:21 +0100] "GET / HTTP/1.1" 200 6505 "-" "Mozilla/5.0 (Macintosh; Intel Mac OS X 10_8_4) AppleWebKit/537.36 (KHTML, like Gecko) Chrome/28.0.1500.71 Safari/537.36"
173.245.52.156 - - [31/Jul/2013:11:44:22 +0100] "GET /fancybox/jquery.fancybox.css HTTP/1.1" 404 198 "http://carmo.org.uk/" "Mozilla/5.0 (Macintosh; Intel Mac OS X 10_8_4) AppleWebKit/537.36 (KHTML, like Gecko) Chrome/28.0.1500.71 Safari/537.36"
108.162.219.154 - - [31/Jul/2013:11:44:22 +0100] "GET /stylesheets/screen.css HTTP/1.1" 200 29268 "http://carmo.org.uk/" "Mozilla/5.0 (Macintosh; Intel Mac OS X 10_8_4) AppleWebKit/537.36 (KHTML, like Gecko) Chrome/28.0.1500.71 Safari/537.36"
173.245.52.152 - - [31/Jul/2013:11:44:22 +0100] "GET /fancybox/jquery.fancybox.pack.js HTTP/1.1" 404 198 "http://carmo.org.uk/" "Mozilla/5.0 (Macintosh; Intel Mac OS X 10_8_4) AppleWebKit/537.36 (KHTML, like Gecko) Chrome/28.0.1500.71 Safari/537.36"
173.245.52.153 - - [31/Jul/2013:11:44:23 +0100] "GET /font/fontawesome-webfont.woff HTTP/1.1" 200 23416 "http://carmo.org.uk/" "Mozilla/5.0 (Macintosh; Intel Mac OS X 10_8_4) AppleWebKit/537.36 (KHTML, like Gecko) Chrome/28.0.1500.71 Safari/537.36"
108.162.219.153 - - [31/Jul/2013:11:44:23 +0100] "GET /javascripts/slash.js HTTP/1.1" 200 1786 "http://carmo.org.uk/" "Mozilla/5.0 (Macintosh; Intel Mac OS X 10_8_4) AppleWebKit/537.36 (KHTML, like Gecko) Chrome/28.0.1500.71 Safari/537.36"
108.162.219.152 - - [31/Jul/2013:11:44:23 +0100] "GET /javascripts/jquery.fancybox.pack.js HTTP/1.1" 200 17638 "http://carmo.org.uk/" "Mozilla/5.0 (Macintosh; Intel Mac OS X 10_8_4) AppleWebKit/537.36 (KHTML, like Gecko) Chrome/28.0.1500.71 Safari/537.36"
173.245.52.157 - - [31/Jul/2013:11:44:24 +0100] "GET /favicon.png HTTP/1.1" 200 957 "-" "Mozilla/5.0 (Macintosh; Intel Mac OS X 10_8_4) AppleWebKit/537.36 (KHTML, like Gecko) Chrome/28.0.1500.71 Safari/537.36"
108.162.219.249 - - [31/Jul/2013:11:44:44 +0100] "GET / HTTP/1.1" 200 6505 "-" "Pingdom.com_bot_version_1.4_(http://www.pingdom.com)"
173.245.53.230 - - [31/Jul/2013:11:45:44 +0100] "GET / HTTP/1.1" 200 6505 "-" "Pingdom.com_bot_version_1.4_(http://www.pingdom.com)"
173.245.53.29 - - [31/Jul/2013:11:46:44 +0100] "GET / HTTP/1.1" 200 6505 "-" "Pingdom.com_bot_version_1.4_(http://www.pingdom.com)"
173.245.53.64 - - [31/Jul/2013:11:47:44 +0100] "GET / HTTP/1.1" 200 6505 "-" "Pingdom.com_bot_version_1.4_(http://www.pingdom.com)"
108.162.229.8 - - [31/Jul/2013:11:48:44 +0100] "GET / HTTP/1.1" 200 6505 "-" "Pingdom.com_bot_version_1.4_(http://www.pingdom.com)"
108.162.237.214 - - [31/Jul/2013:11:49:44 +0100] "GET / HTTP/1.1" 200 6505 "-" "Pingdom.com_bot_version_1.4_(http://www.pingdom.com)"
108.162.215.127 - - [31/Jul/2013:11:50:44 +0100] "GET / HTTP/1.1" 200 6505 "-" "Pingdom.com_bot_version_1.4_(http://www.pingdom.com)"
108.162.242.214 - - [31/Jul/2013:11:51:44 +0100] "GET / HTTP/1.1" 200 6505 "-" "Pingdom.com_bot_version_1.4_(http://www.pingdom.com)"
173.245.49.239 - - [31/Jul/2013:11:52:45 +0100] "GET / HTTP/1.1" 200 6505 "-" "Pingdom.com_bot_version_1.4_(http://www.pingdom.com)"
141.101.70.115 - - [31/Jul/2013:11:53:10 +0100] "GET /lego-stormtrooper+copy/ HTTP/1.1" 404 142 "-" "Mozilla/5.0 (compatible; AhrefsBot/5.0; +http://ahrefs.com/robot/)"
108.162.219.249 - - [31/Jul/2013:11:53:44 +0100] "GET / HTTP/1.1" 200 6505 "-" "Pingdom.com_bot_version_1.4_(http://www.pingdom.com)"
173.245.53.230 - - [31/Jul/2013:11:54:44 +0100] "GET / HTTP/1.1" 200 6505 "-" "Pingdom.com_bot_version_1.4_(http://www.pingdom.com)"
173.245.53.29 - - [31/Jul/2013:11:55:45 +0100] "GET / HTTP/1.1" 200 6505 "-" "Pingdom.com_bot_version_1.4_(http://www.pingdom.com)"
173.245.53.64 - - [31/Jul/2013:11:56:44 +0100] "GET / HTTP/1.1" 200 6505 "-" "Pingdom.com_bot_version_1.4_(http://www.pingdom.com)"
108.162.229.8 - - [31/Jul/2013:11:57:44 +0100] "GET / HTTP/1.1" 200 6505 "-" "Pingdom.com_bot_version_1.4_(http://www.pingdom.com)"
108.162.237.214 - - [31/Jul/2013:11:58:44 +0100] "GET / HTTP/1.1" 200 6505 "-" "Pingdom.com_bot_version_1.4_(http://www.pingdom.com)"
108.162.215.127 - - [31/Jul/2013:11:59:44 +0100] "GET / HTTP/1.1" 200 6505 "-" "Pingdom.com_bot_version_1.4_(http://www.pingdom.com)"
108.162.242.214 - - [31/Jul/2013:12:00:44 +0100] "GET / HTTP/1.1" 200 6505 "-" "Pingdom.com_bot_version_1.4_(http://www.pingdom.com)"
173.245.49.239 - - [31/Jul/2013:12:01:45 +0100] "GET / HTTP/1.1" 200 6505 "-" "Pingdom.com_bot_version_1.4_(http://www.pingdom.com)"
108.162.219.249 - - [31/Jul/2013:12:02:44 +0100] "GET / HTTP/1.1" 200 6505 "-" "Pingdom.com_bot_version_1.4_(http://www.pingdom.com)"
173.245.53.230 - - [31/Jul/2013:12:03:44 +0100] "GET / HTTP/1.1" 200 6505 "-" "Pingdom.com_bot_version_1.4_(http://www.pingdom.com)"
173.245.53.29 - - [31/Jul/2013:12:04:44 +0100] "GET / HTTP/1.1" 200 6505 "-" "Pingdom.com_bot_version_1.4_(http://www.pingdom.com)"
173.245.53.64 - - [31/Jul/2013:12:05:44 +0100] "GET / HTTP/1.1" 200 6505 "-" "Pingdom.com_bot_version_1.4_(http://www.pingdom.com)"
108.162.229.8 - - [31/Jul/2013:12:06:44 +0100] "GET / HTTP/1.1" 200 6505 "-" "Pingdom.com_bot_version_1.4_(http://www.pingdom.com)"
108.162.237.214 - - [31/Jul/2013:12:07:44 +0100] "GET / HTTP/1.1" 200 6505 "-" "Pingdom.com_bot_version_1.4_(http://www.pingdom.com)"
108.162.215.127 - - [31/Jul/2013:12:08:44 +0100] "GET / HTTP/1.1" 200 6505 "-" "Pingdom.com_bot_version_1.4_(http://www.pingdom.com)"
108.162.242.214 - - [31/Jul/2013:12:09:44 +0100] "GET / HTTP/1.1" 200 6505 "-" "Pingdom.com_bot_version_1.4_(http://www.pingdom.com)"
141.101.80.198 - - [31/Jul/2013:12:10:12 +0100] "GET /robots.txt HTTP/1.1" 200 67 "-" "Mozilla/5.0 (compatible; Googlebot/2.1; +http://www.google.com/bot.html)"
141.101.80.198 - - [31/Jul/2013:12:10:12 +0100] "GET /atom.xml HTTP/1.1" 200 13944 "-" "Mozilla/5.0 (compatible; Googlebot/2.1; +http://www.google.com/bot.html)"
173.245.49.239 - - [31/Jul/2013:12:10:47 +0100] "GET / HTTP/1.1" 200 6505 "-" "Pingdom.com_bot_version_1.4_(http://www.pingdom.com)"
108.162.219.249 - - [31/Jul/2013:12:11:44 +0100] "GET / HTTP/1.1" 200 6505 "-" "Pingdom.com_bot_version_1.4_(http://www.pingdom.com)"
173.245.53.230 - - [31/Jul/2013:12:12:44 +0100] "GET / HTTP/1.1" 200 6505 "-" "Pingdom.com_bot_version_1.4_(http://www.pingdom.com)"
173.245.53.29 - - [31/Jul/2013:12:13:44 +0100] "GET / HTTP/1.1" 200 6505 "-" "Pingdom.com_bot_version_1.4_(http://www.pingdom.com)"
173.245.53.64 - - [31/Jul/2013:12:14:44 +0100] "GET / HTTP/1.1" 200 6505 "-" "Pingdom.com_bot_version_1.4_(http://www.pingdom.com)"
173.245.49.247 - - [31/Jul/2013:12:15:44 +0100] "GET / HTTP/1.1" 200 6505 "-" "Pingdom.com_bot_version_1.4_(http://www.pingdom.com)"
108.162.237.214 - - [31/Jul/2013:12:16:44 +0100] "GET / HTTP/1.1" 200 6505 "-" "Pingdom.com_bot_version_1.4_(http://www.pingdom.com)"
108.162.215.127 - - [31/Jul/2013:12:17:44 +0100] "GET / HTTP/1.1" 200 6505 "-" "Pingdom.com_bot_version_1.4_(http://www.pingdom.com)"
108.162.242.214 - - [31/Jul/2013:12:18:44 +0100] "GET / HTTP/1.1" 200 6505 "-" "Pingdom.com_bot_version_1.4_(http://www.pingdom.com)"
173.245.49.239 - - [31/Jul/2013:12:19:44 +0100] "GET / HTTP/1.1" 200 6505 "-" "Pingdom.com_bot_version_1.4_(http://www.pingdom.com)"
108.162.219.249 - - [31/Jul/2013:12:20:44 +0100] "GET / HTTP/1.1" 200 6505 "-" "Pingdom.com_bot_version_1.4_(http://www.pingdom.com)"
173.245.53.230 - - [31/Jul/2013:12:21:44 +0100] "GET / HTTP/1.1" 200 6505 "-" "Pingdom.com_bot_version_1.4_(http://www.pingdom.com)"
173.245.53.29 - - [31/Jul/2013:12:22:44 +0100] "GET / HTTP/1.1" 200 6505 "-" "Pingdom.com_bot_version_1.4_(http://www.pingdom.com)"
173.245.53.64 - - [31/Jul/2013:12:23:45 +0100] "GET / HTTP/1.1" 200 6505 "-" "Pingdom.com_bot_version_1.4_(http://www.pingdom.com)"
108.162.229.8 - - [31/Jul/2013:12:24:44 +0100] "GET / HTTP/1.1" 200 6505 "-" "Pingdom.com_bot_version_1.4_(http://www.pingdom.com)"
108.162.237.214 - - [31/Jul/2013:12:25:44 +0100] "GET / HTTP/1.1" 200 6505 "-" "Pingdom.com_bot_version_1.4_(http://www.pingdom.com)"
108.162.215.127 - - [31/Jul/2013:12:26:44 +0100] "GET / HTTP/1.1" 200 6505 "-" "Pingdom.com_bot_version_1.4_(http://www.pingdom.com)"
108.162.242.214 - - [31/Jul/2013:12:27:44 +0100] "GET / HTTP/1.1" 200 6505 "-" "Pingdom.com_bot_version_1.4_(http://www.pingdom.com)"
173.245.49.239 - - [31/Jul/2013:12:28:44 +0100] "GET / HTTP/1.1" 200 6505 "-" "Pingdom.com_bot_version_1.4_(http://www.pingdom.com)"
108.162.219.249 - - [31/Jul/2013:12:29:44 +0100] "GET / HTTP/1.1" 200 6505 "-" "Pingdom.com_bot_version_1.4_(http://www.pingdom.com)"
141.101.80.201 - - [31/Jul/2013:12:29:56 +0100] "GET /atom.xml HTTP/1.1" 304 0 "-" "Feedfetcher-Google; (+http://www.google.com/feedfetcher.html; 2 subscribers; feed-id=2726769886677593079)"
173.245.53.230 - - [31/Jul/2013:12:30:44 +0100] "GET / HTTP/1.1" 200 6505 "-" "Pingdom.com_bot_version_1.4_(http://www.pingdom.com)"
173.245.53.29 - - [31/Jul/2013:12:31:44 +0100] "GET / HTTP/1.1" 200 6505 "-" "Pingdom.com_bot_version_1.4_(http://www.pingdom.com)"
173.245.53.64 - - [31/Jul/2013:12:32:44 +0100] "GET / HTTP/1.1" 200 6505 "-" "Pingdom.com_bot_version_1.4_(http://www.pingdom.com)"
108.162.229.8 - - [31/Jul/2013:12:33:44 +0100] "GET / HTTP/1.1" 200 6505 "-" "Pingdom.com_bot_version_1.4_(http://www.pingdom.com)"
108.162.237.214 - - [31/Jul/2013:12:34:44 +0100] "GET / HTTP/1.1" 200 6505 "-" "Pingdom.com_bot_version_1.4_(http://www.pingdom.com)"
108.162.215.127 - - [31/Jul/2013:12:35:44 +0100] "GET / HTTP/1.1" 200 6505 "-" "Pingdom.com_bot_version_1.4_(http://www.pingdom.com)"
108.162.242.214 - - [31/Jul/2013:12:36:44 +0100] "GET / HTTP/1.1" 200 6505 "-" "Pingdom.com_bot_version_1.4_(http://www.pingdom.com)"
173.245.49.239 - - [31/Jul/2013:12:37:44 +0100] "GET / HTTP/1.1" 200 6505 "-" "Pingdom.com_bot_version_1.4_(http://www.pingdom.com)"
108.162.219.249 - - [31/Jul/2013:12:38:44 +0100] "GET / HTTP/1.1" 200 6505 "-" "Pingdom.com_bot_version_1.4_(http://www.pingdom.com)"
173.245.49.240 - - [31/Jul/2013:12:39:41 +0100] "GET /fancybox/jquery.fancybox.css HTTP/1.1" 404 198 "http://carmo.org.uk/cleanpress-octopress-theme/" "Mozilla/5.0 (Windows NT 6.2; WOW64) AppleWebKit/537.36 (KHTML, like Gecko) Chrome/30.0.1581.2 Safari/537.36"
173.245.53.230 - - [31/Jul/2013:12:39:44 +0100] "GET / HTTP/1.1" 200 6505 "-" "Pingdom.com_bot_version_1.4_(http://www.pingdom.com)"
173.245.49.241 - - [31/Jul/2013:12:39:46 +0100] "GET /fancybox/jquery.fancybox.pack.js HTTP/1.1" 404 198 "http://carmo.org.uk/cleanpress-octopress-theme/" "Mozilla/5.0 (Windows NT 6.2; WOW64) AppleWebKit/537.36 (KHTML, like Gecko) Chrome/30.0.1581.2 Safari/537.36"
173.245.53.29 - - [31/Jul/2013:12:40:44 +0100] "GET / HTTP/1.1" 200 6505 "-" "Pingdom.com_bot_version_1.4_(http://www.pingdom.com)"
141.101.70.115 - - [31/Jul/2013:12:41:18 +0100] "GET /blog/categories/photography/ HTTP/1.1" 200 2326 "-" "Mozilla/5.0 (compatible; AhrefsBot/5.0; +http://ahrefs.com/robot/)"
173.245.53.64 - - [31/Jul/2013:12:41:44 +0100] "GET / HTTP/1.1" 200 6505 "-" "Pingdom.com_bot_version_1.4_(http://www.pingdom.com)"
108.162.229.8 - - [31/Jul/2013:12:42:44 +0100] "GET / HTTP/1.1" 200 6505 "-" "Pingdom.com_bot_version_1.4_(http://www.pingdom.com)"
108.162.237.214 - - [31/Jul/2013:12:43:44 +0100] "GET / HTTP/1.1" 200 6505 "-" "Pingdom.com_bot_version_1.4_(http://www.pingdom.com)"
108.162.215.127 - - [31/Jul/2013:12:44:44 +0100] "GET / HTTP/1.1" 200 6505 "-" "Pingdom.com_bot_version_1.4_(http://www.pingdom.com)"
108.162.242.214 - - [31/Jul/2013:12:45:44 +0100] "GET / HTTP/1.1" 200 6505 "-" "Pingdom.com_bot_version_1.4_(http://www.pingdom.com)"
141.101.85.217 - - [31/Jul/2013:12:46:13 +0100] "GET / HTTP/1.1" 200 6505 "-" "Mozilla/5.0 (Macintosh; Intel Mac OS X 10_8_4) AppleWebKit/537.36 (KHTML, like Gecko) Chrome/28.0.1500.95 Safari/537.36"
141.101.85.217 - - [31/Jul/2013:12:46:14 +0100] "GET /fancybox/jquery.fancybox.css HTTP/1.1" 404 198 "http://carmo.org.uk/" "Mozilla/5.0 (Macintosh; Intel Mac OS X 10_8_4) AppleWebKit/537.36 (KHTML, like Gecko) Chrome/28.0.1500.95 Safari/537.36"
141.101.85.217 - - [31/Jul/2013:12:46:15 +0100] "GET /stylesheets/screen.css HTTP/1.1" 200 29268 "http://carmo.org.uk/" "Mozilla/5.0 (Macintosh; Intel Mac OS X 10_8_4) AppleWebKit/537.36 (KHTML, like Gecko) Chrome/28.0.1500.95 Safari/537.36"
141.101.85.198 - - [31/Jul/2013:12:46:15 +0100] "GET /fancybox/jquery.fancybox.pack.js HTTP/1.1" 404 198 "http://carmo.org.uk/" "Mozilla/5.0 (Macintosh; Intel Mac OS X 10_8_4) AppleWebKit/537.36 (KHTML, like Gecko) Chrome/28.0.1500.95 Safari/537.36"
141.101.85.218 - - [31/Jul/2013:12:46:16 +0100] "GET /font/fontawesome-webfont.woff HTTP/1.1" 200 23416 "http://carmo.org.uk/" "Mozilla/5.0 (Macintosh; Intel Mac OS X 10_8_4) AppleWebKit/537.36 (KHTML, like Gecko) Chrome/28.0.1500.95 Safari/537.36"
141.101.84.218 - - [31/Jul/2013:12:46:16 +0100] "GET /javascripts/jquery.fancybox.pack.js HTTP/1.1" 200 17638 "http://carmo.org.uk/" "Mozilla/5.0 (Macintosh; Intel Mac OS X 10_8_4) AppleWebKit/537.36 (KHTML, like Gecko) Chrome/28.0.1500.95 Safari/537.36"
141.101.85.217 - - [31/Jul/2013:12:46:17 +0100] "GET /javascripts/slash.js HTTP/1.1" 200 1786 "http://carmo.org.uk/" "Mozilla/5.0 (Macintosh; Intel Mac OS X 10_8_4) AppleWebKit/537.36 (KHTML, like Gecko) Chrome/28.0.1500.95 Safari/537.36"
141.101.85.198 - - [31/Jul/2013:12:46:21 +0100] "GET /favicon.png HTTP/1.1" 200 957 "-" "Mozilla/5.0 (Macintosh; Intel Mac OS X 10_8_4) AppleWebKit/537.36 (KHTML, like Gecko) Chrome/28.0.1500.95 Safari/537.36"
173.245.49.239 - - [31/Jul/2013:12:46:44 +0100] "GET / HTTP/1.1" 200 6505 "-" "Pingdom.com_bot_version_1.4_(http://www.pingdom.com)"
108.162.219.249 - - [31/Jul/2013:12:47:44 +0100] "GET / HTTP/1.1" 200 6505 "-" "Pingdom.com_bot_version_1.4_(http://www.pingdom.com)"
173.245.53.230 - - [31/Jul/2013:12:48:44 +0100] "GET / HTTP/1.1" 200 6505 "-" "Pingdom.com_bot_version_1.4_(http://www.pingdom.com)"
173.245.53.29 - - [31/Jul/2013:12:49:44 +0100] "GET / HTTP/1.1" 200 6505 "-" "Pingdom.com_bot_version_1.4_(http://www.pingdom.com)"
173.245.53.64 - - [31/Jul/2013:12:50:44 +0100] "GET / HTTP/1.1" 200 6505 "-" "Pingdom.com_bot_version_1.4_(http://www.pingdom.com)"
108.162.229.8 - - [31/Jul/2013:12:51:44 +0100] "GET / HTTP/1.1" 200 6505 "-" "Pingdom.com_bot_version_1.4_(http://www.pingdom.com)"
108.162.237.214 - - [31/Jul/2013:12:52:44 +0100] "GET / HTTP/1.1" 200 6505 "-" "Pingdom.com_bot_version_1.4_(http://www.pingdom.com)"
108.162.215.127 - - [31/Jul/2013:12:53:44 +0100] "GET / HTTP/1.1" 200 6505 "-" "Pingdom.com_bot_version_1.4_(http://www.pingdom.com)"
173.245.48.148 - - [31/Jul/2013:12:54:36 +0100] "GET / HTTP/1.1" 200 6505 "-" "Mozilla/5.0 (Windows NT 6.1) AppleWebKit/537.36 (KHTML, like Gecko) Chrome/27.0.1453.94 Safari/537.36"
173.245.48.147 - - [31/Jul/2013:12:54:37 +0100] "GET /fancybox/jquery.fancybox.css HTTP/1.1" 404 198 "http://carmo.org.uk/" "Mozilla/5.0 (Windows NT 6.1) AppleWebKit/537.36 (KHTML, like Gecko) Chrome/27.0.1453.94 Safari/537.36"
108.162.215.145 - - [31/Jul/2013:12:54:37 +0100] "GET /stylesheets/screen.css HTTP/1.1" 200 29268 "http://carmo.org.uk/" "Mozilla/5.0 (Windows NT 6.1) AppleWebKit/537.36 (KHTML, like Gecko) Chrome/27.0.1453.94 Safari/537.36"
173.245.48.143 - - [31/Jul/2013:12:54:40 +0100] "GET /fancybox/jquery.fancybox.pack.js HTTP/1.1" 404 198 "http://carmo.org.uk/" "Mozilla/5.0 (Windows NT 6.1) AppleWebKit/537.36 (KHTML, like Gecko) Chrome/27.0.1453.94 Safari/537.36"
173.245.48.144 - - [31/Jul/2013:12:54:41 +0100] "GET /font/fontawesome-webfont.woff HTTP/1.1" 200 23416 "http://carmo.org.uk/" "Mozilla/5.0 (Windows NT 6.1) AppleWebKit/537.36 (KHTML, like Gecko) Chrome/27.0.1453.94 Safari/537.36"
108.162.215.144 - - [31/Jul/2013:12:54:41 +0100] "GET /javascripts/slash.js HTTP/1.1" 200 1786 "http://carmo.org.uk/" "Mozilla/5.0 (Windows NT 6.1) AppleWebKit/537.36 (KHTML, like Gecko) Chrome/27.0.1453.94 Safari/537.36"
108.162.215.143 - - [31/Jul/2013:12:54:42 +0100] "GET /javascripts/jquery.fancybox.pack.js HTTP/1.1" 200 17638 "http://carmo.org.uk/" "Mozilla/5.0 (Windows NT 6.1) AppleWebKit/537.36 (KHTML, like Gecko) Chrome/27.0.1453.94 Safari/537.36"
108.162.242.214 - - [31/Jul/2013:12:54:44 +0100] "GET / HTTP/1.1" 200 6505 "-" "Pingdom.com_bot_version_1.4_(http://www.pingdom.com)"
141.101.70.115 - - [31/Jul/2013:12:55:08 +0100] "GET /portfolio HTTP/1.1" 301 184 "-" "Mozilla/5.0 (compatible; AhrefsBot/5.0; +http://ahrefs.com/robot/)"
173.245.49.239 - - [31/Jul/2013:12:55:49 +0100] "GET / HTTP/1.1" 200 6505 "-" "Pingdom.com_bot_version_1.4_(http://www.pingdom.com)"
108.162.219.249 - - [31/Jul/2013:12:56:44 +0100] "GET / HTTP/1.1" 200 6505 "-" "Pingdom.com_bot_version_1.4_(http://www.pingdom.com)"
173.245.53.230 - - [31/Jul/2013:12:57:44 +0100] "GET / HTTP/1.1" 200 6505 "-" "Pingdom.com_bot_version_1.4_(http://www.pingdom.com)"
173.245.53.29 - - [31/Jul/2013:12:58:45 +0100] "GET / HTTP/1.1" 200 6505 "-" "Pingdom.com_bot_version_1.4_(http://www.pingdom.com)"
173.245.53.64 - - [31/Jul/2013:12:59:44 +0100] "GET / HTTP/1.1" 200 6505 "-" "Pingdom.com_bot_version_1.4_(http://www.pingdom.com)"
